warning: `VIRTUAL_ENV=/home/ITER/mcintos/Code/reckon/.venv` does not match the project environment path `/home/ITER/mcintos/Code/nova/.venv` and will be ignored; use `--active` to target the active environment instead
10:14:57 INFO     Parsing data dictionary version 3.39.0 [90m@dd_zip.py:89[0m
INFO:imas.dd_zip:Parsing data dictionary version 3.39.0
throat-sector adaptive check complete
Traceback (most recent call last):
  File "scripts/saddle_gap_check/measure_saddle_gap.py", line 814, in <module>
    main()
    ~~~~^^
  File "scripts/saddle_gap_check/measure_saddle_gap.py", line 468, in main
    adaptive_sector, adaptive_radial_error, adaptive_history = adaptive_sector_currents(
                                                               ~~~~~~~~~~~~~~~~~~~~~~~~^
        case,
        ^^^^^
    ...<3 lines>...
        angular_order=8,
        ^^^^^^^^^^^^^^^^
    )
    ^
  File "scripts/saddle_gap_check/measure_saddle_gap.py", line 289, in adaptive_sector_currents
    raise AssertionError("adaptive radial panel refinement did not converge")
AssertionError: adaptive radial panel refinement did not converge
