revision=300d9de58f772e1e1dcfafa98aa8a4ad7d427a55 tree=. command=/home/ITER/mcintos/Code/nova/.venv/bin/python -m pytest -p no:cacheprovider tests/equilibrium/test_topology_read.py::test_topology_membership_regular_cell_measure\[limited\] -vv -rP --timeout 1200 
RAW_SHA256=1a91a95ad72350d35fb9846c03aad561b415c1261b7e866b4524fe2e5a32fee8 RAW_PATH=/home/ITER/mcintos/.config/reckon/crew/runs/r-20261005T163955173721-cfs-topology-read/h200-regular-cell-split.raw.log
NOVA_LANE_START=2026-10-05T21:08:05+0200
PLACEMENT=submit
RUNG=h200
SLURM_JOB_ID=1281080
SLURM_JOB_PARTITION=betelgeuse
SOURCE_REVISION=300d9de58f772e1e1dcfafa98aa8a4ad7d427a55
REPOSITORY_ROOT=.
PYTHON=/home/ITER/mcintos/Code/nova/.venv/bin/python
PYTHONPATH=.:scripts/h200_test_lane
JAX_PLATFORMS=cuda,cpu
TMPDIR=/tmp
MODE=pytest
PYTEST_TIMEOUT=1200
COMMAND=/home/ITER/mcintos/Code/nova/.venv/bin/python -m pytest -p no:cacheprovider tests/equilibrium/test_topology_read.py::test_topology_membership_regular_cell_measure\[limited\] -vv -rP --timeout 1200 
CACHE_GUARD_DIRECTORY=/work/projects/imas_gpu/sophelio/jax-cache/nova-prewarm/nova/jax-compilation/runtime-7b315420b55b91bffb05
CACHE_GUARD_ROOT=/work/projects/imas_gpu/sophelio/jax-cache/nova-prewarm
CACHE_GUARD_SERVED=/work/projects/imas_gpu/sophelio/jax-cache/nova-prewarm/nova/jax-compilation/runtime-7b315420b55b91bffb05
CACHE_GUARD_CACHE_ENABLED=/work/projects/imas_gpu/sophelio/jax-cache/nova-prewarm/nova/jax-compilation/runtime-7b315420b55b91bffb05
CACHE_GUARD_VERSION_KEY=
CACHE_GUARD_MISS_BUDGET=not-enforced
PINNED_REVISION=eb565ed4cd2cf248c1996df5b6171b9e22bd9fce
PINNED_REVISION_MISMATCH pinned=eb565ed4cd2cf248c1996df5b6171b9e22bd9fce serving=300d9de58f772e1e1dcfafa98aa8a4ad7d427a55
the served directory was compiled for another revision, so a miss is a pin problem rather than a timing result
CACHE_GUARD_DIRECTORY=/work/projects/imas_gpu/sophelio/jax-cache/nova-prewarm/nova/jax-compilation/runtime-7b315420b55b91bffb05
CACHE_GUARD_ROOT=/work/projects/imas_gpu/sophelio/jax-cache/nova-prewarm
CACHE_GUARD_SERVED=/work/projects/imas_gpu/sophelio/jax-cache/nova-prewarm/nova/jax-compilation/runtime-7b315420b55b91bffb05
CACHE_GUARD_CACHE_ENABLED=/work/projects/imas_gpu/sophelio/jax-cache/nova-prewarm/nova/jax-compilation/runtime-7b315420b55b91bffb05
CACHE_GUARD_VERSION_KEY=
CACHE_GUARD_MISS_BUDGET=not-enforced
============================= test session starts ==============================
platform linux -- Python 3.14.2, pytest-9.1.1, pluggy-1.6.0 -- /home/ITER/mcintos/Code/nova/.venv/bin/python
rootdir: .
configfile: pyproject.toml
plugins: anyio-4.14.2, zarr-3.2.1, asyncio-1.4.0, timeout-2.4.0, typeguard-2.13.3, jaxtyping-0.3.11, xdist-3.8.0, cov-7.1.0
asyncio: mode=Mode.AUTO, debug=False, asyncio_default_fixture_loop_scope=function, asyncio_default_test_loop_scope=function
timeout: 1200.0s
timeout method: signal
timeout func_only: False
collecting ... 21:08:45 INFO     Parsing data dictionary version 4.1.1 [90m@dd_zip.py:89[0m
collected 1 item

tests/equilibrium/test_topology_read.py::test_topology_membership_regular_cell_measure[limited] FAILED [100%]CACHE_GUARD_MARKER=pre-warm-run misses=6 budget=not-enforced
CACHE_GUARD_RECEIPT={"cache_directory": "/work/projects/imas_gpu/sophelio/jax-cache/nova-prewarm/nova/jax-compilation/runtime-7b315420b55b91bffb05", "compile_seconds": 0.0, "enforced": false, "hits": 82, "marker": "pre-warm-run misses=6 budget=not-enforced", "miss_budget": null, "misses": 6, "rows": [{"cache_key": "jit_add-f54441b57c73d740957de5b773ce2d5f0f859efc464319f6fdfcb86a5fea29ea", "cached_compile_seconds": 0.0, "hits": 1, "misses": 0, "program": ""}, {"cache_key": "jit_broadcast_in_dim-3e8de69e13e951c7742b57dc855ca377a0133cfc4cad91bcb99f6e432c7e1e94", "cached_compile_seconds": 0.0, "hits": 1, "misses": 0, "program": ""}, {"cache_key": "jit_convert_element_type-152890903a9591d37264d23b722c0781ef71edd6fad34a342dbf93b61d07ab8a", "cached_compile_seconds": 0.0, "hits": 1, "misses": 0, "program": ""}, {"cache_key": "jit_convert_element_type-32c3ce0590cedda89feafa0f4a03f8cbfaed0ef67f864f707079a6524f96bf08", "cached_compile_seconds": 0.0, "hits": 1, "misses": 0, "program": ""}, {"cache_key": "jit_convert_element_type-96932d5dc932bef41ec61d8daf7c0a4e3f6cf83f8dd7ceeb1f7001a31dd893f6", "cached_compile_seconds": 0.0, "hits": 1, "misses": 0, "program": ""}, {"cache_key": "jit_convert_element_type-bda6570e2f2a2b182074a8435a85a3721ea648f19e83409ca741daef27fe95c3", "cached_compile_seconds": 0.0, "hits": 1, "misses": 0, "program": ""}, {"cache_key": "jit_divmod-6c78b92c30b686aa79a8781d4de9ca4eb287e1f0c4a9c3317777360bc927e96f", "cached_compile_seconds": 0.0, "hits": 1, "misses": 0, "program": ""}, {"cache_key": "jit_dynamic_slice-0178471a83bea583d71a330f65fb638af087d9ad74262047dfbf4fc61f4fa276", "cached_compile_seconds": 0.0, "hits": 1, "misses": 0, "program": ""}, {"cache_key": "jit_dynamic_slice-12c849c7d4c2f37373f72aca602da3249567414a51ff6f761e42b9e36fd5a839", "cached_compile_seconds": 0.0, "hits": 1, "misses": 0, "program": ""}, {"cache_key": "jit_dynamic_slice-229e3eac8f38404f7eed4958955c528c92c115c93ec17289cf448e1ad45f9d79", "compile_seconds": 0.0, "hits": 0, "misses": 1, "program": "jit_dynamic_slice"}, {"cache_key": "jit_dynamic_slice-36f92c1e35c4a0f19ce0ff447b2c0917beebbbbd4e7bc0204b58b18e443bcc91", "cached_compile_seconds": 0.0, "hits": 1, "misses": 0, "program": ""}, {"cache_key": "jit_dynamic_slice-619b5725ac214d6331d5a346389ff74c543ec039687f69a6ae7e6ec687e2abf9", "compile_seconds": 0.0, "hits": 0, "misses": 1, "program": "jit_dynamic_slice"}, {"cache_key": "jit_dynamic_slice-65f49083e8d2f00de299a3af3fc0aa853577a2d7a593b8fe36dffd6d44e44fed", "cached_compile_seconds": 0.0, "hits": 1, "misses": 0, "program": ""}, {"cache_key": "jit_dynamic_slice-75010eef29fa17c09ac0ac8564676332a08175166c0ca4601fcb7d8e7a099df6", "cached_compile_seconds": 0.0, "hits": 1, "misses": 0, "program": ""}, {"cache_key": "jit_dynamic_slice-7f8d7593eb7616a7cdcfb3872d700fa2b88956fbe75c5775ebfe21c5ccf7f534", "cached_compile_seconds": 0.0, "hits": 1, "misses": 0, "program": ""}, {"cache_key": "jit_dynamic_slice-8d194afc0e56f7e213b7968eb24877156e97d1c3e0d20d586ac79d4f64b4e038", "compile_seconds": 0.0, "hits": 0, "misses": 1, "program": "jit_dynamic_slice"}, {"cache_key": "jit_dynamic_slice-98cbeab8f5c4053ec956b4d5dab56666677590b147120019b39911c75d73571d", "cached_compile_seconds": 0.0, "hits": 1, "misses": 0, "program": ""}, {"cache_key": "jit_dynamic_slice-9d87b18b5ee257a7b8f11aa0a255bbc3023bcfa132ef2582d3af3520b6a71718", "cached_compile_seconds": 0.0, "hits": 1, "misses": 0, "program": ""}, {"cache_key": "jit_dynamic_slice-c9a10e3535b113ded7714e919c103530feafc3aa7f5a633db0fe7dc0d61e8fe4", "compile_seconds": 0.0, "hits": 0, "misses": 1, "program": "jit_dynamic_slice"}, {"cache_key": "jit_integer_pow-72e0fa4eb8d3ce538379a992265996b1c6b435b1ba0233bb67e18f7b63e9f7ca", "cached_compile_seconds": 0.0, "hits": 1, "misses": 0, "program": ""}, {"cache_key": "jit_integer_pow-c5c79f857172b8e572570f043ec98f6161051931f84867d9cb65d8a6039c6be0", "cached_compile_seconds": 0.0, "hits": 1, "misses": 0, "program": ""}, {"cache_key": "jit_less-3880eac6db549faf046731bf9ddc2f46a3f725e15024ec13fa84c51ab34f7b63", "cached_compile_seconds": 0.0, "hits": 1, "misses": 0, "program": ""}, {"cache_key": "jit_multiply-4602b6de425764bd2fa9e0461e51f53289fca4dcffa33f44b4e92a72c94b0595", "cached_compile_seconds": 0.0, "hits": 1, "misses": 0, "program": ""}, {"cache_key": "jit_multiply-49fb3c8df8baae16d20af73bed1a7b0bd3fbd75331c1e4a2b8297126c0b0d957", "cached_compile_seconds": 0.0, "hits": 1, "misses": 0, "program": ""}, {"cache_key": "jit_multiply-8556b47fc4f597c752af03060d13905f7b7d05c963b4fa92fa585732277a6550", "cached_compile_seconds": 0.0, "hits": 1, "misses": 0, "program": ""}, {"cache_key": "jit_multiply-9d82882b92f4ab2118981f79d6fcd56f78f3d8f74592614b35cb2993de1dd92c", "cached_compile_seconds": 0.0, "hits": 1, "misses": 0, "program": ""}, {"cache_key": "jit_read-01492e716f3b13effe4cee3ff2724484b09b3dc522602a29d31678206ed478b4", "cached_compile_seconds": 3.0, "hits": 1, "misses": 0, "program": ""}, {"cache_key": "jit_read-501d40eedcb6f41a3829378f7c5711849f91525636d73ec4780ebdcc8dce2a19", "cached_compile_seconds": 4.0, "hits": 1, "misses": 0, "program": ""}, {"cache_key": "jit_read-7c5c6bcab600e436e9c7ace12886869088ab13540c81a4b61103e77f46f8436d", "cached_compile_seconds": 5.0, "hits": 1, "misses": 0, "program": ""}, {"cache_key": "jit_read-b9254b3d1e4cee69d07c0aa1cae717ad9e0bd9e609a17b7265e4cbdf87238321", "cached_compile_seconds": 3.0, "hits": 1, "misses": 0, "program": ""}, {"cache_key": "jit_read-c3cd95c6b6eaf0b90ceda8ee3cc65b3a7c0f90681000f9f50ec589bd72a389eb", "cached_compile_seconds": 5.0, "hits": 1, "misses": 0, "program": ""}, {"cache_key": "jit_select_n-06933bc29299b0892c271d46326dfad24b323a3ada13b2ac58cf1fc055639906", "cached_compile_seconds": 0.0, "hits": 1, "misses": 0, "program": ""}, {"cache_key": "jit_squeeze-522858047396f57cfe03b4508eea205ee685040d6bd6edee205bb4a915f82129", "cached_compile_seconds": 0.0, "hits": 1, "misses": 0, "program": ""}, {"cache_key": "jit_squeeze-e75f69976a40023090421da1432588a48b2b005158006e40885bfc40d7d30db1", "cached_compile_seconds": 0.0, "hits": 1, "misses": 0, "program": ""}, {"cache_key": "jit_squeeze-fe7718b9aa012c803b62e787f301c98124031797a1e9190aa135ad08e3da3587", "cached_compile_seconds": 0.0, "hits": 1, "misses": 0, "program": ""}, {"cache_key": "jit_stage-04278de5ccd3e21eec34763ee8e9172ea4751199ba4c0f84354cb51fed61dc74", "cached_compile_seconds": 0.0, "hits": 1, "misses": 0, "program": ""}, {"cache_key": "jit_stage-0bc4dfc88bb4e05dbe860c1ef53c8f51b3ec2fefd4e1fde1c367032078ba8d7f", "cached_compile_seconds": 0.0, "hits": 1, "misses": 0, "program": ""}, {"cache_key": "jit_stage-125e227b4ed92553a3376bdb14730220329b8f4422fa471f17d0d44d27a0dd8a", "cached_compile_seconds": 0.0, "hits": 1, "misses": 0, "program": ""}, {"cache_key": "jit_stage-1449802bdaaf670bb11e2681e838f65d927ea30e39e81daa89d301330b2aa867", "cached_compile_seconds": 0.0, "hits": 1, "misses": 0, "program": ""}, {"cache_key": "jit_stage-186da7a170c649a5af13fda5b1c1343c3be62e98cdf4f42b64be07a868d8622a", "cached_compile_seconds": 0.0, "hits": 1, "misses": 0, "program": ""}, {"cache_key": "jit_stage-2362fb04b8b863ffb202d270ac9457e12208b9a280a83432e9315bcf13fbc07c", "cached_compile_seconds": 0.0, "hits": 1, "misses": 0, "program": ""}, {"cache_key": "jit_stage-2e47974c9ed7d636bd22c4fdb31d439ed1d2a4835d5002ebe9f4f598e5471c22", "cached_compile_seconds": 0.0, "hits": 1, "misses": 0, "program": ""}, {"cache_key": "jit_stage-325bad65ed7447abbc33a82c8cff792cb188f8ee68f764fd0737f6b293059a5c", "cached_compile_seconds": 0.0, "hits": 1, "misses": 0, "program": ""}, {"cache_key": "jit_stage-3444caa42bb89112cb66d229420013d9ef1ef8975c7f48d4504fdfba7cd1cca2", "cached_compile_seconds": 0.0, "hits": 1, "misses": 0, "program": ""}, {"cache_key": "jit_stage-3796b53a96396f45ee0a9ee8ea06d59432d4078cce902fac3c33ac3b2e18251f", "cached_compile_seconds": 0.0, "hits": 1, "misses": 0, "program": ""}, {"cache_key": "jit_stage-386d6d61684e2fb5e22b4d3ff7c2aed0e0f5ca55a5bc4569951ccd815f83ec1b", "cached_compile_seconds": 0.0, "hits": 1, "misses": 0, "program": ""}, {"cache_key": "jit_stage-3a861366e2f1c2233cbc4bfe9816bb9855118e7f3dc3eb6ef1a11d06099e8df7", "cached_compile_seconds": 0.0, "hits": 1, "misses": 0, "program": ""}, {"cache_key": "jit_stage-43e2722fbfaa032ce9ea720da3ed12e7ee1aba7154188eeba6206f4d53970fe5", "cached_compile_seconds": 0.0, "hits": 1, "misses": 0, "program": ""}, {"cache_key": "jit_stage-50db7d446bcb7ffaa1b14f2d089a38b1fba646545f1a7a0f4919d200bcb7fe7a", "cached_compile_seconds": 0.0, "hits": 1, "misses": 0, "program": ""}, {"cache_key": "jit_stage-564a39f4e3ef8d8169688b3530a55edc4a1ffa4ebc4f27279f7d587eaa9050a3", "cached_compile_seconds": 0.0, "hits": 1, "misses": 0, "program": ""}, {"cache_key": "jit_stage-58cda47ba748e4ce82fb6b66dd230d94a98d10bac5d7e4857c5ab3066749c548", "cached_compile_seconds": 0.0, "hits": 1, "misses": 0, "program": ""}, {"cache_key": "jit_stage-5bac309157d01ed164bedd6ffaee447d4b0158401af787c2dd6045b9db2be7c8", "cached_compile_seconds": 0.0, "hits": 1, "misses": 0, "program": ""}, {"cache_key": "jit_stage-5c7e65a967da968bb551f80ee2ba177dcedcbb3cb96d87e6321d1a4644051f3e", "cached_compile_seconds": 0.0, "hits": 1, "misses": 0, "program": ""}, {"cache_key": "jit_stage-65fd552b9d7492179d15a0b970007b3037b5addd33911a3351eda7bbd7f1b77d", "cached_compile_seconds": 0.0, "hits": 1, "misses": 0, "program": ""}, {"cache_key": "jit_stage-6d85f48c861b6fce51ce41b0165993178a3ebff0fc9331ed3da8d57a787778dc", "cached_compile_seconds": 0.0, "hits": 1, "misses": 0, "program": ""}, {"cache_key": "jit_stage-6ffa407c1ba258824585ad073dc2dde41cad8c194abc144985148e13e76a51d9", "cached_compile_seconds": 0.0, "hits": 1, "misses": 0, "program": ""}, {"cache_key": "jit_stage-7b653904c623163c5c3505ddb5b6bba45609d0613e821d8ac9543ff221f2fe96", "cached_compile_seconds": 0.0, "hits": 1, "misses": 0, "program": ""}, {"cache_key": "jit_stage-84b99e20a0a80cbeaf86ea071787d7bdbfd25609eb24cb0dfc172cf48f0ff424", "cached_compile_seconds": 0.0, "hits": 1, "misses": 0, "program": ""}, {"cache_key": "jit_stage-8536a21c1c15a0435d6e69b7434d4489828c815419429dad4e277d1d6541478a", "cached_compile_seconds": 0.0, "hits": 1, "misses": 0, "program": ""}, {"cache_key": "jit_stage-86bb5031bf64389e175973ba6ace8fba30edb122fcda4b8c3db908ce2a3ce22b", "cached_compile_seconds": 0.0, "hits": 1, "misses": 0, "program": ""}, {"cache_key": "jit_stage-8c0b2d8599b4394822fd7ab67174bb703a2fa90266e2b0631b1e8462a0cc3b8c", "cached_compile_seconds": 0.0, "hits": 1, "misses": 0, "program": ""}, {"cache_key": "jit_stage-8ffbccf524e27b07a9040f4d1bd34d558d6ab84ce03b07910732f085550bc612", "cached_compile_seconds": 0.0, "hits": 1, "misses": 0, "program": ""}, {"cache_key": "jit_stage-93710fd7310d86fa3fec3d1eb63e0428318f31107b567edbc74d0d3711e79edc", "cached_compile_seconds": 0.0, "hits": 1, "misses": 0, "program": ""}, {"cache_key": "jit_stage-9459f8ec9705f487925195415a38d4ac0a3f48c67c4837e629b9d8e093755be2", "cached_compile_seconds": 0.0, "hits": 1, "misses": 0, "program": ""}, {"cache_key": "jit_stage-99a32b5ed1297baed0e3252d0f05f932040734112ffcc81350aab56238aa6ec4", "cached_compile_seconds": 0.0, "hits": 1, "misses": 0, "program": ""}, {"cache_key": "jit_stage-9bc83385d102fbfb4d9ec4499f83e73644703e85d47edacbde7f6820a90ed33d", "cached_compile_seconds": 0.0, "hits": 1, "misses": 0, "program": ""}, {"cache_key": "jit_stage-9ee4a9151d5f42928e1773af4d87534c604efa618fc81fd8d7f1314a340db547", "cached_compile_seconds": 0.0, "hits": 1, "misses": 0, "program": ""}, {"cache_key": "jit_stage-b1caebcd72528815b89ac26d840fdce34cf000a8552e85be973c37b8dc71dd9f", "cached_compile_seconds": 0.0, "hits": 1, "misses": 0, "program": ""}, {"cache_key": "jit_stage-b7f23c94f4c8a439fa755c07bb0a9be252bc97ec9ce2c816aaaedbd851e1d0d9", "cached_compile_seconds": 0.0, "hits": 1, "misses": 0, "program": ""}, {"cache_key": "jit_stage-c86b8a2ec34119dec98c440d152b433d37264be093b06deaa32bd81403454e68", "cached_compile_seconds": 0.0, "hits": 1, "misses": 0, "program": ""}, {"cache_key": "jit_stage-dfbae7d1ec45dfdd685ed2c6ab1217c40cac16c525669fa52d59700ae5ddeb7f", "cached_compile_seconds": 0.0, "hits": 1, "misses": 0, "program": ""}, {"cache_key": "jit_stage-e82e1cea39894c34fa2f9af61b13a39b4cc55532b7678c1012a795aeeaabc8cc", "cached_compile_seconds": 0.0, "hits": 1, "misses": 0, "program": ""}, {"cache_key": "jit_stage-eb3e1b8ba1adcc6d7a4d22d2ed111e203dbf2ba02a246136446de3358f71d456", "cached_compile_seconds": 0.0, "hits": 1, "misses": 0, "program": ""}, {"cache_key": "jit_stage-f1e42ffc756d654abf417f5974da5bb3f2e193400281b2b378598eb6de79c96b", "cached_compile_seconds": 0.0, "hits": 1, "misses": 0, "program": ""}, {"cache_key": "jit_stage-feef540d71ae47fad21674c0b0e82b6e4f10b229c86830e8b5ac75638c1f0f0e", "cached_compile_seconds": 0.0, "hits": 2, "misses": 0, "program": ""}, {"cache_key": "jit_subtract-1ce92a65cee4f81549cd554b7b2d20edc0ba1dc7f035c753339eb4c51903de8e", "cached_compile_seconds": 0.0, "hits": 1, "misses": 0, "program": ""}, {"cache_key": "jit_subtract-3755d5c1be42796a592dda29240a5227c67b4caf0f72efb17670a58e688d3a66", "cached_compile_seconds": 0.0, "hits": 1, "misses": 0, "program": ""}, {"cache_key": "jit_subtract-9b5cffe8e48f8c8efc51e3d3bcd67ef3477c9f2985b0ac801d8bf5da4501e807", "cached_compile_seconds": 0.0, "hits": 1, "misses": 0, "program": ""}, {"cache_key": "jit_subtract-9e7d4b4ea243357de01fedcb69e0239e5cf93420777cbfb0d0abe67f6ed6066f", "cached_compile_seconds": 0.0, "hits": 1, "misses": 0, "program": ""}, {"cache_key": "jit_subtract-f9e6589c18927c734823d4e52d05954077fc908828de7b0f96fcb0e77914b29e", "cached_compile_seconds": 0.0, "hits": 1, "misses": 0, "program": ""}, {"cache_key": "jit_true_divide-a2c0c3f40c2eaa7570bff9d4298be959cb5bc0c54325599dd02352ea6f2548aa", "cached_compile_seconds": 0.0, "hits": 1, "misses": 0, "program": ""}, {"cache_key": "jit_unstack-0c579e1a2e5332c3b2f3661dc6ff31acf9a86706de40f5ddee929a9d4efad61a", "compile_seconds": 0.0, "hits": 0, "misses": 1, "program": "jit_unstack"}, {"cache_key": "jit_unstack-2ea925c374c40c5bad723887a7c57b0bbc2515df36cb0c993f69e57674303289", "cached_compile_seconds": 0.0, "hits": 1, "misses": 0, "program": ""}, {"cache_key": "jit_unstack-47965d96b28b5d81604a99bea509eeb07e13ded76d62d828caedfb39d8334563", "cached_compile_seconds": 0.0, "hits": 1, "misses": 0, "program": ""}, {"cache_key": "jit_unstack-5d70f383abc557ed53a308bd81698fce71d9f83c47d8d528f29431682154ae21", "cached_compile_seconds": 0.0, "hits": 1, "misses": 0, "program": ""}, {"cache_key": "jit_unstack-843019654738016f852ac6822196a2f9bd3e9b6b411cb86e803a0937d6ce5f69", "cached_compile_seconds": 0.0, "hits": 1, "misses": 0, "program": ""}, {"cache_key": "jit_unstack-f59c0be46ab886f261ced18db1e07b85c70c41f36aae87ea2b35cf569b99f42d", "compile_seconds": 0.0, "hits": 0, "misses": 1, "program": "jit_unstack"}], "served_directory": "/work/projects/imas_gpu/sophelio/jax-cache/nova-prewarm/nova/jax-compilation/runtime-7b315420b55b91bffb05", "served_entries": 21443, "source_revision": "unknown", "unpersisted_misses": 0, "version_key": ""}


=================================== FAILURES ===================================
____________ test_topology_membership_regular_cell_measure[limited] ____________

kind = 'limited'

    @pytest.mark.parametrize("kind", ("limited", "diverted"))
    def test_topology_membership_regular_cell_measure(kind):
        import os
        from pathlib import Path
        from nova.equilibrium.topology import TopologyConvention, read
    
        oracle, field, wall, axis, saddle = _analytic_inputs(kind)
        convention = TopologyConvention.from_cocos(17, 1.0)
        evaluate = jax.jit(read)
        rows = []
        root = os.environ.get("NOVA_TOPOLOGY_EVIDENCE_DIR")
        directory = Path(root) if root else None
        if directory is not None:
            directory.mkdir(parents=True, exist_ok=True)
        worst_panel = None
        for count in (132, 300, 550, 1074, 2616):
            geometry = _realised_hex_geometry(wall, count)
            result = evaluate(field, geometry, convention, TopologyPolicy())
            jax.block_until_ready(result)
            assert result.valid and result.qualified
            measure = _symmetric_difference_measure(kind, oracle, geometry, result)
            pitch = float(np.median(geometry.pitch))
            near = (
                np.zeros(count, dtype=bool)
                if saddle is None
                else np.linalg.norm(np.asarray(geometry.centre) - saddle, axis=1)
                < 2 * np.asarray(geometry.pitch)
            )
            normalised = measure["normalised_error"]
            smooth_worst = int(np.argmax(np.where(near, -1.0, normalised)))
            slivers = np.flatnonzero(
                np.asarray(geometry.full_area) < 0.05 * measure["median_area"]
            )
            row = {
                "case": kind,
                "cells": len(geometry.centre),
                "pitch": pitch,
                "median_cell_area": measure["median_area"],
                "inside_control_count": int(
                    np.count_nonzero(np.asarray(result.membership) == 1.0)
                ),
                "outside_control_count": int(
                    np.count_nonzero(np.asarray(result.membership) == 0.0)
                ),
                "smooth_max": float(np.max(normalised[~near])),
                "saddle_neighbourhood_max": float(np.max(normalised[near]))
                if near.any()
                else None,
                "smooth_worst_cell": smooth_worst,
                "smooth_worst_area": float(geometry.full_area[smooth_worst]),
                "smooth_worst_fraction": float(result.membership[smooth_worst]),
                "smooth_worst_reference_fraction": float(
                    measure["analytic_fraction"][smooth_worst]
                ),
                "worst_quadrature_error_regular_units": float(
                    np.max(measure["quadrature_error"]) / measure["median_area"]
                ),
                "read_area_check_cell": int(
                    np.argmax(
                        np.abs(measure["read_fraction"] - np.asarray(result.membership))
                        * np.asarray(geometry.full_area)
                    )
                ),
                "read_area_check_regular_units": float(
                    np.max(
                        np.abs(measure["read_fraction"] - np.asarray(result.membership))
                        * np.asarray(geometry.full_area)
                    )
                    / measure["median_area"]
                ),
                "slivers": [
                    {
                        "cell": int(i),
                        "occupiable_area": float(geometry.full_area[i]),
                        "absolute_area_error": float(measure["absolute_area_error"][i]),
                        "normalised_error": float(normalised[i]),
                        "read_fraction": float(result.membership[i]),
                        "analytic_fraction": float(measure["analytic_fraction"][i]),
                    }
                    for i in slivers
                ],
            }
            rows.append(row)
            print("REGULAR_CELL_MEMBERSHIP " + json.dumps(row), flush=True)
            if directory is not None:
                (directory / f"{kind}-regular-cell-rows.json").write_text(
                    json.dumps(rows, indent=2) + "\n"
                )
            if worst_panel is None or row["smooth_max"] > worst_panel[0]:
                worst_panel = (row["smooth_max"], geometry, result, smooth_worst)
            assert row["inside_control_count"] > 0 and row["outside_control_count"] > 0, row
            assert row["smooth_max"] > 1e-12, row
            assert row["read_area_check_regular_units"] < 1e-7, row
        smooth_order = float(
            np.polyfit(
                np.log([row["pitch"] for row in rows]),
                np.log([row["smooth_max"] for row in rows]),
                1,
            )[0]
        )
        saddle_order = (
            None
            if saddle is None
            else float(
                np.polyfit(
                    np.log([row["pitch"] for row in rows]),
                    np.log([row["saddle_neighbourhood_max"] for row in rows]),
                    1,
                )[0]
            )
        )
        summary = {"case": kind, "smooth_order": smooth_order, "saddle_order": saddle_order}
        print("REGULAR_CELL_ORDERS " + json.dumps(summary), flush=True)
        if directory is not None:
            (directory / f"{kind}-regular-cell-orders.json").write_text(
                json.dumps(summary, indent=2) + "\n"
            )
        if os.environ.get("NOVA_TOPOLOGY_FIGURE_DIR"):
            _, geometry, result, worst = worst_panel
            _render_read_panel(
                os.environ["NOVA_TOPOLOGY_FIGURE_DIR"],
                kind,
                field,
                geometry,
                result,
                wall,
                axis,
                saddle,
                worst_cell=worst,
                suffix="-regular-worst",
            )
>       assert smooth_order >= 2.0, summary
E       AssertionError: {'case': 'limited', 'smooth_order': 1.9757348872592038, 'saddle_order': None}
E       assert 1.9757348872592038 >= 2.0

tests/equilibrium/test_topology_read.py:1588: AssertionError
----------------------------- Captured stdout call -----------------------------
REGULAR_CELL_MEMBERSHIP {"case": "limited", "cells": 132, "pitch": 0.4680060430739887, "median_cell_area": 0.21902965635377214, "inside_control_count": 34, "outside_control_count": 15, "smooth_max": 0.0008381308076390344, "saddle_neighbourhood_max": null, "smooth_worst_cell": 93, "smooth_worst_area": 0.14317017021687484, "smooth_worst_fraction": 0.6670109495153129, "smooth_worst_reference_fraction": 0.667640633668246, "worst_quadrature_error_regular_units": 4.6115427107320295e-11, "read_area_check_cell": 127, "read_area_check_regular_units": 1.3170791363299125e-14, "slivers": [{"cell": 0, "occupiable_area": 7.234561111069127e-06, "absolute_area_error": 0.0, "normalised_error": 0.0, "read_fraction": 0.0, "analytic_fraction": 0.0}, {"cell": 17, "occupiable_area": 0.00473002006331491, "absolute_area_error": 0.0, "normalised_error": 0.0, "read_fraction": 0.0, "analytic_fraction": 0.0}, {"cell": 44, "occupiable_area": 0.0009037026590039687, "absolute_area_error": 0.0, "normalised_error": 0.0, "read_fraction": 0.0, "analytic_fraction": 0.0}, {"cell": 60, "occupiable_area": 0.0032139531806549826, "absolute_area_error": 0.0, "normalised_error": 0.0, "read_fraction": 0.0, "analytic_fraction": 0.0}, {"cell": 121, "occupiable_area": 0.003925275126942296, "absolute_area_error": 0.0, "normalised_error": 0.0, "read_fraction": 0.0, "analytic_fraction": 0.0}]}
REGULAR_CELL_MEMBERSHIP {"case": "limited", "cells": 300, "pitch": 0.30320934148682055, "median_cell_area": 0.09193590476487135, "inside_control_count": 72, "outside_control_count": 32, "smooth_max": 0.00035250575619732435, "saddle_neighbourhood_max": null, "smooth_worst_cell": 188, "smooth_worst_area": 0.09188355595196107, "smooth_worst_fraction": 0.651340320379863, "smooth_worst_reference_fraction": 0.6513516789734909, "worst_quadrature_error_regular_units": 6.510879769313684e-11, "read_area_check_cell": 11, "read_area_check_regular_units": 1.3189332858986084e-14, "slivers": [{"cell": 0, "occupiable_area": 4.90740184266869e-07, "absolute_area_error": 0.0, "normalised_error": 0.0, "read_fraction": 0.0, "analytic_fraction": 0.0}, {"cell": 5, "occupiable_area": 0.0018377307810768517, "absolute_area_error": 0.0, "normalised_error": 0.0, "read_fraction": 0.0, "analytic_fraction": 0.0}, {"cell": 91, "occupiable_area": 0.0016297435439760477, "absolute_area_error": 0.0, "normalised_error": 0.0, "read_fraction": 0.0, "analytic_fraction": 0.0}, {"cell": 234, "occupiable_area": 0.0003380693558110437, "absolute_area_error": 0.0, "normalised_error": 0.0, "read_fraction": 0.0, "analytic_fraction": 0.0}, {"cell": 275, "occupiable_area": 3.471699139545592e-05, "absolute_area_error": 0.0, "normalised_error": 0.0, "read_fraction": 0.0, "analytic_fraction": 0.0}, {"cell": 291, "occupiable_area": 0.00037690241851962014, "absolute_area_error": 3.8737593092452685e-07, "normalised_error": 4.21354346721503e-06, "read_fraction": 0.3237855239170639, "analytic_fraction": 0.32474832998866493}, {"cell": 299, "occupiable_area": 0.003122693180673153, "absolute_area_error": 2.6321084936935243e-06, "normalised_error": 2.8629820965217187e-05, "read_fraction": 0.7967879402152928, "analytic_fraction": 0.795945043285812}]}
REGULAR_CELL_MEMBERSHIP {"case": "limited", "cells": 550, "pitch": 0.219204994184689, "median_cell_area": 0.04805082947550954, "inside_control_count": 194, "outside_control_count": 62, "smooth_max": 0.00018704420655999492, "saddle_neighbourhood_max": null, "smooth_worst_cell": 356, "smooth_worst_area": 0.048050829475510426, "smooth_worst_fraction": 0.5395225763900802, "smooth_worst_reference_fraction": 0.5395230539585743, "worst_quadrature_error_regular_units": 4.7580130747514004e-11, "read_area_check_cell": 536, "read_area_check_regular_units": 1.6749581043815674e-14, "slivers": [{"cell": 0, "occupiable_area": 7.274082984265462e-05, "absolute_area_error": 0.0, "normalised_error": 0.0, "read_fraction": 0.0, "analytic_fraction": 0.0}, {"cell": 1, "occupiable_area": 0.0012669715607486198, "absolute_area_error": 0.0, "normalised_error": 0.0, "read_fraction": 0.0, "analytic_fraction": 0.0}, {"cell": 2, "occupiable_area": 0.002197541557199867, "absolute_area_error": 0.0, "normalised_error": 0.0, "read_fraction": 0.0, "analytic_fraction": 0.0}, {"cell": 3, "occupiable_area": 0.0019247293980653724, "absolute_area_error": 0.0, "normalised_error": 0.0, "read_fraction": 0.0, "analytic_fraction": 0.0}, {"cell": 4, "occupiable_area": 0.0006484872562476651, "absolute_area_error": 0.0, "normalised_error": 0.0, "read_fraction": 0.0, "analytic_fraction": 0.0}, {"cell": 17, "occupiable_area": 0.000587667266210179, "absolute_area_error": 0.0, "normalised_error": 0.0, "read_fraction": 0.0, "analytic_fraction": 0.0}, {"cell": 55, "occupiable_area": 0.0017195846809316961, "absolute_area_error": 0.0, "normalised_error": 0.0, "read_fraction": 0.0, "analytic_fraction": 0.0}, {"cell": 79, "occupiable_area": 0.00027394473411046505, "absolute_area_error": 0.0, "normalised_error": 0.0, "read_fraction": 0.0, "analytic_fraction": 0.0}, {"cell": 80, "occupiable_area": 0.002357105640685475, "absolute_area_error": 0.0, "normalised_error": 0.0, "read_fraction": 0.0, "analytic_fraction": 0.0}, {"cell": 163, "occupiable_area": 0.001617947162657174, "absolute_area_error": 0.0, "normalised_error": 0.0, "read_fraction": 0.0, "analytic_fraction": 0.0}, {"cell": 194, "occupiable_area": 0.002134438497940039, "absolute_area_error": 0.0, "normalised_error": 0.0, "read_fraction": 0.0, "analytic_fraction": 0.0}, {"cell": 226, "occupiable_area": 0.00010141847726963249, "absolute_area_error": 0.0, "normalised_error": 0.0, "read_fraction": 0.0, "analytic_fraction": 0.0}, {"cell": 358, "occupiable_area": 8.816434557168407e-05, "absolute_area_error": 0.0, "normalised_error": 0.0, "read_fraction": 0.0, "analytic_fraction": 0.0}, {"cell": 391, "occupiable_area": 0.000741574387951971, "absolute_area_error": 0.0, "normalised_error": 0.0, "read_fraction": 0.0, "analytic_fraction": 0.0}, {"cell": 506, "occupiable_area": 0.0013731385410977737, "absolute_area_error": 0.0, "normalised_error": 0.0, "read_fraction": 0.0, "analytic_fraction": 0.0}, {"cell": 507, "occupiable_area": 0.0013198555344686724, "absolute_area_error": 0.0, "normalised_error": 0.0, "read_fraction": 0.0, "analytic_fraction": 0.0}, {"cell": 544, "occupiable_area": 0.0019292305880664884, "absolute_area_error": 4.4896568456849007e-07, "normalised_error": 9.343557425940339e-06, "read_fraction": 0.41512984972515865, "analytic_fraction": 0.4151353293079524}, {"cell": 545, "occupiable_area": 5.6150489576189955e-05, "absolute_area_error": 1.7147576317657009e-07, "normalised_error": 3.5686327384622475e-06, "read_fraction": 0.8255342476457928, "analytic_fraction": 0.8224803871279379}, {"cell": 546, "occupiable_area": 0.000304600626294782, "absolute_area_error": 5.15846603058158e-07, "normalised_error": 1.073543596830256e-05, "read_fraction": 0.9724425457601024, "analytic_fraction": 0.970749027892657}, {"cell": 547, "occupiable_area": 0.0003868588166107134, "absolute_area_error": 5.784253554007337e-07, "normalised_error": 1.2037780860693456e-05, "read_fraction": 0.9803399927892544, "analytic_fraction": 0.9788448081622954}, {"cell": 548, "occupiable_area": 0.0002019070138903345, "absolute_area_error": 3.926478855274203e-07, "normalised_error": 8.171511081354888e-06, "read_fraction": 0.9253668605409471, "analytic_fraction": 0.923422163930553}, {"cell": 549, "occupiable_area": 9.230980499985719e-07, "absolute_area_error": 0.0, "normalised_error": 0.0, "read_fraction": 0.0, "analytic_fraction": 0.0}]}
REGULAR_CELL_MEMBERSHIP {"case": "limited", "cells": 1074, "pitch": 0.15430038796617346, "median_cell_area": 0.02380860972651165, "inside_control_count": 319, "outside_control_count": 116, "smooth_max": 9.419513291556312e-05, "saddle_neighbourhood_max": null, "smooth_worst_cell": 695, "smooth_worst_area": 0.02380860972651533, "smooth_worst_fraction": 0.43299117852054897, "smooth_worst_reference_fraction": 0.43299601585106845, "worst_quadrature_error_regular_units": 6.253360236274732e-11, "read_area_check_cell": 1057, "read_area_check_regular_units": 1.3227228114880092e-14, "slivers": [{"cell": 9, "occupiable_area": 0.00039700564895039925, "absolute_area_error": 0.0, "normalised_error": 0.0, "read_fraction": 0.0, "analytic_fraction": 0.0}, {"cell": 104, "occupiable_area": 8.603958034925085e-07, "absolute_area_error": 0.0, "normalised_error": 0.0, "read_fraction": 0.0, "analytic_fraction": 0.0}, {"cell": 137, "occupiable_area": 0.0009858127233828284, "absolute_area_error": 0.0, "normalised_error": 0.0, "read_fraction": 0.0, "analytic_fraction": 0.0}, {"cell": 288, "occupiable_area": 0.0008199172540468425, "absolute_area_error": 0.0, "normalised_error": 0.0, "read_fraction": 0.0, "analytic_fraction": 0.0}, {"cell": 374, "occupiable_area": 4.484236821866716e-07, "absolute_area_error": 0.0, "normalised_error": 0.0, "read_fraction": 0.0, "analytic_fraction": 0.0}, {"cell": 556, "occupiable_area": 5.52110927642957e-07, "absolute_area_error": 0.0, "normalised_error": 0.0, "read_fraction": 0.0, "analytic_fraction": 0.0}, {"cell": 557, "occupiable_area": 0.00021014405479036213, "absolute_area_error": 0.0, "normalised_error": 0.0, "read_fraction": 0.0, "analytic_fraction": 0.0}, {"cell": 832, "occupiable_area": 0.0004879025709563223, "absolute_area_error": 0.0, "normalised_error": 0.0, "read_fraction": 0.0, "analytic_fraction": 0.0}, {"cell": 1020, "occupiable_area": 0.0007644940625421981, "absolute_area_error": 0.0, "normalised_error": 0.0, "read_fraction": 0.0, "analytic_fraction": 0.0}, {"cell": 1047, "occupiable_area": 0.0005363028792331193, "absolute_area_error": 0.0, "normalised_error": 0.0, "read_fraction": 0.0, "analytic_fraction": 0.0}, {"cell": 1048, "occupiable_area": 0.0011375196611425054, "absolute_area_error": 1.0463224257323823e-07, "normalised_error": 4.394722908021247e-06, "read_fraction": 0.49468889460258464, "analytic_fraction": 0.4946487836123122}, {"cell": 1067, "occupiable_area": 0.0002451471084148338, "absolute_area_error": 7.147584157244463e-08, "normalised_error": 3.002100601147407e-06, "read_fraction": 0.0566500182093795, "analytic_fraction": 0.056941581271383934}, {"cell": 1068, "occupiable_area": 3.050206467625216e-06, "absolute_area_error": 4.179374409801122e-09, "normalised_error": 1.7554046447102092e-07, "read_fraction": 0.31360251649010956, "analytic_fraction": 0.31497271042752595}, {"cell": 1069, "occupiable_area": 0.00011766670367219234, "absolute_area_error": 9.351796699174691e-08, "normalised_error": 3.927905411781002e-06, "read_fraction": 0.8854531052677046, "analytic_fraction": 0.8846583352599511}, {"cell": 1070, "occupiable_area": 0.00025757763642419995, "absolute_area_error": 1.3778654835079583e-07, "normalised_error": 5.787257212140618e-06, "read_fraction": 0.9137352937483312, "analytic_fraction": 0.9132003616390848}, {"cell": 1071, "occupiable_area": 0.0002744351872622508, "absolute_area_error": 1.658518025164026e-07, "normalised_error": 6.966043142440245e-06, "read_fraction": 0.9877029731244467, "analytic_fraction": 0.9870986344309709}, {"cell": 1072, "occupiable_area": 0.0001898014300810713, "absolute_area_error": 1.389454166000362e-07, "normalised_error": 5.8359315472887955e-06, "read_fraction": 0.9730732121768478, "analytic_fraction": 0.9723411554345316}, {"cell": 1073, "occupiable_area": 5.8471151167971414e-05, "absolute_area_error": 4.7635464933071025e-08, "normalised_error": 2.00076633958292e-06, "read_fraction": 0.7624100882775416, "analytic_fraction": 0.7615954050709026}]}
REGULAR_CELL_MEMBERSHIP {"case": "limited", "cells": 2616, "pitch": 0.09770365300153455, "median_cell_area": 0.009546003809844272, "inside_control_count": 1193, "outside_control_count": 290, "smooth_max": 3.770155013249106e-05, "saddle_neighbourhood_max": null, "smooth_worst_cell": 1626, "smooth_worst_area": 0.009546003809843384, "smooth_worst_fraction": 0.40496686510578955, "smooth_worst_reference_fraction": 0.4049685783644864, "worst_quadrature_error_regular_units": 6.569377104402602e-11, "read_area_check_cell": 98, "read_area_check_regular_units": 2.6534330288541705e-14, "slivers": [{"cell": 0, "occupiable_area": 2.3173101781126526e-05, "absolute_area_error": 0.0, "normalised_error": 0.0, "read_fraction": 0.0, "analytic_fraction": 0.0}, {"cell": 1, "occupiable_area": 6.734851170861478e-05, "absolute_area_error": 0.0, "normalised_error": 0.0, "read_fraction": 0.0, "analytic_fraction": 0.0}, {"cell": 2, "occupiable_area": 9.023186165652702e-05, "absolute_area_error": 0.0, "normalised_error": 0.0, "read_fraction": 0.0, "analytic_fraction": 0.0}, {"cell": 3, "occupiable_area": 5.183057272967195e-05, "absolute_area_error": 0.0, "normalised_error": 0.0, "read_fraction": 0.0, "analytic_fraction": 0.0}, {"cell": 4, "occupiable_area": 3.1732506921011705e-06, "absolute_area_error": 0.0, "normalised_error": 0.0, "read_fraction": 0.0, "analytic_fraction": 0.0}, {"cell": 22, "occupiable_area": 0.0002419201548955474, "absolute_area_error": 0.0, "normalised_error": 0.0, "read_fraction": 0.0, "analytic_fraction": 0.0}, {"cell": 23, "occupiable_area": 1.3696683471842164e-06, "absolute_area_error": 0.0, "normalised_error": 0.0, "read_fraction": 0.0, "analytic_fraction": 0.0}, {"cell": 49, "occupiable_area": 0.0002343785382197261, "absolute_area_error": 0.0, "normalised_error": 0.0, "read_fraction": 0.0, "analytic_fraction": 0.0}, {"cell": 80, "occupiable_area": 5.116085009859717e-06, "absolute_area_error": 0.0, "normalised_error": 0.0, "read_fraction": 0.0, "analytic_fraction": 0.0}, {"cell": 155, "occupiable_area": 2.5719754614073054e-05, "absolute_area_error": 0.0, "normalised_error": 0.0, "read_fraction": 0.0, "analytic_fraction": 0.0}, {"cell": 400, "occupiable_area": 2.3477825859430368e-05, "absolute_area_error": 0.0, "normalised_error": 0.0, "read_fraction": 0.0, "analytic_fraction": 0.0}, {"cell": 515, "occupiable_area": 0.0003412934608864049, "absolute_area_error": 0.0, "normalised_error": 0.0, "read_fraction": 0.0, "analytic_fraction": 0.0}, {"cell": 516, "occupiable_area": 6.21212028981688e-05, "absolute_area_error": 0.0, "normalised_error": 0.0, "read_fraction": 0.0, "analytic_fraction": 0.0}, {"cell": 639, "occupiable_area": 7.1631861366938665e-06, "absolute_area_error": 0.0, "normalised_error": 0.0, "read_fraction": 0.0, "analytic_fraction": 0.0}, {"cell": 704, "occupiable_area": 7.484903870036419e-06, "absolute_area_error": 0.0, "normalised_error": 0.0, "read_fraction": 0.0, "analytic_fraction": 0.0}, {"cell": 1115, "occupiable_area": 0.0001454407578815875, "absolute_area_error": 0.0, "normalised_error": 0.0, "read_fraction": 0.0, "analytic_fraction": 0.0}, {"cell": 1331, "occupiable_area": 0.0004719041692879955, "absolute_area_error": 0.0, "normalised_error": 0.0, "read_fraction": 0.0, "analytic_fraction": 0.0}, {"cell": 1624, "occupiable_area": 0.00010692291403380239, "absolute_area_error": 0.0, "normalised_error": 0.0, "read_fraction": 0.0, "analytic_fraction": 0.0}, {"cell": 1840, "occupiable_area": 0.0001445758360976157, "absolute_area_error": 0.0, "normalised_error": 0.0, "read_fraction": 0.0, "analytic_fraction": 0.0}, {"cell": 1911, "occupiable_area": 0.0004478193318639967, "absolute_area_error": 0.0, "normalised_error": 0.0, "read_fraction": 0.0, "analytic_fraction": 0.0}, {"cell": 1981, "occupiable_area": 0.00030749986019884545, "absolute_area_error": 0.0, "normalised_error": 0.0, "read_fraction": 0.0, "analytic_fraction": 0.0}, {"cell": 2050, "occupiable_area": 1.770164042014244e-06, "absolute_area_error": 0.0, "normalised_error": 0.0, "read_fraction": 0.0, "analytic_fraction": 0.0}, {"cell": 2051, "occupiable_area": 0.00044158491087209484, "absolute_area_error": 0.0, "normalised_error": 0.0, "read_fraction": 0.0, "analytic_fraction": 0.0}, {"cell": 2306, "occupiable_area": 6.227616806064873e-05, "absolute_area_error": 0.0, "normalised_error": 0.0, "read_fraction": 0.0, "analytic_fraction": 0.0}, {"cell": 2364, "occupiable_area": 0.0003473888039202677, "absolute_area_error": 0.0, "normalised_error": 0.0, "read_fraction": 0.0, "analytic_fraction": 0.0}, {"cell": 2419, "occupiable_area": 4.0391160638364454e-08, "absolute_area_error": 0.0, "normalised_error": 0.0, "read_fraction": 0.0, "analytic_fraction": 0.0}, {"cell": 2420, "occupiable_area": 5.744375288330161e-06, "absolute_area_error": 0.0, "normalised_error": 0.0, "read_fraction": 0.0, "analytic_fraction": 0.0}, {"cell": 2471, "occupiable_area": 0.0002827271287948463, "absolute_area_error": 0.0, "normalised_error": 0.0, "read_fraction": 0.0, "analytic_fraction": 0.0}, {"cell": 2517, "occupiable_area": 5.93353750133474e-07, "absolute_area_error": 0.0, "normalised_error": 0.0, "read_fraction": 0.0, "analytic_fraction": 0.0}, {"cell": 2558, "occupiable_area": 7.83402560600166e-07, "absolute_area_error": 0.0, "normalised_error": 0.0, "read_fraction": 0.0, "analytic_fraction": 0.0}, {"cell": 2591, "occupiable_area": 0.00033913885516145825, "absolute_area_error": 2.1209293647788774e-08, "normalised_error": 2.221798154523759e-06, "read_fraction": 0.08069033093387772, "analytic_fraction": 0.08075286960594447}, {"cell": 2592, "occupiable_area": 0.0001672147302826943, "absolute_area_error": 8.355532357416372e-09, "normalised_error": 8.752911190753735e-07, "read_fraction": 0.29537969793956803, "analytic_fraction": 0.2954296668169907}, {"cell": 2615, "occupiable_area": 2.341924126181283e-05, "absolute_area_error": 0.0, "normalised_error": 0.0, "read_fraction": 0.0, "analytic_fraction": 0.0}]}
REGULAR_CELL_ORDERS {"case": "limited", "smooth_order": 1.9757348872592038, "saddle_order": null}
======================== 1 failed in 155.38s (0:02:35) =========================
GPU_DEVICE_INVENTORY=0,_NVIDIA_H200_NVL,_143771
GPU_UTILISATION_AT_10S=0,_0
GPU_UTILISATION_AT_30S=0,_0
GPU_UTILISATION_AT_60S=0,_0
EXIT_STATUS=1
NOVA_LANE_END=2026-10-05T21:11:22+0200
NOVA_LANE_EXIT_STATUS=1
EXIT=1
