REVISION=33f881dddcd09c34ae85744317f8a8b93b51ed52 TREE=/home/ITER/mcintos/Code/.reckon-worktrees/nova-a0f1e0938fc2/s21-nova/cfs-topology-read COMMAND=/home/ITER/mcintos/Code/nova/.venv/bin/python -m pytest -p no:cacheprovider tests/equilibrium/test_topology_read.py::test_limited_boundary_instrument -vv -rP --timeout 300 
RAW_SHA256=f0ec8b8ab0417e2eb64096daa72712cee99bcff9d3519cef3abc8f448bb7b23b RAW_PATH=/home/ITER/mcintos/.config/reckon/crew/runs/r-20261005T163955173721-cfs-topology-read/h200-boundary-instrument.raw.log
NOVA_LANE_START=2026-10-05T20:08:53+0200
PLACEMENT=submit
RUNG=h200
SLURM_JOB_ID=1281066
SLURM_JOB_PARTITION=betelgeuse
SOURCE_REVISION=33f881dddcd09c34ae85744317f8a8b93b51ed52
REPOSITORY_ROOT=/home/ITER/mcintos/Code/.reckon-worktrees/nova-a0f1e0938fc2/s21-nova/cfs-topology-read
PYTHON=/home/ITER/mcintos/Code/nova/.venv/bin/python
PYTHONPATH=/home/ITER/mcintos/Code/.reckon-worktrees/nova-a0f1e0938fc2/s21-nova/cfs-topology-read:/home/ITER/mcintos/Code/.reckon-worktrees/nova-a0f1e0938fc2/s21-nova/cfs-topology-read/scripts/h200_test_lane
JAX_PLATFORMS=cuda,cpu
TMPDIR=/tmp
MODE=pytest
PYTEST_TIMEOUT=300
COMMAND=/home/ITER/mcintos/Code/nova/.venv/bin/python -m pytest -p no:cacheprovider tests/equilibrium/test_topology_read.py::test_limited_boundary_instrument -vv -rP --timeout 300 
CACHE_GUARD_DIRECTORY=/work/projects/imas_gpu/sophelio/jax-cache/nova-prewarm/nova/jax-compilation/runtime-7b315420b55b91bffb05
CACHE_GUARD_ROOT=/work/projects/imas_gpu/sophelio/jax-cache/nova-prewarm
CACHE_GUARD_SERVED=/work/projects/imas_gpu/sophelio/jax-cache/nova-prewarm/nova/jax-compilation/runtime-7b315420b55b91bffb05
CACHE_GUARD_CACHE_ENABLED=/work/projects/imas_gpu/sophelio/jax-cache/nova-prewarm/nova/jax-compilation/runtime-7b315420b55b91bffb05
CACHE_GUARD_VERSION_KEY=
CACHE_GUARD_MISS_BUDGET=not-enforced
PINNED_REVISION=eb565ed4cd2cf248c1996df5b6171b9e22bd9fce
PINNED_REVISION_MISMATCH pinned=eb565ed4cd2cf248c1996df5b6171b9e22bd9fce serving=33f881dddcd09c34ae85744317f8a8b93b51ed52
the served directory was compiled for another revision, so a miss is a pin problem rather than a timing result
CACHE_GUARD_DIRECTORY=/work/projects/imas_gpu/sophelio/jax-cache/nova-prewarm/nova/jax-compilation/runtime-7b315420b55b91bffb05
CACHE_GUARD_ROOT=/work/projects/imas_gpu/sophelio/jax-cache/nova-prewarm
CACHE_GUARD_SERVED=/work/projects/imas_gpu/sophelio/jax-cache/nova-prewarm/nova/jax-compilation/runtime-7b315420b55b91bffb05
CACHE_GUARD_CACHE_ENABLED=/work/projects/imas_gpu/sophelio/jax-cache/nova-prewarm/nova/jax-compilation/runtime-7b315420b55b91bffb05
CACHE_GUARD_VERSION_KEY=
CACHE_GUARD_MISS_BUDGET=not-enforced
============================= test session starts ==============================
platform linux -- Python 3.14.2, pytest-9.1.1, pluggy-1.6.0 -- /home/ITER/mcintos/Code/nova/.venv/bin/python
rootdir: /home/ITER/mcintos/Code/.reckon-worktrees/nova-a0f1e0938fc2/s21-nova/cfs-topology-read
configfile: pyproject.toml
plugins: anyio-4.14.2, zarr-3.2.1, asyncio-1.4.0, timeout-2.4.0, typeguard-2.13.3, jaxtyping-0.3.11, xdist-3.8.0, cov-7.1.0
asyncio: mode=Mode.AUTO, debug=False, asyncio_default_fixture_loop_scope=function, asyncio_default_test_loop_scope=function
timeout: 300.0s
timeout method: signal
timeout func_only: False
collecting ... 20:09:36 INFO     Parsing data dictionary version 4.1.1 [90m@dd_zip.py:89[0m
collected 1 item

tests/equilibrium/test_topology_read.py::test_limited_boundary_instrument PASSED [100%]CACHE_GUARD_MARKER=pre-warm-run misses=0 budget=not-enforced
CACHE_GUARD_RECEIPT={"cache_directory": "/work/projects/imas_gpu/sophelio/jax-cache/nova-prewarm/nova/jax-compilation/runtime-7b315420b55b91bffb05", "compile_seconds": 0, "enforced": false, "hits": 33, "marker": "pre-warm-run misses=0 budget=not-enforced", "miss_budget": null, "misses": 0, "rows": [{"cache_key": "jit_broadcast_in_dim-3e8de69e13e951c7742b57dc855ca377a0133cfc4cad91bcb99f6e432c7e1e94", "cached_compile_seconds": 0.0, "hits": 1, "misses": 0, "program": ""}, {"cache_key": "jit_convert_element_type-32c3ce0590cedda89feafa0f4a03f8cbfaed0ef67f864f707079a6524f96bf08", "cached_compile_seconds": 0.0, "hits": 1, "misses": 0, "program": ""}, {"cache_key": "jit_convert_element_type-96932d5dc932bef41ec61d8daf7c0a4e3f6cf83f8dd7ceeb1f7001a31dd893f6", "cached_compile_seconds": 0.0, "hits": 1, "misses": 0, "program": ""}, {"cache_key": "jit_convert_element_type-bda6570e2f2a2b182074a8435a85a3721ea648f19e83409ca741daef27fe95c3", "cached_compile_seconds": 0.0, "hits": 1, "misses": 0, "program": ""}, {"cache_key": "jit_read-68c13c325d405d331da600b2c8a7454a45990fde7095a532c5a2da24700bdfee", "cached_compile_seconds": 6.0, "hits": 1, "misses": 0, "program": ""}, {"cache_key": "jit_read-7c5c6bcab600e436e9c7ace12886869088ab13540c81a4b61103e77f46f8436d", "cached_compile_seconds": 5.0, "hits": 1, "misses": 0, "program": ""}, {"cache_key": "jit_read-c3cd95c6b6eaf0b90ceda8ee3cc65b3a7c0f90681000f9f50ec589bd72a389eb", "cached_compile_seconds": 5.0, "hits": 1, "misses": 0, "program": ""}, {"cache_key": "jit_stage-02ed132af4850ab5859cac4f8732500320d4ddb6d83adf11af45cc0dc6da2291", "cached_compile_seconds": 0.0, "hits": 1, "misses": 0, "program": ""}, {"cache_key": "jit_stage-04278de5ccd3e21eec34763ee8e9172ea4751199ba4c0f84354cb51fed61dc74", "cached_compile_seconds": 0.0, "hits": 1, "misses": 0, "program": ""}, {"cache_key": "jit_stage-0a709195c47b743392bc75f13400e6f749c770034e4b5d604ddc3422bee9c1c2", "cached_compile_seconds": 0.0, "hits": 1, "misses": 0, "program": ""}, {"cache_key": "jit_stage-0bc4dfc88bb4e05dbe860c1ef53c8f51b3ec2fefd4e1fde1c367032078ba8d7f", "cached_compile_seconds": 0.0, "hits": 1, "misses": 0, "program": ""}, {"cache_key": "jit_stage-1449802bdaaf670bb11e2681e838f65d927ea30e39e81daa89d301330b2aa867", "cached_compile_seconds": 0.0, "hits": 1, "misses": 0, "program": ""}, {"cache_key": "jit_stage-2362fb04b8b863ffb202d270ac9457e12208b9a280a83432e9315bcf13fbc07c", "cached_compile_seconds": 0.0, "hits": 1, "misses": 0, "program": ""}, {"cache_key": "jit_stage-3796b53a96396f45ee0a9ee8ea06d59432d4078cce902fac3c33ac3b2e18251f", "cached_compile_seconds": 0.0, "hits": 1, "misses": 0, "program": ""}, {"cache_key": "jit_stage-3a861366e2f1c2233cbc4bfe9816bb9855118e7f3dc3eb6ef1a11d06099e8df7", "cached_compile_seconds": 0.0, "hits": 1, "misses": 0, "program": ""}, {"cache_key": "jit_stage-564a39f4e3ef8d8169688b3530a55edc4a1ffa4ebc4f27279f7d587eaa9050a3", "cached_compile_seconds": 0.0, "hits": 1, "misses": 0, "program": ""}, {"cache_key": "jit_stage-5bac309157d01ed164bedd6ffaee447d4b0158401af787c2dd6045b9db2be7c8", "cached_compile_seconds": 0.0, "hits": 1, "misses": 0, "program": ""}, {"cache_key": "jit_stage-6d85f48c861b6fce51ce41b0165993178a3ebff0fc9331ed3da8d57a787778dc", "cached_compile_seconds": 0.0, "hits": 1, "misses": 0, "program": ""}, {"cache_key": "jit_stage-6ffa407c1ba258824585ad073dc2dde41cad8c194abc144985148e13e76a51d9", "cached_compile_seconds": 0.0, "hits": 1, "misses": 0, "program": ""}, {"cache_key": "jit_stage-7b653904c623163c5c3505ddb5b6bba45609d0613e821d8ac9543ff221f2fe96", "cached_compile_seconds": 0.0, "hits": 1, "misses": 0, "program": ""}, {"cache_key": "jit_stage-84b99e20a0a80cbeaf86ea071787d7bdbfd25609eb24cb0dfc172cf48f0ff424", "cached_compile_seconds": 0.0, "hits": 1, "misses": 0, "program": ""}, {"cache_key": "jit_stage-86bb5031bf64389e175973ba6ace8fba30edb122fcda4b8c3db908ce2a3ce22b", "cached_compile_seconds": 0.0, "hits": 1, "misses": 0, "program": ""}, {"cache_key": "jit_stage-8c0b2d8599b4394822fd7ab67174bb703a2fa90266e2b0631b1e8462a0cc3b8c", "cached_compile_seconds": 0.0, "hits": 1, "misses": 0, "program": ""}, {"cache_key": "jit_stage-93710fd7310d86fa3fec3d1eb63e0428318f31107b567edbc74d0d3711e79edc", "cached_compile_seconds": 0.0, "hits": 1, "misses": 0, "program": ""}, {"cache_key": "jit_stage-9459f8ec9705f487925195415a38d4ac0a3f48c67c4837e629b9d8e093755be2", "cached_compile_seconds": 0.0, "hits": 1, "misses": 0, "program": ""}, {"cache_key": "jit_stage-99a32b5ed1297baed0e3252d0f05f932040734112ffcc81350aab56238aa6ec4", "cached_compile_seconds": 0.0, "hits": 1, "misses": 0, "program": ""}, {"cache_key": "jit_stage-9bc83385d102fbfb4d9ec4499f83e73644703e85d47edacbde7f6820a90ed33d", "cached_compile_seconds": 0.0, "hits": 1, "misses": 0, "program": ""}, {"cache_key": "jit_stage-b1caebcd72528815b89ac26d840fdce34cf000a8552e85be973c37b8dc71dd9f", "cached_compile_seconds": 0.0, "hits": 1, "misses": 0, "program": ""}, {"cache_key": "jit_stage-b7f23c94f4c8a439fa755c07bb0a9be252bc97ec9ce2c816aaaedbd851e1d0d9", "cached_compile_seconds": 0.0, "hits": 1, "misses": 0, "program": ""}, {"cache_key": "jit_stage-dfbae7d1ec45dfdd685ed2c6ab1217c40cac16c525669fa52d59700ae5ddeb7f", "cached_compile_seconds": 0.0, "hits": 1, "misses": 0, "program": ""}, {"cache_key": "jit_stage-e82e1cea39894c34fa2f9af61b13a39b4cc55532b7678c1012a795aeeaabc8cc", "cached_compile_seconds": 0.0, "hits": 1, "misses": 0, "program": ""}, {"cache_key": "jit_stage-feef540d71ae47fad21674c0b0e82b6e4f10b229c86830e8b5ac75638c1f0f0e", "cached_compile_seconds": 0.0, "hits": 2, "misses": 0, "program": ""}], "served_directory": "/work/projects/imas_gpu/sophelio/jax-cache/nova-prewarm/nova/jax-compilation/runtime-7b315420b55b91bffb05", "served_entries": 19419, "source_revision": "unknown", "unpersisted_misses": 0, "version_key": ""}


==================================== PASSES ====================================
_______________________ test_limited_boundary_instrument _______________________
----------------------------- Captured stdout call -----------------------------
LIMITED_BOUNDARY_INSTRUMENT {"cells": 132, "pitch_m": 0.4682506027868791, "read_level_wb": 0.04010840152526049, "analytic_boundary_flux_wb": 0.0, "read_wall_unit": 0, "read_wall_segment": 60, "read_contact_m": [7.800241677329413, -0.10197316065192144], "analytic_wall_unit": 0, "analytic_wall_vertex": 60, "analytic_contact_m": [7.801395789307387, 0.0], "wall_vertex_m": [7.801395789307387, 7.611059753448785e-08], "wall_vertex_offset_m": 7.611059753448785e-08, "contact_offset_m": 0.1019796914478578, "independent_wall_max_wb": 0.04010840152526918, "independent_wall_segment": 60, "independent_segment_parameter": 0.4747219321661636, "independent_contact_m": [7.800241677338819, -0.10197315982085464], "worst_cell": 122, "worst_cell_centre_m": [7.442642815024909, -2.335627404795268], "worst_cell_minus_analytic_contact_m": [-0.35875297428247777, -2.335627404795268], "worst_read_fraction": 0.5559935725088663, "worst_reference_fraction": 0.5697096282237216, "inside_control": {"cell": 21, "read": 1.0, "reference": 1.0, "flux_lower_bound_wb": 3.4021153025433777}, "outside_control": {"cell": 0, "read": 0.0, "reference": 0.0, "flux_upper_bound_wb": -9.648382559216754}}
LIMITED_BOUNDARY_INSTRUMENT {"cells": 300, "pitch_m": 0.30316108483265386, "read_level_wb": 0.04010840152526049, "analytic_boundary_flux_wb": 0.0, "read_wall_unit": 0, "read_wall_segment": 60, "read_contact_m": [7.800241677329413, -0.10197316065192144], "analytic_wall_unit": 0, "analytic_wall_vertex": 60, "analytic_contact_m": [7.801395789307387, 0.0], "wall_vertex_m": [7.801395789307387, 7.611059753448785e-08], "wall_vertex_offset_m": 7.611059753448785e-08, "contact_offset_m": 0.1019796914478578, "independent_wall_max_wb": 0.04010840152526918, "independent_wall_segment": 60, "independent_segment_parameter": 0.4747219321661636, "independent_contact_m": [7.800241677338819, -0.10197315982085464], "worst_cell": 291, "worst_cell_centre_m": [7.68982733017005, -1.3897589379498618], "worst_cell_minus_analytic_contact_m": [-0.11156845913733715, -1.3897589379498618], "worst_read_fraction": 0.3325572639088013, "worst_reference_fraction": 0.38665382447387386, "inside_control": {"cell": 24, "read": 1.0, "reference": 1.0, "flux_lower_bound_wb": 0.13054515305300374}, "outside_control": {"cell": 0, "read": 0.0, "reference": 0.0, "flux_upper_bound_wb": -9.577088620507546}}
LIMITED_BOUNDARY_INSTRUMENT {"cells": 550, "pitch_m": 0.21931954123218017, "read_level_wb": 0.04010840152526049, "analytic_boundary_flux_wb": 0.0, "read_wall_unit": 0, "read_wall_segment": 60, "read_contact_m": [7.800241677329413, -0.10197316065192144], "analytic_wall_unit": 0, "analytic_wall_vertex": 60, "analytic_contact_m": [7.801395789307387, 0.0], "wall_vertex_m": [7.801395789307387, 7.611059753448785e-08], "wall_vertex_offset_m": 7.611059753448785e-08, "contact_offset_m": 0.1019796914478578, "independent_wall_max_wb": 0.04010840152526918, "independent_wall_segment": 60, "independent_segment_parameter": 0.4747219321661636, "independent_contact_m": [7.800241677338819, -0.10197315982085464], "worst_cell": 546, "worst_cell_centre_m": [7.7903151435195666, -0.4193905555687664], "worst_cell_minus_analytic_contact_m": [-0.011080645787820309, -0.4193905555687664], "worst_read_fraction": 0.6530425969555346, "worst_reference_fraction": 0.8506728506750088, "inside_control": {"cell": 43, "read": 1.0, "reference": 1.0, "flux_lower_bound_wb": 2.813814730313915}, "outside_control": {"cell": 0, "read": 0.0, "reference": 0.0, "flux_upper_bound_wb": -9.336379504155325}}
========================= 1 passed in 80.37s (0:01:20) =========================
GPU_DEVICE_INVENTORY=0,_NVIDIA_H200_NVL,_143771
GPU_UTILISATION_AT_10S=0,_0
GPU_UTILISATION_AT_30S=0,_0
GPU_UTILISATION_AT_60S=0,_0
EXIT_STATUS=0
NOVA_LANE_END=2026-10-05T20:10:44+0200
NOVA_LANE_EXIT_STATUS=0
EXIT=0
