revision=93895112d596e328a6d88b5d8f2070df3d732367 tree=/tmp/topology-order-reverse-9_qyk0k3 command=["/home/ITER/mcintos/Code/nova/.venv/bin/python", "-m", "pytest", "-p", "no:cacheprovider", "/home/ITER/mcintos/.config/reckon/crew/runs/r-20261005T163955173721-cfs-topology-read/current_read_probe.py", "-vv", "-s", "--tb=short", "--timeout=1200"]
============================= test session starts ==============================
platform linux -- Python 3.14.2, pytest-9.1.1, pluggy-1.6.0 -- /home/ITER/mcintos/Code/nova/.venv/bin/python
rootdir: /home/ITER/mcintos/.config/reckon/crew/runs/r-20261005T163955173721-cfs-topology-read
plugins: anyio-4.14.2, zarr-3.2.1, asyncio-1.4.0, timeout-2.4.0, typeguard-2.13.3, jaxtyping-0.3.11, xdist-3.8.0, cov-7.1.0
asyncio: mode=Mode.STRICT, debug=False, asyncio_default_fixture_loop_scope=None, asyncio_default_test_loop_scope=function
timeout: 1200.0s
timeout method: signal
timeout func_only: False
collecting ... collected 2 items

../../home/ITER/mcintos/.config/reckon/crew/runs/r-20261005T163955173721-cfs-topology-read/current_read_probe.py::test_order_uses_current_read[limited] MEASUREMENT_MODULE=/tmp/topology-order-reverse-9_qyk0k3/nova/equilibrium/topology.py
MEASUREMENT_CWD=/tmp/topology-order-reverse-9_qyk0k3
FIXED_RADIUS_ORDER limited 1.9757348872592038
FAILED
../../home/ITER/mcintos/.config/reckon/crew/runs/r-20261005T163955173721-cfs-topology-read/current_read_probe.py::test_order_uses_current_read[diverted] MEASUREMENT_MODULE=/tmp/topology-order-reverse-9_qyk0k3/nova/equilibrium/topology.py
MEASUREMENT_CWD=/tmp/topology-order-reverse-9_qyk0k3
FIXED_RADIUS_ORDER diverted 2.130864895628803
FAILED

=================================== FAILURES ===================================
____________________ test_order_uses_current_read[limited] _____________________
/home/ITER/mcintos/.config/reckon/crew/runs/r-20261005T163955173721-cfs-topology-read/current_read_probe.py:19: in test_order_uses_current_read
    with pytest.raises(CurrentReadCalled, match='current implementation reached'):
         ^^^^^^^^^^^^^^^^^^^^^^^^^^^^^^^^^^^^^^^^^^^^^^^^^^^^^^^^^^^^^^^^^^^^^^^^
E   Failed: DID NOT RAISE CurrentReadCalled
____________________ test_order_uses_current_read[diverted] ____________________
/home/ITER/mcintos/.config/reckon/crew/runs/r-20261005T163955173721-cfs-topology-read/current_read_probe.py:19: in test_order_uses_current_read
    with pytest.raises(CurrentReadCalled, match='current implementation reached'):
         ^^^^^^^^^^^^^^^^^^^^^^^^^^^^^^^^^^^^^^^^^^^^^^^^^^^^^^^^^^^^^^^^^^^^^^^^
E   Failed: DID NOT RAISE CurrentReadCalled
=========================== short test summary info ============================
FAILED ../../home/ITER/mcintos/.config/reckon/crew/runs/r-20261005T163955173721-cfs-topology-read/current_read_probe.py::test_order_uses_current_read[limited] - Failed: DID NOT RAISE CurrentReadCalled
FAILED ../../home/ITER/mcintos/.config/reckon/crew/runs/r-20261005T163955173721-cfs-topology-read/current_read_probe.py::test_order_uses_current_read[diverted] - Failed: DID NOT RAISE CurrentReadCalled
============================== 2 failed in 8.16s ===============================

SUITE_COMPLETED=true
EXIT=1
