revision=8b0b06a19 tree=. command=JAX_PLATFORMS=cpu PYTHONPATH=. /home/ITER/mcintos/Code/nova/.venv/bin/python -m pytest -p no:cacheprovider tests/equilibrium/test_topology_read.py -k "general_saddle_census or topology_read_traces" -vv -rP --timeout 240
SOURCE_STATE=uncommitted integration with canonical padded-null repair, before rank/capacity guard additions
RAW_SHA256=3b3b97609141c1695b48054b06ec4c999d42749867310b21738b9bf0b2898f30 RAW_PATH=/home/ITER/mcintos/.config/reckon/crew/runs/r-20261005T163955173721-cfs-topology-read/tree-controls-canonical-cpu.log.raw
============================= test session starts ==============================
platform linux -- Python 3.14.2, pytest-9.1.1, pluggy-1.6.0 -- /home/ITER/mcintos/Code/nova/.venv/bin/python
rootdir: .
configfile: pyproject.toml
plugins: anyio-4.14.2, zarr-3.2.1, asyncio-1.4.0, timeout-2.4.0, typeguard-2.13.3, jaxtyping-0.3.11, xdist-3.8.0, cov-7.1.0
asyncio: mode=Mode.AUTO, debug=False, asyncio_default_fixture_loop_scope=function, asyncio_default_test_loop_scope=function
timeout: 240.0s
timeout method: signal
timeout func_only: False
collecting ... 22:19:22 INFO     Parsing data dictionary version 4.1.1 [90m@dd_zip.py:89[0m
collected 29 items / 27 deselected / 2 selected

tests/equilibrium/test_topology_read.py::test_general_saddle_census_and_capacity_refusal PASSED [ 50%]
tests/equilibrium/test_topology_read.py::test_topology_read_traces PASSED [100%]

==================================== PASSES ====================================
_______________ test_general_saddle_census_and_capacity_refusal ________________
----------------------------- Captured stdout call -----------------------------
CAPACITY_REFUSAL 1 3
================= 2 passed, 27 deselected in 147.49s (0:02:27) =================
EXIT=0
