E0911 14:49:51.670907 3769007 cuda_executor.cc:1176] [0] Failed to allocate device memory of 104.85GiB (112585605120 bytes): RESOURCE_EXHAUSTED: : CUDA_ERROR_OUT_OF_MEMORY: out of memory
=== Source Location Trace: ===
external/xla/xla/stream_executor/cuda/cuda_status.cc:45
external/xla/xla/stream_executor/cuda/cuda_device_allocator.cc:226
external/xla/xla/stream_executor/cuda/cuda_device_allocator.cc:403

E0911 14:49:51.671744 3769007 cuda_executor.cc:1176] [0] Failed to allocate device memory of 94.37GiB (101327044608 bytes): RESOURCE_EXHAUSTED: : CUDA_ERROR_OUT_OF_MEMORY: out of memory
=== Source Location Trace: ===
external/xla/xla/stream_executor/cuda/cuda_status.cc:45
external/xla/xla/stream_executor/cuda/cuda_device_allocator.cc:226
external/xla/xla/stream_executor/cuda/cuda_device_allocator.cc:403

E0911 14:49:51.674244 3769007 cuda_executor.cc:1176] [0] Failed to allocate device memory of 84.93GiB (91194335232 bytes): RESOURCE_EXHAUSTED: : CUDA_ERROR_OUT_OF_MEMORY: out of memory
=== Source Location Trace: ===
external/xla/xla/stream_executor/cuda/cuda_status.cc:45
external/xla/xla/stream_executor/cuda/cuda_device_allocator.cc:226
external/xla/xla/stream_executor/cuda/cuda_device_allocator.cc:403

E0911 14:49:51.675326 3769007 cuda_executor.cc:1176] [0] Failed to allocate device memory of 76.44GiB (82074902528 bytes): RESOURCE_EXHAUSTED: : CUDA_ERROR_OUT_OF_MEMORY: out of memory
=== Source Location Trace: ===
external/xla/xla/stream_executor/cuda/cuda_status.cc:45
external/xla/xla/stream_executor/cuda/cuda_device_allocator.cc:226
external/xla/xla/stream_executor/cuda/cuda_device_allocator.cc:403

E0911 14:49:51.677816 3769007 cuda_executor.cc:1176] [0] Failed to allocate device memory of 68.79GiB (73867411456 bytes): RESOURCE_EXHAUSTED: : CUDA_ERROR_OUT_OF_MEMORY: out of memory
=== Source Location Trace: ===
external/xla/xla/stream_executor/cuda/cuda_status.cc:45
external/xla/xla/stream_executor/cuda/cuda_device_allocator.cc:226
external/xla/xla/stream_executor/cuda/cuda_device_allocator.cc:403

E0911 14:49:51.678112 3769007 cuda_executor.cc:1176] [0] Failed to allocate device memory of 61.91GiB (66480668672 bytes): RESOURCE_EXHAUSTED: : CUDA_ERROR_OUT_OF_MEMORY: out of memory
=== Source Location Trace: ===
external/xla/xla/stream_executor/cuda/cuda_status.cc:45
external/xla/xla/stream_executor/cuda/cuda_device_allocator.cc:226
external/xla/xla/stream_executor/cuda/cuda_device_allocator.cc:403

E0911 14:49:51.679178 3769007 cuda_executor.cc:1176] [0] Failed to allocate device memory of 55.72GiB (59832598528 bytes): RESOURCE_EXHAUSTED: : CUDA_ERROR_OUT_OF_MEMORY: out of memory
=== Source Location Trace: ===
external/xla/xla/stream_executor/cuda/cuda_status.cc:45
external/xla/xla/stream_executor/cuda/cuda_device_allocator.cc:226
external/xla/xla/stream_executor/cuda/cuda_device_allocator.cc:403

E0911 14:49:51.679484 3769007 cuda_executor.cc:1176] [0] Failed to allocate device memory of 50.15GiB (53849337856 bytes): RESOURCE_EXHAUSTED: : CUDA_ERROR_OUT_OF_MEMORY: out of memory
=== Source Location Trace: ===
external/xla/xla/stream_executor/cuda/cuda_status.cc:45
external/xla/xla/stream_executor/cuda/cuda_device_allocator.cc:226
external/xla/xla/stream_executor/cuda/cuda_device_allocator.cc:403

E0911 14:49:51.681563 3769007 cuda_executor.cc:1176] [0] Failed to allocate device memory of 45.14GiB (48464404480 bytes): RESOURCE_EXHAUSTED: : CUDA_ERROR_OUT_OF_MEMORY: out of memory
=== Source Location Trace: ===
external/xla/xla/stream_executor/cuda/cuda_status.cc:45
external/xla/xla/stream_executor/cuda/cuda_device_allocator.cc:226
external/xla/xla/stream_executor/cuda/cuda_device_allocator.cc:403

E0911 14:49:51.681857 3769007 cuda_executor.cc:1176] [0] Failed to allocate device memory of 40.62GiB (43617964032 bytes): RESOURCE_EXHAUSTED: : CUDA_ERROR_OUT_OF_MEMORY: out of memory
=== Source Location Trace: ===
external/xla/xla/stream_executor/cuda/cuda_status.cc:45
external/xla/xla/stream_executor/cuda/cuda_device_allocator.cc:226
external/xla/xla/stream_executor/cuda/cuda_device_allocator.cc:403

E0911 14:49:51.684190 3769007 cuda_executor.cc:1176] [0] Failed to allocate device memory of 36.56GiB (39256166400 bytes): RESOURCE_EXHAUSTED: : CUDA_ERROR_OUT_OF_MEMORY: out of memory
=== Source Location Trace: ===
external/xla/xla/stream_executor/cuda/cuda_status.cc:45
external/xla/xla/stream_executor/cuda/cuda_device_allocator.cc:226
external/xla/xla/stream_executor/cuda/cuda_device_allocator.cc:403

SOLOVEV_COMPILATION_CACHE directory=/home/ITER/mcintos/.cache/nova/jax-compilation/runtime-0745ecebea4cb264e054 version=runtime-0745ecebea4cb264e054
SOLOVEV_STAGE_BEGIN case=weak-rotation-reactor-static requested_cells=-110 stage=case_and_machine
SOLOVEV_STAGE_END case=weak-rotation-reactor-static requested_cells=-110 stage=case_and_machine elapsed_seconds=0.211443
SOLOVEV_STAGE_BEGIN case=weak-rotation-reactor-static requested_cells=-110 stage=operator_and_seed
SOLOVEV_STAGE_END case=weak-rotation-reactor-static requested_cells=-110 stage=operator_and_seed elapsed_seconds=26.705456
SOLOVEV_STAGE_BEGIN case=weak-rotation-reactor-static requested_cells=-110 stage=production_solve
SOLOVEV_STAGE_HEARTBEAT case=weak-rotation-reactor-static requested_cells=-110 stage=production_solve elapsed_seconds=30.000
SOLOVEV_STAGE_HEARTBEAT case=weak-rotation-reactor-static requested_cells=-110 stage=production_solve elapsed_seconds=61.207
SOLOVEV_STAGE_HEARTBEAT case=weak-rotation-reactor-static requested_cells=-110 stage=production_solve elapsed_seconds=91.213
SOLOVEV_STAGE_HEARTBEAT case=weak-rotation-reactor-static requested_cells=-110 stage=production_solve elapsed_seconds=121.214
SOLOVEV_STAGE_HEARTBEAT case=weak-rotation-reactor-static requested_cells=-110 stage=production_solve elapsed_seconds=151.214
SOLOVEV_STAGE_HEARTBEAT case=weak-rotation-reactor-static requested_cells=-110 stage=production_solve elapsed_seconds=181.214
SOLOVEV_STAGE_END case=weak-rotation-reactor-static requested_cells=-110 stage=production_solve elapsed_seconds=186.368818
SOLOVEV_STAGE_BEGIN case=weak-rotation-reactor-static requested_cells=-110 stage=accuracy_scoring
SOLOVEV_STAGE_END case=weak-rotation-reactor-static requested_cells=-110 stage=accuracy_scoring elapsed_seconds=0.576911
SOLOVEV_STAGE_BEGIN case=weak-rotation-reactor-static requested_cells=-110 stage=figure_render
SOLOVEV_STAGE_END case=weak-rotation-reactor-static requested_cells=-110 stage=figure_render elapsed_seconds=0.568669
NEWTON_GEOMETRY_ROW case=weak-rotation-reactor-static requested_cells=-110 qualification=unqualified terminal_residual=0.0016299649299017316 converged=False trips=6 between_trip_changes=[61, 11, 2, 0, 0, 0] part=docs/figures/cut-cell-current-attribution/newton-geometry/weak-rotation-reactor-static-production-route-reduced.png
