20209 False [(('_rebuilt_model_promotion.<locals>.damping_trial:1567', '_rebuilt_model_promotion.<locals>.damping_trial:1555'), 32)]
17749 False [(('_smooth_relative_sup_merit:1029', '_smooth_relative_sup_merit:1024'), 16)]
17352 False [(('_steepest_descent_promotion:1668', '_steepest_descent_promotion:1638'), 17)]
16171 False [(('run_operator_requests.<locals>.serve:989', '_newton_krylov_inner.<locals>.newton_body.<locals>.attempt_step.<locals>.promoted_state.<locals>.promotion_attempt.<locals>.<lambda>:3234'), 713)]
12671 False [(('run_operator_requests:991',), 163)]
10015 False [(('_rebuilt_model_promotion.<locals>.damping_trial:1541', '_rebuilt_model_promotion.<locals>.damping_trial:1555'), 109)]
10013 False [(('_rebuilt_model_promotion.<locals>.damping_trial:1541', '_rebuilt_model_promotion.<locals>.damping_trial:1555'), 30)]
8170 True [(('_smooth_relative_sup_merit:1029', '_smooth_relative_sup_merit:1024'), 7)]
7916 False [(('_qualified_krylov_step:2044', '_qualified_krylov_step:2023'), 20)]
7726 True [(('operator_request_body.<locals>.evaluate:945', 'operator_request_body.<locals>.evaluate:964'), 9)]
7722 True [(('_smooth_relative_sup_merit:1029', '_smooth_relative_sup_merit:1024'), 7)]
2694 False [(('_record_merit:1042', '_record_merit:1041'), 39)]
2632 False [(('_projected_krylov_condition.<locals>.arnoldi_column:812', '_projected_krylov_condition.<locals>.arnoldi_column:836'), 27)]
2626 False [(('_qualified_krylov_step:2044', '_qualified_krylov_step:2023'), 91)]
2623 False [(('_projected_krylov_condition:840',), 60)]
2614 False [(('_backtracking_scores:1242', '_backtracking_scores:1235'), 17)]
2407 False [(('_active_set_newton_krylov:4125',), 49)]
2316 True []
2310 True []
2310 False []
2310 False []
2310 False []
2310 True []
1886 False [(('_newton_krylov_inner:3507',), 44)]
