{"hlo": "/home/ITER/mcintos/.config/reckon/crew/runs/r-20260922T103934949557-fsri-one-traced-operator-state-machine/optimized-hlo/candidate-1000.hlo.txt", "optimized_instructions": 304913, "map_site_count": 35, "map_instructions": 167786, "shared_body_sites": 6, "shared_body_instructions": 30578, "direct_map_instructions": 137208}
20218 4 False {'jvp': 5275, 'transpose': 7276, 'primal': 7667} ranch_1_fun/while/body/cond/branch_1_fun/cond/branch_1_fun/while/body/cond/branch_1_fun/while/body/closed_call
17777 3 False {'primal': 9960, 'jvp': 227, 'transpose': 7590} body/closed_call/cond/branch_1_fun/while/body/cond/branch_1_fun/cond/branch_1_fun/while/body/cond/branch_1_fun
17369 3 False {'jvp': 10479, 'transpose': 6890} ond/branch_1_fun/while/body/cond/branch_1_fun/cond/branch_1_fun/while/body/cond/branch_1_fun/cond/branch_1_fun
16180 4 False {'jvp': 8005, 'primal': 8175} ranch_1_fun/while/body/cond/branch_1_fun/cond/branch_1_fun/while/body/cond/branch_0_fun/while/body/closed_call
12672 2 False {'jvp': 12672} jit(solve)/while/body/closed_call/cond/branch_1_fun/while/body
10021 6 False {'jvp': 2677, 'transpose': 7344} /cond/branch_1_fun/cond/branch_1_fun/while/body/cond/branch_1_fun/while/body/closed_call/while/body/while/body
10019 5 False {'jvp': 2675, 'transpose': 7344} /while/body/cond/branch_1_fun/cond/branch_1_fun/while/body/cond/branch_1_fun/while/body/closed_call/while/body
8179 4 True {'jvp': 8179} ile/body/cond/branch_1_fun/cond/branch_1_fun/while/body/cond/branch_0_fun/while/body/closed_call/jit(evaluate)
7917 2 False {'jvp': 7917} jit(solve)/while/body/closed_call/cond/branch_1_fun/while/body/cond/branch_1_fun
7735 2 True {'jvp': 7735} jit(solve)/while/body/closed_call/cond/branch_1_fun/while/body/closed_call/jit(evaluate)
7731 4 True {'jvp': 7731} ch_1_fun/cond/branch_1_fun/while/body/cond/branch_1_fun/cond/branch_1_fun/while/body/closed_call/jit(evaluate)
2694 3 False {'jvp': 2694} jit(solve)/while/body/closed_call/cond/branch_1_fun/while/body/cond/branch_1_fun/cond/branch_1_fun/while/body
2632 3 False {'jvp': 2632} jit(solve)/while/body/closed_call/cond/branch_1_fun/while/body/cond/branch_1_fun/while/body/closed_call
2626 4 False {'jvp': 2626} jit(solve)/while/body/closed_call/cond/branch_1_fun/while/body/cond/branch_1_fun/while/body/while/body
2623 3 False {'jvp': 2623} jit(solve)/while/body/closed_call/cond/branch_1_fun/while/body/cond/branch_1_fun/while/body
2614 3 False {'jvp': 2614} body/closed_call/cond/branch_1_fun/while/body/cond/branch_1_fun/cond/branch_1_fun/while/body/cond/branch_0_fun
2406 0 False {'primal': 2406} jit(solve)
2315 2 True {'primal': 2315} jit(solve)/while/body/closed_call/cond/branch_1_fun/while/body/closed_call/jit(evaluate)/cond/branch_1_fun
2309 4 True {'primal': 2309} un/cond/branch_1_fun/while/body/cond/branch_0_fun/while/body/closed_call/jit(evaluate)/jvp()/cond/branch_0_fun
2309 4 False {'primal': 2309} body/cond/branch_1_fun/cond/branch_1_fun/while/body/cond/branch_0_fun/while/body/closed_call/cond/branch_0_fun
2309 3 False {'primal': 2309} ond/branch_1_fun/while/body/cond/branch_1_fun/cond/branch_1_fun/while/body/cond/branch_1_fun/cond/branch_0_fun
2309 4 False {'primal': 2309} body/cond/branch_1_fun/cond/branch_1_fun/while/body/cond/branch_1_fun/while/body/closed_call/cond/branch_0_fun
2309 4 True {'primal': 2309} un/while/body/cond/branch_1_fun/cond/branch_1_fun/while/body/closed_call/jit(evaluate)/jvp()/cond/branch_0_fun
1885 1 False {'primal': 1885} jit(solve)/while/body/closed_call/cond/branch_1_fun
337 0 False {'jvp': 213, 'primal': 114, 'transpose': 10} 
80 2 False {'primal': 70, 'transpose': 10} cond/branch_1_fun/while/body/cond/branch_1_fun/cond/branch_1_fun/while/body/cond/branch_1_fun
70 2 False {'transpose': 10, 'jvp': 60} ond/branch_1_fun/while/body/cond/branch_1_fun/cond/branch_1_fun/while/body/cond/branch_1_fun/cond/branch_1_fun
60 1 False {'jvp': 60} cond/branch_1_fun/while/body
21 1 False {'jvp': 21} cond/branch_1_fun/while/body/cond/branch_1_fun
16 2 False {'transpose': 10, 'jvp': 6} while/body/while/body
16 1 False {'transpose': 10, 'jvp': 6} while/body
7 2 False {'jvp': 7} cond/branch_1_fun/while/body/cond/branch_1_fun/cond/branch_1_fun/while/body/cond/branch_0_fun
7 2 False {'jvp': 7} cond/branch_1_fun/while/body/cond/branch_1_fun/cond/branch_1_fun/while/body
7 3 False {'jvp': 7} cond/branch_1_fun/while/body/cond/branch_1_fun/while/body/while/body
7 2 False {'jvp': 7} cond/branch_1_fun/while/body/cond/branch_1_fun/while/body
