warning: `VIRTUAL_ENV=/home/ITER/mcintos/Code/reckon/.venv` does not match the project environment path `/home/ITER/mcintos/Code/nova/.venv` and will be ignored; use `--active` to target the active environment instead
11:18:57 INFO     Parsing data dictionary version 4.1.1 [90m@dd_zip.py:89[0m
============================= test session starts ==============================
platform linux -- Python 3.14.2, pytest-9.1.1, pluggy-1.6.0
rootdir: /home/ITER/mcintos/Code/.reckon-worktrees/nova-a0f1e0938fc2/5384e3ab-85b1-4ca8-914b-bcb194a05e29/analytic-seed-adjudication
configfile: pyproject.toml
plugins: anyio-4.14.2, zarr-3.2.1, asyncio-1.4.0, typeguard-2.13.3, jaxtyping-0.3.11, cov-7.1.0
asyncio: mode=Mode.AUTO, debug=False, asyncio_default_fixture_loop_scope=function, asyncio_default_test_loop_scope=function
collected 1 item

tests/test_equilibrium_stencil_mesh.py .                                 [100%]

============================== 1 passed in 4.61s ===============================
{
  "interior_m0_l1_percent": 0.00474085058817,
  "ring_m0_l1_percent": 0.16004849848483,
  "attributed_vs_support_a": -621.3295577503741,
  "topology_zero_cells": 17,
  "zero_current_leakage_a": 0.0
}
true
STORED_DIGITS_EXIT=0
