REVISION=bd439c315c5ec9db523d22e0eb5addc164be7a33
TREE=/home/ITER/mcintos/Code/.reckon-worktrees/nova-a0f1e0938fc2/s21-nova/fsri-forward-solve-file-verification
WRAP_COMMAND=/home/ITER/mcintos/Code/nova/.venv/bin/python -m pytest -p no:cacheprovider tests/test_equilibrium_forward_solve.py::test_the_accelerator_routes_agree_on_the_fixed_point -v --durations=0 --timeout 10000
============================= test session starts ==============================
platform linux -- Python 3.14.2, pytest-9.1.1, pluggy-1.6.0 -- /home/ITER/mcintos/Code/nova/.venv/bin/python
rootdir: /home/ITER/mcintos/Code/.reckon-worktrees/nova-a0f1e0938fc2/s21-nova/fsri-forward-solve-file-verification
configfile: pyproject.toml
plugins: anyio-4.14.2, zarr-3.2.1, asyncio-1.4.0, timeout-2.4.0, typeguard-2.13.3, jaxtyping-0.3.11, xdist-3.8.0, cov-7.1.0
asyncio: mode=Mode.AUTO, debug=False, asyncio_default_fixture_loop_scope=function, asyncio_default_test_loop_scope=function
timeout: 10000.0s
timeout method: signal
timeout func_only: False
collecting ... 21:21:50 INFO     Parsing data dictionary version 4.1.1 [90m@dd_zip.py:89[0m
collected 1 item

tests/test_equilibrium_forward_solve.py::test_the_accelerator_routes_agree_on_the_fixed_point PASSED [100%]

============================== slowest durations ===============================
1957.16s call     tests/test_equilibrium_forward_solve.py::test_the_accelerator_routes_agree_on_the_fixed_point
380.22s setup    tests/test_equilibrium_forward_solve.py::test_the_accelerator_routes_agree_on_the_fixed_point

(1 durations < 0.005s hidden.  Use -vv to show these durations.)
======================== 1 passed in 2344.83s (0:39:04) ========================
EXIT=0
