NOVA_LANE_START=2026-10-02T21:20:18+0200
PLACEMENT=submit
RUNG=cpu
SLURM_JOB_ID=1280474
SLURM_JOB_PARTITION=all_debug
SOURCE_REVISION=bd439c315c5ec9db523d22e0eb5addc164be7a33
REPOSITORY_ROOT=/home/ITER/mcintos/Code/.reckon-worktrees/nova-a0f1e0938fc2/s21-nova/fsri-forward-solve-file-verification
PYTHON=/home/ITER/mcintos/Code/nova/.venv/bin/python
PYTHONPATH=/home/ITER/mcintos/Code/.reckon-worktrees/nova-a0f1e0938fc2/s21-nova/fsri-forward-solve-file-verification
JAX_PLATFORMS=cpu
TMPDIR=/tmp
MODE=pytest
PYTEST_TIMEOUT=3600
COMMAND=/home/ITER/mcintos/Code/nova/.venv/bin/python -m pytest -p no:cacheprovider tests/test_equilibrium_forward_solve.py::test_the_vacuum_field_is_a_second_fixed_point tests/test_equilibrium_forward_solve.py::test_the_solve_reaches_one_equilibrium_from_several_seeds tests/test_equilibrium_forward_solve.py::test_the_batched_ensemble_solve_matches_the_per_slice_solve tests/test_equilibrium_forward_solve.py::test_the_topology_portfolio_matches_per_branch_solves_under_jit_and_vmap -v --durations=0 --timeout 3600 
============================= test session starts ==============================
platform linux -- Python 3.14.2, pytest-9.1.1, pluggy-1.6.0 -- /home/ITER/mcintos/Code/nova/.venv/bin/python
rootdir: /home/ITER/mcintos/Code/.reckon-worktrees/nova-a0f1e0938fc2/s21-nova/fsri-forward-solve-file-verification
configfile: pyproject.toml
plugins: anyio-4.14.2, zarr-3.2.1, asyncio-1.4.0, timeout-2.4.0, typeguard-2.13.3, jaxtyping-0.3.11, xdist-3.8.0, cov-7.1.0
asyncio: mode=Mode.AUTO, debug=False, asyncio_default_fixture_loop_scope=function, asyncio_default_test_loop_scope=function
timeout: 3600.0s
timeout method: signal
timeout func_only: False
collecting ... 21:20:28 INFO     Parsing data dictionary version 4.1.1 [90m@dd_zip.py:89[0m
collected 4 items

tests/test_equilibrium_forward_solve.py::test_the_vacuum_field_is_a_second_fixed_point PASSED [ 25%]
tests/test_equilibrium_forward_solve.py::test_the_solve_reaches_one_equilibrium_from_several_seeds PASSED [ 50%]
tests/test_equilibrium_forward_solve.py::test_the_batched_ensemble_solve_matches_the_per_slice_solve slurmstepd: error: *** JOB 1280474 ON 98dci4-clu-3142 CANCELLED AT 2026-10-02T22:19:25 DUE TO TIME LIMIT ***
