REVISION=047405ee3313fb69999d97640d8739b917d24ee7
TREE=.
WRAP_COMMAND=/home/ITER/mcintos/Code/nova/.venv/bin/python -m pytest -p no:cacheprovider tests/test_equilibrium_forward_solve.py::test_the_topology_portfolio_matches_per_branch_solves_under_jit_and_vmap -v --durations=0 --timeout 10000
============================= test session starts ==============================
platform linux -- Python 3.14.2, pytest-9.1.1, pluggy-1.6.0 -- /home/ITER/mcintos/Code/nova/.venv/bin/python
rootdir: .
configfile: pyproject.toml
plugins: anyio-4.14.2, zarr-3.2.1, asyncio-1.4.0, timeout-2.4.0, typeguard-2.13.3, jaxtyping-0.3.11, xdist-3.8.0, cov-7.1.0
asyncio: mode=Mode.AUTO, debug=False, asyncio_default_fixture_loop_scope=function, asyncio_default_test_loop_scope=function
timeout: 10000.0s
timeout method: signal
timeout func_only: False
collecting ... 22:22:57 INFO     Parsing data dictionary version 4.1.1 [90m@dd_zip.py:89[0m
collected 1 item

tests/test_equilibrium_forward_solve.py::test_the_topology_portfolio_matches_per_branch_solves_under_jit_and_vmap PASSED [100%]

============================== slowest durations ===============================
134.91s call     tests/test_equilibrium_forward_solve.py::test_the_topology_portfolio_matches_per_branch_solves_under_jit_and_vmap
13.14s setup    tests/test_equilibrium_forward_solve.py::test_the_topology_portfolio_matches_per_branch_solves_under_jit_and_vmap

(1 durations < 0.005s hidden.  Use -vv to show these durations.)
======================== 1 passed in 177.63s (0:02:57) =========================
EXIT=0
