# revision: f9603c3be1e2ced6d06bc28bdff8598b6cc153ed
# tree: /home/ITER/mcintos/Code/.reckon-worktrees/nova-a0f1e0938fc2/s21-nova/ctta-hex-contour-mesh (module mutated in place: wall-vertex flux from nearest hex centre)
# command: pytest tests/test_contour_tree_mesh.py -q -p no:cacheprovider
01:48:12 INFO     Parsing data dictionary version 4.1.1 [90m@dd_zip.py:89[0m
F.......                                                                 [100%]
=================================== FAILURES ===================================
________________ test_wall_vertex_flux_is_linear_interpolation _________________

    def test_wall_vertex_flux_is_linear_interpolation():
        rz = hex_lattice(9, 9)
        wall = [circle_unit(3.5)]
        mesh = build(rz, wall)
        wall_mask = np.asarray(mesh.vertex_is_wall) & np.asarray(mesh.vertex_valid)
        assert wall_mask.sum() > 0
        got = np.asarray(mesh.vertex_psi)[wall_mask]
        want = linear_flux(np.asarray(mesh.vertex_rz)[wall_mask])
        error = np.max(np.abs(got - want))
>       assert error < 1e-12
E       assert np.float64(0.18500000000000005) < 1e-12

tests/test_contour_tree_mesh.py:76: AssertionError
=========================== short test summary info ============================
FAILED tests/test_contour_tree_mesh.py::test_wall_vertex_flux_is_linear_interpolation
1 failed, 7 passed in 6.98s
EXIT=1
