Full unabridged log archived at /home/ITER/mcintos/.config/reckon/crew/runs/r-20260921T151458383790-cca-continuous-confined-moments-and-tangent/records/original-artifacts/rows-titan-adjoint/solve-300.log
COMPILE_EVENT {"event": "/jax/core/compile/backend_compile_duration", "seconds": 6.317061424255371, "fun_name": "jit(read_qualification)"}
COMPILE_EVENT {"event": "/jax/core/compile/backend_compile_duration", "seconds": 6.250906467437744, "fun_name": "jit(read_qualification)"}
BUILT requested=-300 realised=342 seconds=21.85 cache={'store': '/home/ITER/mcintos/.local/share/nova/0.11.0/analytic_oracle_hex_machine_300.zarr', 'semantic_key': 'b9d893c32a653ef4', 'hit': True, 'lock_wait_seconds': 0.0, 'load_seconds': 0.2303791381418705, 'build_seconds': 0.0, 'store_seconds': 0.0}
COMPILE_EVENT {"event": "/jax/core/compile/backend_compile_duration", "seconds": 6.170097589492798, "fun_name": "jit(read_qualification)"}
COMPILE_EVENT {"event": "/jax/core/compile/backend_compile_duration", "seconds": 7.368043899536133, "fun_name": "jit(mapped)"}
SNAPSHOT analytic-input residual=9.59626539e-05 amplitude=1.000021446 unscaled=16314423.44 support=342 band=74 axis_error=0.0032192470878520396
COMPILE_EVENT {"event": "/jax/core/compile/backend_compile_duration", "seconds": 7.63840126991272, "fun_name": "jit(mapped)"}
SNAPSHOT analytic-mapped residual=8.823311383e-05 amplitude=1.00008217 unscaled=16313432.83 support=342 band=74 axis_error=0.0032038231979701418
SNAPSHOT 0 residual=0.171021627 amplitude=2.018307854 unscaled=8083391.877 support=342 band=48 axis_error=0.06294687974941242
ANALYTIC_CHECKS {"analytic_pinned": {"relative_sup": 9.596265389826393e-05, "absolute_sup_wb": 0.004790495423779441, "worst_index": 403}, "analytic_unpinned": {"relative_sup": 5.3049047927230096e-05, "absolute_sup_wb": 0.002648023809344431, "worst_index": 1337}, "pin_changes_analytic_image_max_wb": 0.0041524669713908224}
POSITIVE_CONTROLS {"seed_vs_analytic_shadow_difference_indices": [], "seed_vs_analytic_nonzero_current_difference_cells": [2, 4, 5, 6, 7, 8, 9, 10, 12, 13, 14, 15, 16, 17, 18, 19, 20, 22, 23, 24, 25, 26, 27, 28, 29, 30, 31, 32, 33, 34, 35, 36, 37, 39, 40, 41, 42, 43, 44, 50, 51, 91, 93, 94, 96, 97, 98, 99, 100, 101, 102, 103, 106, 108, 109, 110, 111, 112, 114, 117, 119, 121, 123, 125, 127, 129, 131, 133, 135, 137, 149, 150, 151, 152, 153, 154, 155, 157, 159, 160, 171, 188, 192, 193, 248, 249, 250, 251, 252, 253, 254, 255, 256, 257, 258, 259, 260, 261, 262, 263, 264, 265, 266, 267, 270, 271, 272, 273, 283, 284, 286, 287, 288, 289, 290, 291, 292, 293, 294, 295, 296, 297, 298, 299, 300, 302, 304, 305, 308, 309, 311, 312, 314, 315, 316, 318, 321, 322, 323, 324, 325, 326, 327, 328, 332, 333, 334, 335, 337, 338, 339], "seed_vs_analytic_current_max_difference_a": 69473.05677584783, "analytic_has_supported_cells": true, "analytic_has_boundary_band_cells": true}
PRODUCTION_SOLVE_START {"route": "newton_krylov", "newton_steps": 10, "gmres_iterations": 30, "warmup": 0, "relaxation": 0.5, "step_cap": 10.0, "active_set_steps": 16, "kernel_tolerance": 1e-12, "qualification_tolerance": 1e-12, "current_pin": true, "settled_exit": true, "own_mask_acceptance": true, "continuation": true, "best_iterate_retention": true, "stagnation_stop": true, "exact_kernels": true, "cached_machine": true, "compilation_cache": true}
COMPILE_EVENT {"event": "/jax/core/compile/jaxpr_trace_duration", "seconds": 18.28015375137329, "fun_name": "solve"}
COMPILE_EVENT {"event": "/jax/core/compile/jaxpr_to_mlir_module_duration", "seconds": 5.089398622512817, "fun_name": "jit(solve)"}
COMPILE_EVENT {"event": "/jax/core/compile/backend_compile_duration", "seconds": 100.14217925071716, "fun_name": "jit(solve)"}
CAPTURED_TRIP 1 residual=0.05189744283
CAPTURED_TRIP 2 residual=0.05185137016
CAPTURED_TRIP 3 residual=0.05185118456
CAPTURED_TRIP 4 residual=0.05185117055
CAPTURED_TRIP 5 residual=0.05185117052
CAPTURED_TRIP 6 residual=0.05185117052
COMPILE_EVENT {"event": "/jax/core/compile/backend_compile_duration", "seconds": 1.5061113834381104, "fun_name": "jit(scan)"}
COMPILE_EVENT {"event": "/jax/core/compile/backend_compile_duration", "seconds": 1.0925276279449463, "fun_name": "jit(argsort)"}
COMPILE_EVENT {"event": "/jax/core/compile/backend_compile_duration", "seconds": 5.970618009567261, "fun_name": "jit(read_qualification)"}
SNAPSHOT 1 residual=0.05189744283 amplitude=1.77311777 unscaled=9201178.618 support=342 band=51 axis_error=0.12479929675376131
SNAPSHOT 2 residual=0.05185137016 amplitude=1.772740445 unscaled=9203137.075 support=342 band=52 axis_error=0.12480274877058775
SNAPSHOT 3 residual=0.05185118456 amplitude=1.772738831 unscaled=9203145.454 support=342 band=52 axis_error=0.12480274880914788
SNAPSHOT 4 residual=0.05185117055 amplitude=1.772738709 unscaled=9203146.087 support=342 band=52 axis_error=0.12480274881205838
SNAPSHOT 5 residual=0.05185117052 amplitude=1.772738709 unscaled=9203146.088 support=342 band=52 axis_error=0.1248027488120656
SNAPSHOT 6 residual=0.05185117052 amplitude=1.772738709 unscaled=9203146.088 support=342 band=52 axis_error=0.1248027488120656
