building terminal chord
Traceback (most recent call last):
  File "docs/figures/cut-cell-current-attribution/outboard-hole/measure.py", line 110, in <module>
    main()
    ~~~~^^
  File "docs/figures/cut-cell-current-attribution/outboard-hole/measure.py", line 46, in main
    context = census._build_context(control)
  File "benchmarks/unit_amplitude_current_census.py", line 256, in _build_context
    exact_physical = oracle_fixture.exact_current_moments(
        source_case, empty_operator, oracle_state
    )
  File "scripts/analytic_oracle_fixtures/measure.py", line 1029, in exact_current_moments
    support = _analytic_profile_support(
        case if analytic is None else analytic, operator, state
    )
  File "scripts/analytic_oracle_fixtures/measure.py", line 1014, in _analytic_profile_support
    return operator._profile_support(
           ~~~~~~~~~~~~~~~~~~~~~~~~~^
        masks, topology, physical, sample_psi_norm
        ^^^^^^^^^^^^^^^^^^^^^^^^^^^^^^^^^^^^^^^^^^
    ).qualify(jnp.asarray(participation))
    ^
  File "nova/equilibrium/forward_operator.py", line 3091, in _profile_support
    saddle_vertex=topology.x_point,
                  ^^^^^^^^^^^^^^^^
AttributeError: 'types.SimpleNamespace' object has no attribute 'x_point'
