Traceback (most recent call last):
  File "docs/figures/cut-cell-current-attribution/outboard-hole/measure.py", line 421, in <module>
    main()
    ~~~~^^
  File "docs/figures/cut-cell-current-attribution/outboard-hole/measure.py", line 413, in main
    measure(args.revision)
    ~~~~~~~^^^^^^^^^^^^^^^
  File "docs/figures/cut-cell-current-attribution/outboard-hole/measure.py", line 180, in measure
    _write("terminal-attribution.json", payload)
    ~~~~~~^^^^^^^^^^^^^^^^^^^^^^^^^^^^^^^^^^^^^^
  File "docs/figures/cut-cell-current-attribution/outboard-hole/measure.py", line 65, in _write
    json.dumps(census._strict(payload), indent=2, allow_nan=False) + "\n"
    ~~~~~~~~~~^^^^^^^^^^^^^^^^^^^^^^^^^^^^^^^^^^^^^^^^^^^^^^^^^^^^
  File "/home/ITER/mcintos/.local/share/uv/python/cpython-3.14.2-linux-x86_64-gnu/lib/python3.14/json/__init__.py", line 242, in dumps
    **kw).encode(obj)
          ~~~~~~^^^^^
  File "/home/ITER/mcintos/.local/share/uv/python/cpython-3.14.2-linux-x86_64-gnu/lib/python3.14/json/encoder.py", line 202, in encode
    chunks = self.iterencode(o, _one_shot=True)
  File "/home/ITER/mcintos/.local/share/uv/python/cpython-3.14.2-linux-x86_64-gnu/lib/python3.14/json/encoder.py", line 263, in iterencode
    return _iterencode(o, 0)
  File "/home/ITER/mcintos/.local/share/uv/python/cpython-3.14.2-linux-x86_64-gnu/lib/python3.14/json/encoder.py", line 182, in default
    raise TypeError(f'Object of type {o.__class__.__name__} '
                    f'is not JSON serializable')
TypeError: Object of type ArrayImpl is not JSON serializable
when serializing dict item 'axis'
when serializing dict item 'topology'
when serializing dict item 'chord'
when serializing dict item 'mode_details'
