POLYGON cell=9 verts=6
POLYGON vertices RZ: [[ 1.464993466 -1.104351924]
 [ 1.371030992 -1.104351924]
 [ 1.324049756 -1.022978035]
 [ 1.371030992 -0.941604146]
 [ 1.464993466 -0.941604146]
 [ 1.511974702 -1.022978035]]
XPOINT [ 1.502528 -1.01728 ] AXIS [1.7870647  0.04677363] polarity 1.0 boundary_flux -1.524015784867935e-16
carrier saddle=True
carrier wedge areas [0.00057243 0.00419    0.01763983 0.00053601]
carrier wedge counts [4 4 6 4]
  carrier slot 0 verts=4 area=5.724342025277e-04 centroid=[ 1.49556602 -1.0411671 ]
    RZ: [[ 1.502528    -1.01728    ]
 [ 1.467985079 -1.099170297]
 [ 1.511974702 -1.022978035]
 [ 1.495616284 -0.994644423]]
  carrier slot 1 verts=4 area=4.190000531810e-03 centroid=[ 1.43820104 -1.07501044]
    RZ: [[ 1.502528    -1.01728    ]
 [ 1.36720501  -1.097725128]
 [ 1.371030992 -1.104351924]
 [ 1.453439435 -1.104351924]]
  carrier slot 2 verts=6 area=1.763982724291e-02 centroid=[ 1.40900023 -1.00844098]
    RZ: [[ 1.502528    -1.01728    ]
 [ 1.495616284 -0.994644423]
 [ 1.464993466 -0.941604146]
 [ 1.371030992 -0.941604146]
 [ 1.324049756 -1.022978035]
 [ 1.36720501  -1.097725128]]
  carrier slot 3 verts=4 area=5.360136303949e-04 centroid=[ 1.47395212 -1.07522162]
    RZ: [[ 1.502528    -1.01728    ]
 [ 1.453439435 -1.104351924]
 [ 1.464993466 -1.104351924]
 [ 1.467985079 -1.099170297]]
independent sectors: 4
  sector 0 confined=False verts=6 area=-2.045566725183e-02 centroid=[ 1.41099884 -1.01984397]
    RZ: [[ 1.502528    -1.01728    ]
 [ 1.432276629 -1.104351924]
 [ 1.371030992 -1.104351924]
 [ 1.324049756 -1.022978035]
 [ 1.371030992 -0.941604146]
 [ 1.457341501 -0.941604146]]
  sector 1 confined=True verts=4 area=-5.092381345828e-04 centroid=[ 1.48198043 -0.97709298]
    RZ: [[ 1.502528    -1.01728    ]
 [ 1.457341501 -0.941604146]
 [ 1.464993466 -0.941604146]
 [ 1.506197687 -1.012971951]]
  sector 2 confined=False verts=4 area=-6.380123229111e-05 centroid=[ 1.50738033 -1.02036167]
    RZ: [[ 1.502528    -1.01728    ]
 [ 1.506197687 -1.012971951]
 [ 1.511974702 -1.022978035]
 [ 1.508983089 -1.028159661]]
  sector 3 confined=True verts=4 area=-1.909568988937e-03 centroid=[ 1.47309625 -1.06887462]
    RZ: [[ 1.502528    -1.01728    ]
 [ 1.508983089 -1.028159661]
 [ 1.464993466 -1.104351924]
 [ 1.432276629 -1.104351924]]
chosen independent core slot=1
carrier core area=5.724342025277e-04 independent core area=-5.092381345828e-04 ratio=-0.889601167
carrier set == independent set: False
DIAG-DONE
DIAG_EXIT=0
