revision=d164857fef0ce3e8f911a6bcc0447679d3b780a1 tree=/home/ITER/mcintos/Code/.reckon-worktrees/nova-a0f1e0938fc2/s18-fable-20260922/pcrf-production-route-trip-panels command=JAX_PLATFORMS=cuda /home/ITER/mcintos/Code/nova/.venv/bin/python benchmarks/plasma_cell_trip_panels.py measure --base db2108e6adaca770cda30e39e052d9dcf20e18a9 --before 664ade0c32ac72ac3c37f34f711012f69fa68f5e --output docs/figures/plasma-cell-read-fidelity/trip-panels
Preparing worktree (detached HEAD 664ade0c3)
Updating files:  15% (870/5760)
Updating files:  16% (922/5760)
Updating files:  17% (980/5760)
Updating files:  18% (1037/5760)
Updating files:  19% (1095/5760)
Updating files:  19% (1122/5760)
Updating files:  20% (1152/5760)
Updating files:  21% (1210/5760)
Updating files:  22% (1268/5760)
Updating files:  23% (1325/5760)
Updating files:  24% (1383/5760)
Updating files:  25% (1440/5760)
Updating files:  26% (1498/5760)
Updating files:  26% (1515/5760)
Updating files:  27% (1556/5760)
Updating files:  28% (1613/5760)
Updating files:  29% (1671/5760)
Updating files:  30% (1728/5760)
Updating files:  31% (1786/5760)
Updating files:  32% (1844/5760)
Updating files:  33% (1901/5760)
Updating files:  33% (1925/5760)
Updating files:  34% (1959/5760)
Updating files:  35% (2016/5760)
Updating files:  35% (2020/5760)
Updating files:  36% (2074/5760)
Updating files:  37% (2132/5760)
Updating files:  38% (2189/5760)
Updating files:  39% (2247/5760)
Updating files:  39% (2257/5760)
Updating files:  40% (2304/5760)
Updating files:  40% (2317/5760)
Updating files:  41% (2362/5760)
Updating files:  42% (2420/5760)
Updating files:  43% (2477/5760)
Updating files:  44% (2535/5760)
Updating files:  45% (2592/5760)
Updating files:  45% (2596/5760)
Updating files:  46% (2650/5760)
Updating files:  47% (2708/5760)
Updating files:  48% (2765/5760)
Updating files:  49% (2823/5760)
Updating files:  50% (2880/5760)
Updating files:  50% (2912/5760)
Updating files:  51% (2938/5760)
Updating files:  52% (2996/5760)
Updating files:  53% (3053/5760)
Updating files:  54% (3111/5760)
Updating files:  55% (3168/5760)
Updating files:  55% (3175/5760)
Updating files:  56% (3226/5760)
Updating files:  57% (3284/5760)
Updating files:  58% (3341/5760)
Updating files:  59% (3399/5760)
Updating files:  60% (3456/5760)
Updating files:  61% (3514/5760)
Updating files:  62% (3572/5760)
Updating files:  62% (3587/5760)
Updating files:  63% (3629/5760)
Updating files:  64% (3687/5760)
Updating files:  65% (3744/5760)
Updating files:  65% (3790/5760)
Updating files:  66% (3802/5760)
Updating files:  67% (3860/5760)
Updating files:  68% (3917/5760)
Updating files:  69% (3975/5760)
Updating files:  70% (4032/5760)
Updating files:  71% (4090/5760)
Updating files:  72% (4148/5760)
Updating files:  73% (4205/5760)
Updating files:  74% (4263/5760)
Updating files:  74% (4303/5760)
Updating files:  75% (4320/5760)
Updating files:  76% (4378/5760)
Updating files:  77% (4436/5760)
Updating files:  78% (4493/5760)
Updating files:  79% (4551/5760)
Updating files:  80% (4608/5760)
Updating files:  81% (4666/5760)
Updating files:  82% (4724/5760)
Updating files:  83% (4781/5760)
Updating files:  84% (4839/5760)
Updating files:  85% (4896/5760)
Updating files:  86% (4954/5760)
Updating files:  87% (5012/5760)
Updating files:  88% (5069/5760)
Updating files:  89% (5127/5760)
Updating files:  89% (5130/5760)
Updating files:  90% (5184/5760)
Updating files:  91% (5242/5760)
Updating files:  92% (5300/5760)
Updating files:  93% (5357/5760)
Updating files:  94% (5415/5760)
Updating files:  95% (5472/5760)
Updating files:  96% (5530/5760)
Updating files:  97% (5588/5760)
Updating files:  98% (5645/5760)
Updating files:  99% (5703/5760)
Updating files: 100% (5760/5760)
Updating files: 100% (5760/5760), done.
HEAD is now at 664ade0c3 docs(plan): record the halt evidence and lock mechanism-before-commit
Traceback (most recent call last):
  File "/home/ITER/mcintos/Code/.reckon-worktrees/nova-a0f1e0938fc2/s18-fable-20260922/pcrf-production-route-trip-panels/benchmarks/plasma_cell_trip_panels.py", line 484, in <module>
    raise SystemExit(main())
                     ~~~~^^
  File "/home/ITER/mcintos/Code/.reckon-worktrees/nova-a0f1e0938fc2/s18-fable-20260922/pcrf-production-route-trip-panels/benchmarks/plasma_cell_trip_panels.py", line 479, in main
    measure(args)
    ~~~~~~~^^^^^^
  File "/home/ITER/mcintos/Code/.reckon-worktrees/nova-a0f1e0938fc2/s18-fable-20260922/pcrf-production-route-trip-panels/benchmarks/plasma_cell_trip_panels.py", line 441, in measure
    raise RuntimeError(f"Arm failed; inspect {logpath}")
RuntimeError: Arm failed; inspect /home/ITER/mcintos/Code/.reckon-worktrees/nova-a0f1e0938fc2/s18-fable-20260922/pcrf-production-route-trip-panels/docs/figures/plasma-cell-read-fidelity/trip-panels/664ade0c3-exact.log
