use_linear_moments True
physical_node_number 256 node_number 772 grid 135 wall 121 direct 0
clip.area shape=(135,) finite=135/135 nan_cells=[]
clip.full_area shape=(135,) finite=135/135 nan_cells=[]
clip.included shape=(135,) finite=135/135 nan_cells=[]
clip.vertex_count shape=(135,) finite=135/135 nan_cells=[]
clip.first_area_moment shape=(135, 2) finite=270/270 nan_cells=[]
clip.second_area_moment shape=(135, 2, 2) finite=540/540 nan_cells=[]
clip.contour_area shape=() finite=1/1 nan_cells=[]
masks.psi_norm shape=(135,) finite=135/135 nan_cells=[]
masks.profile_participation shape=(135,) finite=135/135 nan_cells=[]
clip.support_vertices shape=(135, 158, 2) finite=42660/42660 nan_cells=[]
refused_cell_count 4
vertex_capacity 158
contour_area 3.0595228885850068
patch_area_sum 20.474122541304414
bank_capacity 135
row_count 79
boundary_selected_cells 35
included_selected_cells 113
max_boundary_per_row 1
boundary_row_histogram [1, 1, 1, 1, 1, 1, 1, 1, 1, 1, 1, 1]
exact cell_current shape=(135,) finite=0/135 nan_cells=[0, 1, 2, 3, 4, 5, 6, 7, 8, 9, 10, 11, 12, 13, 14, 15, 16, 17, 18, 19]
seed-independent done
call 0 cells=135 capacity=1 boundary_reduction=False cut_count=0 overflow=False profile=_FluxSelectedProfile
call 1 cells=135 capacity=1 boundary_reduction=True cut_count=2 overflow=True profile=RotatingDomainProfile
call 2 cells=1 capacity=1 boundary_reduction=False cut_count=1 overflow=False profile=_FluxSelectedProfile
call 3 cells=1 capacity=1 boundary_reduction=True cut_count=1 overflow=False profile=RotatingDomainProfile
call 2 cells=1 capacity=1 boundary_reduction=False cut_count=1 overflow=False profile=_FluxSelectedProfile
call 3 cells=1 capacity=1 boundary_reduction=True cut_count=1 overflow=False profile=RotatingDomainProfile
call 2 cells=1 capacity=1 boundary_reduction=False cut_count=1 overflow=False profile=_FluxSelectedProfile
call 3 cells=1 capacity=1 boundary_reduction=True cut_count=0 overflow=False profile=RotatingDomainProfile
call 2 cells=1 capacity=1 boundary_reduction=False cut_count=1 overflow=False profile=_FluxSelectedProfile
call 3 cells=1 capacity=1 boundary_reduction=True cut_count=0 overflow=False profile=RotatingDomainProfile
call 2 cells=1 capacity=1 boundary_reduction=False cut_count=1 overflow=False profile=_FluxSelectedProfile
call 3 cells=1 capacity=1 boundary_reduction=True cut_count=1 overflow=False profile=RotatingDomainProfile
call 2 cells=1 capacity=1 boundary_reduction=False cut_count=1 overflow=False profile=_FluxSelectedProfile
call 3 cells=1 capacity=1 boundary_reduction=True cut_count=1 overflow=False profile=RotatingDomainProfile
call 2 cells=1 capacity=1 boundary_reduction=False cut_count=1 overflow=False profile=_FluxSelectedProfile
call 3 cells=1 capacity=1 boundary_reduction=True cut_count=1 overflow=False profile=RotatingDomainProfile
call 2 cells=1 capacity=1 boundary_reduction=False cut_count=1 overflow=False profile=_FluxSelectedProfile
call 3 cells=1 capacity=1 boundary_reduction=True cut_count=1 overflow=False profile=RotatingDomainProfile
call 2 cells=1 capacity=1 boundary_reduction=False cut_count=1 overflow=False profile=_FluxSelectedProfile
call 3 cells=1 capacity=1 boundary_reduction=True cut_count=0 overflow=False profile=RotatingDomainProfile
call 2 cells=1 capacity=1 boundary_reduction=False cut_count=1 overflow=False profile=_FluxSelectedProfile
call 3 cells=1 capacity=1 boundary_reduction=True cut_count=1 overflow=False profile=RotatingDomainProfile
call 2 cells=1 capacity=1 boundary_reduction=False cut_count=1 overflow=False profile=_FluxSelectedProfile
call 3 cells=1 capacity=1 boundary_reduction=True cut_count=1 overflow=False profile=RotatingDomainProfile
call 2 cells=1 capacity=1 boundary_reduction=False cut_count=1 overflow=False profile=_FluxSelectedProfile
call 3 cells=1 capacity=1 boundary_reduction=True cut_count=1 overflow=False profile=RotatingDomainProfile
call 2 cells=1 capacity=1 boundary_reduction=False cut_count=1 overflow=False profile=_FluxSelectedProfile
call 3 cells=1 capacity=1 boundary_reduction=True cut_count=1 overflow=False profile=RotatingDomainProfile
call 2 cells=1 capacity=1 boundary_reduction=False cut_count=1 overflow=False profile=_FluxSelectedProfile
call 3 cells=1 capacity=1 boundary_reduction=True cut_count=1 overflow=False profile=RotatingDomainProfile
call 2 cells=1 capacity=1 boundary_reduction=False cut_count=1 overflow=False profile=_FluxSelectedProfile
call 3 cells=1 capacity=1 boundary_reduction=True cut_count=0 overflow=False profile=RotatingDomainProfile
call 2 cells=1 capacity=1 boundary_reduction=False cut_count=1 overflow=False profile=_FluxSelectedProfile
call 3 cells=1 capacity=1 boundary_reduction=True cut_count=1 overflow=False profile=RotatingDomainProfile
call 2 cells=1 capacity=1 boundary_reduction=False cut_count=1 overflow=False profile=_FluxSelectedProfile
call 3 cells=1 capacity=1 boundary_reduction=True cut_count=1 overflow=False profile=RotatingDomainProfile
call 2 cells=1 capacity=1 boundary_reduction=False cut_count=1 overflow=False profile=_FluxSelectedProfile
call 3 cells=1 capacity=1 boundary_reduction=True cut_count=1 overflow=False profile=RotatingDomainProfile
call 2 cells=1 capacity=1 boundary_reduction=False cut_count=1 overflow=False profile=_FluxSelectedProfile
call 3 cells=1 capacity=1 boundary_reduction=True cut_count=0 overflow=False profile=RotatingDomainProfile
call 2 cells=1 capacity=1 boundary_reduction=False cut_count=1 overflow=False profile=_FluxSelectedProfile
call 3 cells=1 capacity=1 boundary_reduction=True cut_count=1 overflow=False profile=RotatingDomainProfile
call 2 cells=1 capacity=1 boundary_reduction=False cut_count=1 overflow=False profile=_FluxSelectedProfile
call 3 cells=1 capacity=1 boundary_reduction=True cut_count=0 overflow=False profile=RotatingDomainProfile
call 2 cells=1 capacity=1 boundary_reduction=False cut_count=1 overflow=False profile=_FluxSelectedProfile
call 3 cells=1 capacity=1 boundary_reduction=True cut_count=1 overflow=False profile=RotatingDomainProfile
call 2 cells=1 capacity=1 boundary_reduction=False cut_count=1 overflow=False profile=_FluxSelectedProfile
call 3 cells=1 capacity=1 boundary_reduction=True cut_count=1 overflow=False profile=RotatingDomainProfile
call 2 cells=1 capacity=1 boundary_reduction=False cut_count=1 overflow=False profile=_FluxSelectedProfile
call 3 cells=1 capacity=1 boundary_reduction=True cut_count=0 overflow=False profile=RotatingDomainProfile
call 2 cells=1 capacity=1 boundary_reduction=False cut_count=1 overflow=False profile=_FluxSelectedProfile
call 3 cells=1 capacity=1 boundary_reduction=True cut_count=1 overflow=False profile=RotatingDomainProfile
call 2 cells=1 capacity=1 boundary_reduction=False cut_count=1 overflow=False profile=_FluxSelectedProfile
call 3 cells=1 capacity=1 boundary_reduction=True cut_count=1 overflow=False profile=RotatingDomainProfile
call 2 cells=1 capacity=1 boundary_reduction=False cut_count=1 overflow=False profile=_FluxSelectedProfile
call 3 cells=1 capacity=1 boundary_reduction=True cut_count=0 overflow=False profile=RotatingDomainProfile
call 2 cells=1 capacity=1 boundary_reduction=False cut_count=1 overflow=False profile=_FluxSelectedProfile
call 3 cells=1 capacity=1 boundary_reduction=True cut_count=1 overflow=False profile=RotatingDomainProfile
call 2 cells=1 capacity=1 boundary_reduction=False cut_count=1 overflow=False profile=_FluxSelectedProfile
call 3 cells=1 capacity=1 boundary_reduction=True cut_count=1 overflow=False profile=RotatingDomainProfile
call 2 cells=1 capacity=1 boundary_reduction=False cut_count=1 overflow=False profile=_FluxSelectedProfile
call 3 cells=1 capacity=1 boundary_reduction=True cut_count=0 overflow=False profile=RotatingDomainProfile
call 2 cells=1 capacity=1 boundary_reduction=False cut_count=1 overflow=False profile=_FluxSelectedProfile
call 3 cells=1 capacity=1 boundary_reduction=True cut_count=1 overflow=False profile=RotatingDomainProfile
call 2 cells=1 capacity=1 boundary_reduction=False cut_count=1 overflow=False profile=_FluxSelectedProfile
call 3 cells=1 capacity=1 boundary_reduction=True cut_count=0 overflow=False profile=RotatingDomainProfile
call 2 cells=1 capacity=1 boundary_reduction=False cut_count=1 overflow=False profile=_FluxSelectedProfile
call 3 cells=1 capacity=1 boundary_reduction=True cut_count=1 overflow=False profile=RotatingDomainProfile
call 2 cells=1 capacity=1 boundary_reduction=False cut_count=1 overflow=False profile=_FluxSelectedProfile
call 3 cells=1 capacity=1 boundary_reduction=True cut_count=1 overflow=False profile=RotatingDomainProfile
call 2 cells=1 capacity=1 boundary_reduction=False cut_count=1 overflow=False profile=_FluxSelectedProfile
call 3 cells=1 capacity=1 boundary_reduction=True cut_count=1 overflow=False profile=RotatingDomainProfile
call 2 cells=1 capacity=1 boundary_reduction=False cut_count=0 overflow=False profile=_FluxSelectedProfile
call 3 cells=1 capacity=1 boundary_reduction=True cut_count=0 overflow=False profile=RotatingDomainProfile
call 2 cells=1 capacity=1 boundary_reduction=False cut_count=0 overflow=False profile=_FluxSelectedProfile
call 3 cells=1 capacity=1 boundary_reduction=True cut_count=0 overflow=False profile=RotatingDomainProfile
call 2 cells=1 capacity=1 boundary_reduction=False cut_count=0 overflow=False profile=_FluxSelectedProfile
call 3 cells=1 capacity=1 boundary_reduction=True cut_count=0 overflow=False profile=RotatingDomainProfile
call 2 cells=1 capacity=1 boundary_reduction=False cut_count=0 overflow=False profile=_FluxSelectedProfile
call 3 cells=1 capacity=1 boundary_reduction=True cut_count=0 overflow=False profile=RotatingDomainProfile
call 2 cells=1 capacity=1 boundary_reduction=False cut_count=0 overflow=False profile=_FluxSelectedProfile
call 3 cells=1 capacity=1 boundary_reduction=True cut_count=0 overflow=False profile=RotatingDomainProfile
call 2 cells=1 capacity=1 boundary_reduction=False cut_count=0 overflow=False profile=_FluxSelectedProfile
call 3 cells=1 capacity=1 boundary_reduction=True cut_count=0 overflow=False profile=RotatingDomainProfile
call 2 cells=1 capacity=1 boundary_reduction=False cut_count=0 overflow=False profile=_FluxSelectedProfile
call 3 cells=1 capacity=1 boundary_reduction=True cut_count=0 overflow=False profile=RotatingDomainProfile
call 2 cells=1 capacity=1 boundary_reduction=False cut_count=0 overflow=False profile=_FluxSelectedProfile
call 3 cells=1 capacity=1 boundary_reduction=True cut_count=0 overflow=False profile=RotatingDomainProfile
call 2 cells=1 capacity=1 boundary_reduction=False cut_count=0 overflow=False profile=_FluxSelectedProfile
call 3 cells=1 capacity=1 boundary_reduction=True cut_count=0 overflow=False profile=RotatingDomainProfile
call 2 cells=1 capacity=1 boundary_reduction=False cut_count=0 overflow=False profile=_FluxSelectedProfile
call 3 cells=1 capacity=1 boundary_reduction=True cut_count=0 overflow=False profile=RotatingDomainProfile
call 2 cells=1 capacity=1 boundary_reduction=False cut_count=0 overflow=False profile=_FluxSelectedProfile
call 3 cells=1 capacity=1 boundary_reduction=True cut_count=0 overflow=False profile=RotatingDomainProfile
call 2 cells=1 capacity=1 boundary_reduction=False cut_count=0 overflow=False profile=_FluxSelectedProfile
call 3 cells=1 capacity=1 boundary_reduction=True cut_count=0 overflow=False profile=RotatingDomainProfile
call 2 cells=1 capacity=1 boundary_reduction=False cut_count=0 overflow=False profile=_FluxSelectedProfile
call 3 cells=1 capacity=1 boundary_reduction=True cut_count=0 overflow=False profile=RotatingDomainProfile
call 2 cells=1 capacity=1 boundary_reduction=False cut_count=0 overflow=False profile=_FluxSelectedProfile
call 3 cells=1 capacity=1 boundary_reduction=True cut_count=0 overflow=False profile=RotatingDomainProfile
call 2 cells=1 capacity=1 boundary_reduction=False cut_count=0 overflow=False profile=_FluxSelectedProfile
call 3 cells=1 capacity=1 boundary_reduction=True cut_count=0 overflow=False profile=RotatingDomainProfile
call 2 cells=1 capacity=1 boundary_reduction=False cut_count=0 overflow=False profile=_FluxSelectedProfile
call 3 cells=1 capacity=1 boundary_reduction=True cut_count=0 overflow=False profile=RotatingDomainProfile
call 2 cells=1 capacity=1 boundary_reduction=False cut_count=0 overflow=False profile=_FluxSelectedProfile
call 3 cells=1 capacity=1 boundary_reduction=True cut_count=0 overflow=False profile=RotatingDomainProfile
call 2 cells=1 capacity=1 boundary_reduction=False cut_count=0 overflow=False profile=_FluxSelectedProfile
call 3 cells=1 capacity=1 boundary_reduction=True cut_count=0 overflow=False profile=RotatingDomainProfile
call 2 cells=1 capacity=1 boundary_reduction=False cut_count=0 overflow=False profile=_FluxSelectedProfile
call 3 cells=1 capacity=1 boundary_reduction=True cut_count=0 overflow=False profile=RotatingDomainProfile
call 2 cells=1 capacity=1 boundary_reduction=False cut_count=0 overflow=False profile=_FluxSelectedProfile
call 3 cells=1 capacity=1 boundary_reduction=True cut_count=0 overflow=False profile=RotatingDomainProfile
call 2 cells=1 capacity=1 boundary_reduction=False cut_count=0 overflow=False profile=_FluxSelectedProfile
call 3 cells=1 capacity=1 boundary_reduction=True cut_count=0 overflow=False profile=RotatingDomainProfile
call 2 cells=1 capacity=1 boundary_reduction=False cut_count=0 overflow=False profile=_FluxSelectedProfile
call 3 cells=1 capacity=1 boundary_reduction=True cut_count=0 overflow=False profile=RotatingDomainProfile
call 2 cells=1 capacity=1 boundary_reduction=False cut_count=0 overflow=False profile=_FluxSelectedProfile
call 3 cells=1 capacity=1 boundary_reduction=True cut_count=0 overflow=False profile=RotatingDomainProfile
call 2 cells=1 capacity=1 boundary_reduction=False cut_count=0 overflow=False profile=_FluxSelectedProfile
call 3 cells=1 capacity=1 boundary_reduction=True cut_count=0 overflow=False profile=RotatingDomainProfile
call 2 cells=1 capacity=1 boundary_reduction=False cut_count=0 overflow=False profile=_FluxSelectedProfile
call 3 cells=1 capacity=1 boundary_reduction=True cut_count=0 overflow=False profile=RotatingDomainProfile
call 2 cells=1 capacity=1 boundary_reduction=False cut_count=0 overflow=False profile=_FluxSelectedProfile
call 3 cells=1 capacity=1 boundary_reduction=True cut_count=0 overflow=False profile=RotatingDomainProfile
call 2 cells=1 capacity=1 boundary_reduction=False cut_count=0 overflow=False profile=_FluxSelectedProfile
call 3 cells=1 capacity=1 boundary_reduction=True cut_count=0 overflow=False profile=RotatingDomainProfile
call 2 cells=1 capacity=1 boundary_reduction=False cut_count=0 overflow=False profile=_FluxSelectedProfile
call 3 cells=1 capacity=1 boundary_reduction=True cut_count=0 overflow=False profile=RotatingDomainProfile
call 2 cells=1 capacity=1 boundary_reduction=False cut_count=0 overflow=False profile=_FluxSelectedProfile
call 3 cells=1 capacity=1 boundary_reduction=True cut_count=0 overflow=False profile=RotatingDomainProfile
call 2 cells=1 capacity=1 boundary_reduction=False cut_count=0 overflow=False profile=_FluxSelectedProfile
call 3 cells=1 capacity=1 boundary_reduction=True cut_count=0 overflow=False profile=RotatingDomainProfile
call 2 cells=1 capacity=1 boundary_reduction=False cut_count=0 overflow=False profile=_FluxSelectedProfile
call 3 cells=1 capacity=1 boundary_reduction=True cut_count=0 overflow=False profile=RotatingDomainProfile
call 2 cells=1 capacity=1 boundary_reduction=False cut_count=0 overflow=False profile=_FluxSelectedProfile
call 3 cells=1 capacity=1 boundary_reduction=True cut_count=0 overflow=False profile=RotatingDomainProfile
call 2 cells=1 capacity=1 boundary_reduction=False cut_count=0 overflow=False profile=_FluxSelectedProfile
call 3 cells=1 capacity=1 boundary_reduction=True cut_count=0 overflow=False profile=RotatingDomainProfile
call 2 cells=1 capacity=1 boundary_reduction=False cut_count=0 overflow=False profile=_FluxSelectedProfile
call 3 cells=1 capacity=1 boundary_reduction=True cut_count=0 overflow=False profile=RotatingDomainProfile
call 2 cells=1 capacity=1 boundary_reduction=False cut_count=0 overflow=False profile=_FluxSelectedProfile
call 3 cells=1 capacity=1 boundary_reduction=True cut_count=0 overflow=False profile=RotatingDomainProfile
call 2 cells=1 capacity=1 boundary_reduction=False cut_count=0 overflow=False profile=_FluxSelectedProfile
call 3 cells=1 capacity=1 boundary_reduction=True cut_count=0 overflow=False profile=RotatingDomainProfile
call 2 cells=1 capacity=1 boundary_reduction=False cut_count=0 overflow=False profile=_FluxSelectedProfile
call 3 cells=1 capacity=1 boundary_reduction=True cut_count=0 overflow=False profile=RotatingDomainProfile
call 2 cells=1 capacity=1 boundary_reduction=False cut_count=0 overflow=False profile=_FluxSelectedProfile
call 3 cells=1 capacity=1 boundary_reduction=True cut_count=0 overflow=False profile=RotatingDomainProfile
call 2 cells=1 capacity=1 boundary_reduction=False cut_count=0 overflow=False profile=_FluxSelectedProfile
call 3 cells=1 capacity=1 boundary_reduction=True cut_count=0 overflow=False profile=RotatingDomainProfile
call 2 cells=1 capacity=1 boundary_reduction=False cut_count=0 overflow=False profile=_FluxSelectedProfile
call 3 cells=1 capacity=1 boundary_reduction=True cut_count=0 overflow=False profile=RotatingDomainProfile
call 2 cells=1 capacity=1 boundary_reduction=False cut_count=0 overflow=False profile=_FluxSelectedProfile
call 3 cells=1 capacity=1 boundary_reduction=True cut_count=0 overflow=False profile=RotatingDomainProfile
call 2 cells=1 capacity=1 boundary_reduction=False cut_count=0 overflow=False profile=_FluxSelectedProfile
call 3 cells=1 capacity=1 boundary_reduction=True cut_count=0 overflow=False profile=RotatingDomainProfile
call 2 cells=1 capacity=1 boundary_reduction=False cut_count=0 overflow=False profile=_FluxSelectedProfile
call 3 cells=1 capacity=1 boundary_reduction=True cut_count=0 overflow=False profile=RotatingDomainProfile
call 2 cells=1 capacity=1 boundary_reduction=False cut_count=0 overflow=False profile=_FluxSelectedProfile
call 3 cells=1 capacity=1 boundary_reduction=True cut_count=0 overflow=False profile=RotatingDomainProfile
call 2 cells=1 capacity=1 boundary_reduction=False cut_count=0 overflow=False profile=_FluxSelectedProfile
call 3 cells=1 capacity=1 boundary_reduction=True cut_count=0 overflow=False profile=RotatingDomainProfile
call 2 cells=1 capacity=1 boundary_reduction=False cut_count=0 overflow=False profile=_FluxSelectedProfile
call 3 cells=1 capacity=1 boundary_reduction=True cut_count=0 overflow=False profile=RotatingDomainProfile
call 2 cells=1 capacity=1 boundary_reduction=False cut_count=0 overflow=False profile=_FluxSelectedProfile
call 3 cells=1 capacity=1 boundary_reduction=True cut_count=0 overflow=False profile=RotatingDomainProfile
call 2 cells=1 capacity=1 boundary_reduction=False cut_count=0 overflow=False profile=_FluxSelectedProfile
call 3 cells=1 capacity=1 boundary_reduction=True cut_count=0 overflow=False profile=RotatingDomainProfile
call 2 cells=1 capacity=1 boundary_reduction=False cut_count=0 overflow=False profile=_FluxSelectedProfile
call 3 cells=1 capacity=1 boundary_reduction=True cut_count=0 overflow=False profile=RotatingDomainProfile
call 2 cells=1 capacity=1 boundary_reduction=False cut_count=0 overflow=False profile=_FluxSelectedProfile
call 3 cells=1 capacity=1 boundary_reduction=True cut_count=0 overflow=False profile=RotatingDomainProfile
call 2 cells=1 capacity=1 boundary_reduction=False cut_count=0 overflow=False profile=_FluxSelectedProfile
call 3 cells=1 capacity=1 boundary_reduction=True cut_count=0 overflow=False profile=RotatingDomainProfile
call 2 cells=1 capacity=1 boundary_reduction=False cut_count=0 overflow=False profile=_FluxSelectedProfile
call 3 cells=1 capacity=1 boundary_reduction=True cut_count=0 overflow=False profile=RotatingDomainProfile
call 2 cells=1 capacity=1 boundary_reduction=False cut_count=0 overflow=False profile=_FluxSelectedProfile
call 3 cells=1 capacity=1 boundary_reduction=True cut_count=0 overflow=False profile=RotatingDomainProfile
call 2 cells=1 capacity=1 boundary_reduction=False cut_count=0 overflow=False profile=_FluxSelectedProfile
call 3 cells=1 capacity=1 boundary_reduction=True cut_count=0 overflow=False profile=RotatingDomainProfile
call 2 cells=1 capacity=1 boundary_reduction=False cut_count=0 overflow=False profile=_FluxSelectedProfile
call 3 cells=1 capacity=1 boundary_reduction=True cut_count=0 overflow=False profile=RotatingDomainProfile
call 2 cells=1 capacity=1 boundary_reduction=False cut_count=0 overflow=False profile=_FluxSelectedProfile
call 3 cells=1 capacity=1 boundary_reduction=True cut_count=0 overflow=False profile=RotatingDomainProfile
call 2 cells=1 capacity=1 boundary_reduction=False cut_count=0 overflow=False profile=_FluxSelectedProfile
call 3 cells=1 capacity=1 boundary_reduction=True cut_count=0 overflow=False profile=RotatingDomainProfile
call 2 cells=1 capacity=1 boundary_reduction=False cut_count=0 overflow=False profile=_FluxSelectedProfile
call 3 cells=1 capacity=1 boundary_reduction=True cut_count=0 overflow=False profile=RotatingDomainProfile
call 2 cells=1 capacity=1 boundary_reduction=False cut_count=0 overflow=False profile=_FluxSelectedProfile
call 3 cells=1 capacity=1 boundary_reduction=True cut_count=0 overflow=False profile=RotatingDomainProfile
call 2 cells=1 capacity=1 boundary_reduction=False cut_count=0 overflow=False profile=_FluxSelectedProfile
call 3 cells=1 capacity=1 boundary_reduction=True cut_count=0 overflow=False profile=RotatingDomainProfile
call 2 cells=1 capacity=1 boundary_reduction=False cut_count=0 overflow=False profile=_FluxSelectedProfile
call 3 cells=1 capacity=1 boundary_reduction=True cut_count=0 overflow=False profile=RotatingDomainProfile
call 2 cells=1 capacity=1 boundary_reduction=False cut_count=0 overflow=False profile=_FluxSelectedProfile
call 3 cells=1 capacity=1 boundary_reduction=True cut_count=0 overflow=False profile=RotatingDomainProfile
call 2 cells=1 capacity=1 boundary_reduction=False cut_count=0 overflow=False profile=_FluxSelectedProfile
call 3 cells=1 capacity=1 boundary_reduction=True cut_count=0 overflow=False profile=RotatingDomainProfile
call 2 cells=1 capacity=1 boundary_reduction=False cut_count=0 overflow=False profile=_FluxSelectedProfile
call 3 cells=1 capacity=1 boundary_reduction=True cut_count=0 overflow=False profile=RotatingDomainProfile
call 2 cells=1 capacity=1 boundary_reduction=False cut_count=0 overflow=False profile=_FluxSelectedProfile
call 3 cells=1 capacity=1 boundary_reduction=True cut_count=0 overflow=False profile=RotatingDomainProfile
call 2 cells=1 capacity=1 boundary_reduction=False cut_count=0 overflow=False profile=_FluxSelectedProfile
call 3 cells=1 capacity=1 boundary_reduction=True cut_count=0 overflow=False profile=RotatingDomainProfile
call 2 cells=1 capacity=1 boundary_reduction=False cut_count=0 overflow=False profile=_FluxSelectedProfile
call 3 cells=1 capacity=1 boundary_reduction=True cut_count=0 overflow=False profile=RotatingDomainProfile
call 2 cells=1 capacity=1 boundary_reduction=False cut_count=0 overflow=False profile=_FluxSelectedProfile
call 3 cells=1 capacity=1 boundary_reduction=True cut_count=0 overflow=False profile=RotatingDomainProfile
call 2 cells=1 capacity=1 boundary_reduction=False cut_count=0 overflow=False profile=_FluxSelectedProfile
call 3 cells=1 capacity=1 boundary_reduction=True cut_count=0 overflow=False profile=RotatingDomainProfile
call 2 cells=1 capacity=1 boundary_reduction=False cut_count=0 overflow=False profile=_FluxSelectedProfile
call 3 cells=1 capacity=1 boundary_reduction=True cut_count=0 overflow=False profile=RotatingDomainProfile
call 2 cells=1 capacity=1 boundary_reduction=False cut_count=0 overflow=False profile=_FluxSelectedProfile
call 3 cells=1 capacity=1 boundary_reduction=True cut_count=0 overflow=False profile=RotatingDomainProfile
call 2 cells=1 capacity=1 boundary_reduction=False cut_count=0 overflow=False profile=_FluxSelectedProfile
call 3 cells=1 capacity=1 boundary_reduction=True cut_count=0 overflow=False profile=RotatingDomainProfile
call 2 cells=1 capacity=1 boundary_reduction=False cut_count=0 overflow=False profile=_FluxSelectedProfile
call 3 cells=1 capacity=1 boundary_reduction=True cut_count=0 overflow=False profile=RotatingDomainProfile
call 2 cells=1 capacity=1 boundary_reduction=False cut_count=0 overflow=False profile=_FluxSelectedProfile
call 3 cells=1 capacity=1 boundary_reduction=True cut_count=0 overflow=False profile=RotatingDomainProfile
call 2 cells=1 capacity=1 boundary_reduction=False cut_count=0 overflow=False profile=_FluxSelectedProfile
call 3 cells=1 capacity=1 boundary_reduction=True cut_count=0 overflow=False profile=RotatingDomainProfile
call 2 cells=1 capacity=1 boundary_reduction=False cut_count=0 overflow=False profile=_FluxSelectedProfile
call 3 cells=1 capacity=1 boundary_reduction=True cut_count=0 overflow=False profile=RotatingDomainProfile
call 2 cells=1 capacity=1 boundary_reduction=False cut_count=0 overflow=False profile=_FluxSelectedProfile
call 3 cells=1 capacity=1 boundary_reduction=True cut_count=0 overflow=False profile=RotatingDomainProfile
call 2 cells=1 capacity=1 boundary_reduction=False cut_count=0 overflow=False profile=_FluxSelectedProfile
call 3 cells=1 capacity=1 boundary_reduction=True cut_count=0 overflow=False profile=RotatingDomainProfile
call 2 cells=1 capacity=1 boundary_reduction=False cut_count=0 overflow=False profile=_FluxSelectedProfile
call 3 cells=1 capacity=1 boundary_reduction=True cut_count=0 overflow=False profile=RotatingDomainProfile
call 2 cells=1 capacity=1 boundary_reduction=False cut_count=0 overflow=False profile=_FluxSelectedProfile
call 3 cells=1 capacity=1 boundary_reduction=True cut_count=0 overflow=False profile=RotatingDomainProfile
call 2 cells=1 capacity=1 boundary_reduction=False cut_count=0 overflow=False profile=_FluxSelectedProfile
call 3 cells=1 capacity=1 boundary_reduction=True cut_count=0 overflow=False profile=RotatingDomainProfile
call 2 cells=1 capacity=1 boundary_reduction=False cut_count=0 overflow=False profile=_FluxSelectedProfile
call 3 cells=1 capacity=1 boundary_reduction=True cut_count=0 overflow=False profile=RotatingDomainProfile
call 2 cells=1 capacity=1 boundary_reduction=False cut_count=0 overflow=False profile=_FluxSelectedProfile
call 3 cells=1 capacity=1 boundary_reduction=True cut_count=0 overflow=False profile=RotatingDomainProfile
call 2 cells=1 capacity=1 boundary_reduction=False cut_count=0 overflow=False profile=_FluxSelectedProfile
call 3 cells=1 capacity=1 boundary_reduction=True cut_count=0 overflow=False profile=RotatingDomainProfile
call 2 cells=1 capacity=1 boundary_reduction=False cut_count=0 overflow=False profile=_FluxSelectedProfile
call 3 cells=1 capacity=1 boundary_reduction=True cut_count=0 overflow=False profile=RotatingDomainProfile
call 2 cells=1 capacity=1 boundary_reduction=False cut_count=0 overflow=False profile=_FluxSelectedProfile
call 3 cells=1 capacity=1 boundary_reduction=True cut_count=0 overflow=False profile=RotatingDomainProfile
call 2 cells=1 capacity=1 boundary_reduction=False cut_count=0 overflow=False profile=_FluxSelectedProfile
call 3 cells=1 capacity=1 boundary_reduction=True cut_count=0 overflow=False profile=RotatingDomainProfile
call 2 cells=1 capacity=1 boundary_reduction=False cut_count=0 overflow=False profile=_FluxSelectedProfile
call 3 cells=1 capacity=1 boundary_reduction=True cut_count=0 overflow=False profile=RotatingDomainProfile
call 2 cells=1 capacity=1 boundary_reduction=False cut_count=0 overflow=False profile=_FluxSelectedProfile
call 3 cells=1 capacity=1 boundary_reduction=True cut_count=0 overflow=False profile=RotatingDomainProfile
call 2 cells=1 capacity=1 boundary_reduction=False cut_count=0 overflow=False profile=_FluxSelectedProfile
call 3 cells=1 capacity=1 boundary_reduction=True cut_count=0 overflow=False profile=RotatingDomainProfile
call 2 cells=1 capacity=1 boundary_reduction=False cut_count=0 overflow=False profile=_FluxSelectedProfile
call 3 cells=1 capacity=1 boundary_reduction=True cut_count=0 overflow=False profile=RotatingDomainProfile
call 2 cells=1 capacity=1 boundary_reduction=False cut_count=0 overflow=False profile=_FluxSelectedProfile
call 3 cells=1 capacity=1 boundary_reduction=True cut_count=0 overflow=False profile=RotatingDomainProfile
call 2 cells=1 capacity=1 boundary_reduction=False cut_count=0 overflow=False profile=_FluxSelectedProfile
call 3 cells=1 capacity=1 boundary_reduction=True cut_count=0 overflow=False profile=RotatingDomainProfile
call 2 cells=1 capacity=1 boundary_reduction=False cut_count=0 overflow=False profile=_FluxSelectedProfile
call 3 cells=1 capacity=1 boundary_reduction=True cut_count=0 overflow=False profile=RotatingDomainProfile
call 2 cells=1 capacity=1 boundary_reduction=False cut_count=0 overflow=False profile=_FluxSelectedProfile
call 3 cells=1 capacity=1 boundary_reduction=True cut_count=0 overflow=False profile=RotatingDomainProfile
call 2 cells=1 capacity=1 boundary_reduction=False cut_count=0 overflow=False profile=_FluxSelectedProfile
call 3 cells=1 capacity=1 boundary_reduction=True cut_count=0 overflow=False profile=RotatingDomainProfile
call 2 cells=1 capacity=1 boundary_reduction=False cut_count=0 overflow=False profile=_FluxSelectedProfile
call 3 cells=1 capacity=1 boundary_reduction=True cut_count=0 overflow=False profile=RotatingDomainProfile
call 2 cells=1 capacity=1 boundary_reduction=False cut_count=0 overflow=False profile=_FluxSelectedProfile
call 3 cells=1 capacity=1 boundary_reduction=True cut_count=0 overflow=False profile=RotatingDomainProfile
call 2 cells=1 capacity=1 boundary_reduction=False cut_count=0 overflow=False profile=_FluxSelectedProfile
call 3 cells=1 capacity=1 boundary_reduction=True cut_count=0 overflow=False profile=RotatingDomainProfile
call 2 cells=1 capacity=1 boundary_reduction=False cut_count=0 overflow=False profile=_FluxSelectedProfile
call 3 cells=1 capacity=1 boundary_reduction=True cut_count=0 overflow=False profile=RotatingDomainProfile
logged call count 4 nan 135
BANK_INSTRUMENT_EXIT=0
NAN_DIAG_EXIT=0
