13873 False [(('run_operator_requests.<locals>.serve:1014', '_newton_krylov_inner.<locals>.newton_body.<locals>.attempt_step.<locals>.promoted_state.<locals>.promotion_attempt.<locals>.<lambda>:3548'), 816)]
13782 False [(('_rebuilt_model_promotion.<locals>.damping_trial:1592', '_rebuilt_model_promotion.<locals>.damping_trial:1580'), 32)]
12724 False [(('_steepest_descent_promotion:1693', '_steepest_descent_promotion:1663'), 17)]
12618 False [(('_smooth_relative_sup_merit:1054', '_smooth_relative_sup_merit:1049'), 16)]
11993 False [(('run_operator_requests:1016',), 153)]
7815 True [(('_smooth_relative_sup_merit:1054', '_smooth_relative_sup_merit:1049'), 7)]
7348 True [(('operator_request_body.<locals>.evaluate:970', 'operator_request_body.<locals>.evaluate:989'), 9)]
7344 True [(('_smooth_relative_sup_merit:1054', '_smooth_relative_sup_merit:1049'), 7)]
4662 False [(('_rebuilt_model_promotion.<locals>.damping_trial:1566', '_rebuilt_model_promotion.<locals>.damping_trial:1580'), 112)]
4596 False [(('_rebuilt_model_promotion.<locals>.damping_trial:1566', '_rebuilt_model_promotion.<locals>.damping_trial:1580'), 30)]
2357 False [(('_active_set_newton_krylov:4439',), 49)]
2266 True []
2260 True []
2260 False []
2260 False []
2260 False []
2260 True []
2030 False [(('_record_merit:1067', '_record_merit:1066'), 39)]
2028 False [(('_single_site_krylov.<locals>.serve:2314', '_single_site_krylov.<locals>.serve:2308'), 25)]
2010 False [(('_backtracking_scores:1267', '_backtracking_scores:1260'), 17)]
1880 False [(('_newton_krylov_inner:3821',), 44)]
