20209 False [(('_rebuilt_model_promotion.<locals>.damping_trial:1603', '_rebuilt_model_promotion.<locals>.damping_trial:1591'), 32)]
17749 False [(('_smooth_relative_sup_merit:1065', '_smooth_relative_sup_merit:1060'), 16)]
17352 False [(('_steepest_descent_promotion:1704', '_steepest_descent_promotion:1674'), 17)]
16171 False [(('run_operator_requests.<locals>.serve:1025', '_newton_krylov_inner.<locals>.newton_body.<locals>.attempt_step.<locals>.promoted_state.<locals>.promotion_attempt.<locals>.<lambda>:3492'), 713)]
12671 False [(('run_operator_requests:1027',), 163)]
10015 False [(('_rebuilt_model_promotion.<locals>.damping_trial:1577', '_rebuilt_model_promotion.<locals>.damping_trial:1591'), 109)]
10013 False [(('_rebuilt_model_promotion.<locals>.damping_trial:1577', '_rebuilt_model_promotion.<locals>.damping_trial:1591'), 30)]
8170 True [(('_smooth_relative_sup_merit:1065', '_smooth_relative_sup_merit:1060'), 7)]
7726 True [(('operator_request_body.<locals>.evaluate:981', 'operator_request_body.<locals>.evaluate:1000'), 9)]
7722 True [(('_smooth_relative_sup_merit:1065', '_smooth_relative_sup_merit:1060'), 7)]
2696 False [(('_newton_krylov_inner.<locals>.newton_body.<locals>.attempt_step.<locals>.linear_action:3391', '_single_site_krylov.<locals>.serve:2247', '_single_site_krylov.<locals>.serve:2258'), 2)]
2694 False [(('_record_merit:1078', '_record_merit:1077'), 39)]
2614 False [(('_backtracking_scores:1278', '_backtracking_scores:1271'), 17)]
2407 False [(('_active_set_newton_krylov:4383',), 49)]
2316 True []
2310 True []
2310 False []
2310 False []
2310 False []
2310 True []
1886 False [(('_newton_krylov_inner:3765',), 44)]
