13873 False [(('run_operator_requests.<locals>.serve:1030', '_newton_krylov_inner.<locals>.newton_body.<locals>.attempt_step.<locals>.promoted_state.<locals>.promotion_attempt.<locals>.<lambda>:3905'), 816)]
13782 False [(('_rebuilt_model_promotion.<locals>.damping_trial:1608', '_rebuilt_model_promotion.<locals>.damping_trial:1596'), 32)]
12724 False [(('_steepest_descent_promotion:1709', '_steepest_descent_promotion:1679'), 17)]
12618 False [(('_smooth_relative_sup_merit:1070', '_smooth_relative_sup_merit:1065'), 16)]
11993 False [(('run_operator_requests:1032',), 153)]
7815 True [(('_smooth_relative_sup_merit:1070', '_smooth_relative_sup_merit:1065'), 7)]
7348 True [(('operator_request_body.<locals>.evaluate:986', 'operator_request_body.<locals>.evaluate:1005'), 9)]
7344 True [(('_smooth_relative_sup_merit:1070', '_smooth_relative_sup_merit:1065'), 7)]
4662 False [(('_rebuilt_model_promotion.<locals>.damping_trial:1582', '_rebuilt_model_promotion.<locals>.damping_trial:1596'), 112)]
4596 False [(('_rebuilt_model_promotion.<locals>.damping_trial:1582', '_rebuilt_model_promotion.<locals>.damping_trial:1596'), 30)]
2357 False [(('_active_set_newton_krylov:4796',), 49)]
2266 True []
2260 True []
2260 False []
2260 False []
2260 False []
2260 True []
2030 False [(('_record_merit:1083', '_record_merit:1082'), 39)]
2028 False [(('_serve_krylov_stream.<locals>.serve:2396', '_serve_krylov_stream.<locals>.serve:2394'), 25)]
2010 False [(('_backtracking_scores:1283', '_backtracking_scores:1276'), 17)]
1880 False [(('_newton_krylov_inner:4178',), 44)]
