20209 False [(('_rebuilt_model_promotion.<locals>.damping_trial:1592', '_rebuilt_model_promotion.<locals>.damping_trial:1580'), 32)]
17749 False [(('_smooth_relative_sup_merit:1054', '_smooth_relative_sup_merit:1049'), 16)]
17352 False [(('_steepest_descent_promotion:1693', '_steepest_descent_promotion:1663'), 17)]
16171 False [(('run_operator_requests.<locals>.serve:1014', '_newton_krylov_inner.<locals>.newton_body.<locals>.attempt_step.<locals>.promoted_state.<locals>.promotion_attempt.<locals>.<lambda>:3554'), 713)]
12671 False [(('run_operator_requests:1016',), 163)]
10015 False [(('_rebuilt_model_promotion.<locals>.damping_trial:1566', '_rebuilt_model_promotion.<locals>.damping_trial:1580'), 109)]
10013 False [(('_rebuilt_model_promotion.<locals>.damping_trial:1566', '_rebuilt_model_promotion.<locals>.damping_trial:1580'), 30)]
8170 True [(('_smooth_relative_sup_merit:1054', '_smooth_relative_sup_merit:1049'), 7)]
7726 True [(('operator_request_body.<locals>.evaluate:970', 'operator_request_body.<locals>.evaluate:989'), 9)]
7722 True [(('_smooth_relative_sup_merit:1054', '_smooth_relative_sup_merit:1049'), 7)]
2696 False [(('_newton_krylov_inner.<locals>.newton_body.<locals>.attempt_step.<locals>.linear_action:3453', '_single_site_krylov.<locals>.serve:2309', '_single_site_krylov.<locals>.serve:2320'), 2)]
2694 False [(('_record_merit:1067', '_record_merit:1066'), 39)]
2614 False [(('_backtracking_scores:1267', '_backtracking_scores:1260'), 17)]
2407 False [(('_active_set_newton_krylov:4445',), 49)]
2316 True []
2310 True []
2310 False []
2310 False []
2310 False []
2310 True []
1886 False [(('_newton_krylov_inner:3827',), 44)]
