# revision: 707552973b50e4e0ef967555ebf2f50296604657
# tree: /home/ITER/mcintos/Code/.reckon-worktrees/nova-a0f1e0938fc2/s21-nova/fsri-one-nova-lane-launcher
# command: scripts/nova_lane/run.sh --in-place --log /tmp/nl-cpu-run.log --mode python-c --target 'import time; time.sleep(5); print("nova-lane-cpu-target-ok")'
# wall_seconds: 6
WRAPPER_EXIT=0

NOVA_LANE_START=2026-10-02T00:53:16+0200
PLACEMENT=in-place
RUNG=cpu
SLURM_JOB_ID=1277272
SLURM_JOB_PARTITION=rigel
SOURCE_REVISION=707552973b50e4e0ef967555ebf2f50296604657
REPOSITORY_ROOT=/home/ITER/mcintos/Code/.reckon-worktrees/nova-a0f1e0938fc2/s21-nova/fsri-one-nova-lane-launcher
PYTHON=/home/ITER/mcintos/Code/nova/.venv/bin/python
PYTHONPATH=/home/ITER/mcintos/Code/.reckon-worktrees/nova-a0f1e0938fc2/s21-nova/fsri-one-nova-lane-launcher
JAX_PLATFORMS=cpu
TMPDIR=/tmp
MODE=python-c
COMMAND=/home/ITER/mcintos/Code/nova/.venv/bin/python -c import\ time\;\ time.sleep\(5\)\;\ print\(\"nova-lane-cpu-target-ok\"\) 
nova-lane-cpu-target-ok
EXIT_STATUS=0
NOVA_LANE_END=2026-10-02T00:53:21+0200
