warning: `VIRTUAL_ENV=/home/ITER/mcintos/Code/reckon/.venv` does not match the project environment path `/home/ITER/mcintos/Code/nova/.venv` and will be ignored; use `--active` to target the active environment instead
19:14:29 INFO     Parsing data dictionary version 4.1.1 [90m@dd_zip.py:89[0m
........F.............                                                   [100%]
=================================== FAILURES ===================================
______ test_boundary_profile_density_matches_adaptive_polygon_quadrature _______

    def test_boundary_profile_density_matches_adaptive_polygon_quadrature():
        """A ring cell's fixed profile polynomial matches adaptive quadrature."""
        problem = boundary_support_problem()
        atomic = problem["geometry"].atomic_mesh
        support = atomic.traced_clip(jnp.ones(len(atomic.node_coordinates)))
        attributed = evaluate_boundary_support(problem, support)
        cell = int(problem["ring"][len(problem["ring"]) // 2])
        polygon = np.asarray(problem["geometry"].polygons[cell])
        centre = np.asarray(problem["mesh"].coordinate[cell])
        scale = np.max(
            np.abs(np.asarray(problem["geometry"].sampling_vertices[cell]) - centre),
            axis=0,
        )

        def local_basis(point):
            local = (point - centre) / scale
            return np.asarray(
                [local[0] ** p * local[1] ** q for p, q in PROFILE_DENSITY_POWERS]
            )

        stencil = problem["stencil"]
>       assert stencil.ring_profile_weight.shape[1:] == (
               ^^^^^^^^^^^^^^^^^^^^^^^^^^^
            len(PROFILE_DENSITY_POWERS),
            672,
        )
E       AttributeError: 'InteriorCurrentMomentStencil' object has no attribute 'ring_profile_weight'. Did you mean: 'ring_flux_weight'?

tests/test_equilibrium_stencil_mesh.py:395: AttributeError
=========================== short test summary info ============================
FAILED tests/test_equilibrium_stencil_mesh.py::test_boundary_profile_density_matches_adaptive_polygon_quadrature
1 failed, 21 passed in 185.93s (0:03:05)
