{
  "backend": "cpu",
  "devices": "[CpuDevice(id=0)]",
  "revision": "e083d7c46240b241d1e5b30b93e54bf02921eba7",
  "quadrature_sha256": "3cb3b6ad05ec1748225fd0fe3c5fa5963ca7df4d4e6d0329d09d0b0e1dc0d0b1",
  "map_tangent_max_wb": 6.383330668944794,
  "control_error": 8.881784197001252e-16,
  "steps": [
    {
      "step": 1e-06,
      "fd_max_wb": 6.383330656944963,
      "relative_error": 5.641466859036359e-09,
      "map_jump_wb": 6.383330514836416e-06,
      "cell_66_delta_a": -0.029190984438173473
    },
    {
      "step": 1e-08,
      "fd_max_wb": 6.383329775871971,
      "relative_error": 3.700395903951231e-07,
      "map_jump_wb": 6.383331196957442e-08,
      "cell_66_delta_a": -0.00029190999339334667
    }
  ],
  "adjoint_finite": true,
  "duality_relative_error": 4.945189279185338e-16,
  "wall_seconds": 56.86236162297428
}
map_defect {"factors": [1.0, 0.5, 0.25, 0.125, 0.0625, 0.03125], "merits": [0.06397180321343038, 0.06212994549430231, 0.06202887604908836, 0.062237885004182834, 0.0624082976277494, 0.06250966320810278], "residuals": [0.057546158504914416, 0.053595196299848484, 0.05518799047183554, 0.05605665153094222, 0.05666538171495612, 0.05704538124781924], "incumbent_merit": 0.06262163400888351, "incumbent_residual": 0.05742480629016609, "acceptance_reference": 0.06262163400888351, "predicted_merits": [0.065416722522125, 0.06244281639744409, 0.06210091274299026, 0.062255186732639134, 0.062412520014422, 0.06251070521007329], "predicted_current_merit": 0.06262163400888343, "ladder_selected": 1, "ladder_accepted": true, "ladder_distrusted": false}
toward_analytic {"factors": [1.0, 0.5, 0.25, 0.125, 0.0625, 0.03125], "merits": [9.62674026394628e-05, 0.11712637722758266, 0.10000891542394574, 0.0820303865533949, 0.07224983076407077, 0.06736910559478894], "residuals": [9.539504816027937e-05, 0.10569885330434774, 0.08793421287098827, 0.07354090199819731, 0.0656041149484473, 0.06152739153832564], "incumbent_merit": 0.06262163400888351, "incumbent_residual": 0.05742480629016609, "acceptance_reference": 0.06262163400888351, "predicted_merits": [0.34807153052010514, 0.1746416863341443, 0.11043978603605681, 0.08419051610957365, 0.07272357214310889, 0.06747609091865375], "predicted_current_merit": 0.06262163400888343, "ladder_selected": 0, "ladder_accepted": false, "ladder_distrusted": false}
