revision=e644d69ebadbb7e6618bd9156c25b991e0f35451 tree=. command=JAX_PLATFORMS=cpu NUMBA_CACHE_DIR=/tmp/nova-numba-fsapi-clip-mode /home/ITER/mcintos/Code/nova/.venv/bin/python -m pytest --timeout 0 tests/test_forward_solve_clip_mode_request.py -q
20:15:27 INFO     Parsing data dictionary version 4.1.1 [90m@dd_zip.py:89[0m
F                                                                        [100%]
=================================== FAILURES ===================================
_____ test_request_clip_mode_builds_each_operator_and_records_each_receipt _____

monkeypatch = <_pytest.monkeypatch.MonkeyPatch object at 0x7f15040fa060>

    def test_request_clip_mode_builds_each_operator_and_records_each_receipt(
        monkeypatch: pytest.MonkeyPatch,
    ) -> None:
        """Two request modes remain independent of the legacy process default."""

        profile, _ordinary_response, _prescribed_response = _profile()
        previous_mode = support_clip_mode()
        set_support_clip_mode("exact")
        try:
            requests = tuple(
                ForwardSolveRequest.from_defaults(
                    carrier_identity="clip-mode-request-carrier",
                    source_profile=profile.source,
                    seed_policy=ExplicitSolveSeed(np.zeros(4)),
                    policy_overrides={
                        "route": "picard",
                        "newton_steps": 1,
                        "relaxation": 1.0,
                    },
                    clip_mode=clip_mode,
                )
                for clip_mode in ("chord", "exact", "chord_cells")
            )
            observed_modes: list[str] = []
            build_operator = ForwardFluxOperator.with_clip_mode

            def record_operator_mode(self, clip_mode: str):
                observed_modes.append(clip_mode)
                return build_operator(self, clip_mode)

            monkeypatch.setattr(ForwardFluxOperator, "with_clip_mode", record_operator_mode)
            monkeypatch.setattr(
                profile,
                "operator",
                profile.operator,
            )
            monkeypatch.setattr(
                ForwardFluxOperator,
                "program_identity",
                property(lambda _operator: "clip-mode-test-program"),
            )
            monkeypatch.setattr(
                profile,
                "_solve_accelerated",
                lambda *_args, **_kwargs: SimpleNamespace(
                    flux=np.zeros(4),
                    fixed_point=SimpleNamespace(
                        residual=np.asarray(0.0),
                        termination_reason=0,
                        trace=np.zeros(1),
                        shadow_mask_changes=np.zeros((1, 4), dtype=bool),
                        inner_iteration_decisions=np.zeros(1),
                        inner_iteration_applied_factors=np.zeros(1),
                    ),
                    finite=SimpleNamespace(passed=True),
                    constraints=(),
                ),
            )
            keys = tuple(
                profile._request_compilation_cache_key(request, np.zeros(4))
                for request in requests
            )
            receipts = tuple(profile.solve(request) for request in (*requests, requests[0]))
        finally:
            set_support_clip_mode(previous_mode)

        assert tuple(request.clip_mode for request in requests) == (
            "chord",
            "exact",
            "chord_cells",
        )
        assert tuple(receipt.clip_mode for receipt in receipts) == (
            "chord",
            "exact",
            "chord_cells",
            "chord",
        )
>       assert len(set(keys)) == 3
E       AssertionError: assert 1 == 3
E        +  where 1 = len({('clip-mode-test-program', 'picard', ForwardSolvePolicy(route='picard', newton_steps=1, gmres_iterations=30, warmup=0...ation_stop=True, exact_kernels=True, cached_machine=True, compilation_cache=True), ((4,), 'float64'), None, None, ...)})
E        +    where {('clip-mode-test-program', 'picard', ForwardSolvePolicy(route='picard', newton_steps=1, gmres_iterations=30, warmup=0...ation_stop=True, exact_kernels=True, cached_machine=True, compilation_cache=True), ((4,), 'float64'), None, None, ...)} = set((('clip-mode-test-program', 'picard', ForwardSolvePolicy(route='picard', newton_steps=1, gmres_iterations=30, warmup=0...ation_stop=True, exact_kernels=True, cached_machine=True, compilation_cache=True), ((4,), 'float64'), None, None, ...)))

tests/test_forward_solve_clip_mode_request.py:101: AssertionError
=========================== short test summary info ============================
FAILED tests/test_forward_solve_clip_mode_request.py::test_request_clip_mode_builds_each_operator_and_records_each_receipt
1 failed in 7.06s
EXIT=1
