NOVA_LANE_START=2026-10-06T00:58:02+0200
PLACEMENT=submit
RUNG=h200
SLURM_JOB_ID=1281133
SLURM_JOB_PARTITION=betelgeuse
SOURCE_REVISION=b871791eb1090267610d673004620d427b326b7f
REPOSITORY_ROOT=.
PYTHON=/home/ITER/mcintos/Code/nova/.venv/bin/python
PYTHONPATH=.
JAX_PLATFORMS=cuda,cpu
TMPDIR=/tmp
MODE=script
COMMAND=/home/ITER/mcintos/Code/nova/.venv/bin/python /home/ITER/mcintos/.config/reckon/crew/runs/r-20261005T223546294421-cfs-kernel-compile-cost/identity_discriminator.py 
revision b871791eb1090267610d673004620d427b326b7f plus ordered-contraction working diff; tree . command identity_discriminator.py
BACKEND [CudaDevice(id=0)]
REFERENCE_MODULE rangefunction=/tmp/biot-reference-w65aym6s/rangefunction.py
REFERENCE_MODULE completeelliptic=/tmp/biot-reference-w65aym6s/completeelliptic.py
REFERENCE_MODULE elliptic=/tmp/biot-reference-w65aym6s/elliptic.py
REFERENCE_MODULE gradedresidual=/tmp/biot-reference-w65aym6s/gradedresidual.py
REFERENCE_MODULE momentchannel=/tmp/biot-reference-w65aym6s/momentchannel.py
REFERENCE_MODULE polygonanalytic=/tmp/biot-reference-w65aym6s/polygonanalytic.py
REFERENCE_MODULE greens=/tmp/biot-reference-w65aym6s/greens.py
MEASUREMENT_CWD=.
REFERENCE_READY finite=70000 nonzero=70000
IDENTITY ordered component_maxima [0.0, 0.0, 0.0, 2.8997323493584024e-06, 1.9354587804260585e-07, 2.6234995331811376e-07, 1.2212865586081636e-07] maximum 2.8997323493584024e-06 worst_point [22.63834736533205, 9.382494433979158] component 3
IDENTITY range_only component_maxima [0.0, 0.0, 0.0, 2.8997323493584024e-06, 1.9354587804260585e-07, 2.6234995331811376e-07, 1.2212865586081636e-07] maximum 2.8997323493584024e-06 worst_point [22.63834736533205, 9.382494433979158] component 3
IDENTITY elliptic_only component_maxima [0.0, 0.0, 0.0, 2.6152718071741242e-06, 1.9354587804260585e-07, 1.1857379130175002e-07, 1.2212865586081636e-07] maximum 2.6152718071741242e-06 worst_point [22.63834736533205, 9.382494433979158] component 3
EXIT=0
EXIT_STATUS=0
NOVA_LANE_END=2026-10-06T01:03:45+0200
NOVA_LANE_EXIT_STATUS=0
