NOVA_LANE_START=2026-10-06T01:06:38+0200
PLACEMENT=submit
RUNG=h200
SLURM_JOB_ID=1281137
SLURM_JOB_PARTITION=betelgeuse
SOURCE_REVISION=bc4b2921c73318f79055b61f99f69a3c333b2157
REPOSITORY_ROOT=.
PYTHON=/home/ITER/mcintos/Code/nova/.venv/bin/python
PYTHONPATH=.
JAX_PLATFORMS=cuda,cpu
TMPDIR=/tmp
MODE=script
COMMAND=/home/ITER/mcintos/Code/nova/.venv/bin/python /home/ITER/mcintos/.config/reckon/crew/runs/r-20261005T223546294421-cfs-kernel-compile-cost/range_identity_discriminator.py 
REFERENCE /home/ITER/mcintos/.config/reckon/crew/runs/r-20261005T223546294421-cfs-kernel-compile-cost/identity-reference.npz sha256 d0eb6e0a30651a101dfaf4985614fe67c8a3246be7f09abfb3a351fedaa9f93a base 01575b6b164607271c9f1d06cfa3f64f18128646
REFERENCE_MODULE rangefunction=/tmp/biot-reference-nnlyu36h/rangefunction.py
REFERENCE_MODULE completeelliptic=/tmp/biot-reference-nnlyu36h/completeelliptic.py
REFERENCE_MODULE elliptic=/tmp/biot-reference-nnlyu36h/elliptic.py
REFERENCE_MODULE gradedresidual=/tmp/biot-reference-nnlyu36h/gradedresidual.py
REFERENCE_MODULE momentchannel=/tmp/biot-reference-nnlyu36h/momentchannel.py
REFERENCE_MODULE polygonanalytic=/tmp/biot-reference-nnlyu36h/polygonanalytic.py
REFERENCE_MODULE greens=/tmp/biot-reference-nnlyu36h/greens.py
MEASUREMENT_CWD=.
IDENTITY inline_all component_maxima [0.0, 0.0, 0.0, 2.8997323493584024e-06, 1.9354587804260585e-07, 2.6234995331811376e-07, 1.2212865586081636e-07] maximum 2.8997323493584024e-06
IDENTITY inline_range component_maxima [0.0, 0.0, 0.0, 2.8997323493584024e-06, 1.9354587804260585e-07, 2.6234995331811376e-07, 1.2212865586081636e-07] maximum 2.8997323493584024e-06
IDENTITY inline_elliptic component_maxima [0.0, 0.0, 0.0, 2.6152718071741242e-06, 1.9354587804260585e-07, 1.1857379130175002e-07, 1.2212865586081636e-07] maximum 2.6152718071741242e-06
IDENTITY reuse_unrolled component_maxima [0.0, 0.0, 0.0, 0.0, 0.0, 0.0, 0.0] maximum 0.0
EXIT=0
EXIT_STATUS=0
NOVA_LANE_END=2026-10-06T01:12:42+0200
NOVA_LANE_EXIT_STATUS=0
