revision 61fba54638d33d3f4b902e23ef130389862d571f tree /home/ITER/mcintos/Code/.reckon-worktrees/nova-a0f1e0938fc2/s21-nova/cfs-kernel-compile-cost command env JAX_PLATFORMS=cpu PYTHONPATH=/home/ITER/mcintos/Code/.reckon-worktrees/nova-a0f1e0938fc2/s21-nova/cfs-kernel-compile-cost /home/ITER/mcintos/Code/nova/.venv/bin/python -m pytest -p no:cacheprovider tests/biot/test_kernel_compile_cost.py -k harmonic_recurrence -vv -s

PROVENANCE: run began on parent 01575b6b164607271c9f1d06cfa3f64f18128646 with the candidate working-tree bytes subsequently committed as 61fba54638d33d3f4b902e23ef130389862d571f; recurrence log source differs only by formatting in the test file.
============================= test session starts ==============================
platform linux -- Python 3.14.2, pytest-9.1.1, pluggy-1.6.0 -- /home/ITER/mcintos/Code/nova/.venv/bin/python
rootdir: /home/ITER/mcintos/Code/.reckon-worktrees/nova-a0f1e0938fc2/s21-nova/cfs-kernel-compile-cost
configfile: pyproject.toml
plugins: anyio-4.14.2, zarr-3.2.1, asyncio-1.4.0, timeout-2.4.0, typeguard-2.13.3, jaxtyping-0.3.11, xdist-3.8.0, cov-7.1.0
asyncio: mode=Mode.AUTO, debug=False, asyncio_default_fixture_loop_scope=function, asyncio_default_test_loop_scope=function
timeout: 300.0s
timeout method: signal
timeout func_only: False
collecting ... 00:45:45 INFO     Parsing data dictionary version 4.1.1 [90m@dd_zip.py:89[0m
collected 5 items / 4 deselected / 1 selected

tests/biot/test_kernel_compile_cost.py::test_harmonic_recurrence_identity REFERENCE_MODULE rangefunction=/tmp/biot-reference-2fugkv0m/rangefunction.py
REFERENCE_MODULE elliptic=/tmp/biot-reference-2fugkv0m/elliptic.py
REFERENCE_MODULE momentchannel=/home/ITER/mcintos/Code/.reckon-worktrees/nova-a0f1e0938fc2/s21-nova/cfs-kernel-compile-cost/nova/biot/momentchannel.py
REFERENCE_MODULE polygonanalytic=/home/ITER/mcintos/Code/.reckon-worktrees/nova-a0f1e0938fc2/s21-nova/cfs-kernel-compile-cost/nova/biot/polygonanalytic.py
MEASUREMENT_CWD=/home/ITER/mcintos/Code/.reckon-worktrees/nova-a0f1e0938fc2/s21-nova/cfs-kernel-compile-cost
RECURRENCE_IDENTITY points=10000 maximum=0
PASSED

======================= 1 passed, 4 deselected in 9.02s ========================
EXIT=0
