REVISION=01575b6b164607271c9f1d06cfa3f64f18128646 TREE=/home/ITER/mcintos/Code/.reckon-worktrees/nova-a0f1e0938fc2/s21-nova/cfs-kernel-compile-cost COMMAND=env JAX_PLATFORMS=cpu PYTHONPATH=/home/ITER/mcintos/Code/.reckon-worktrees/nova-a0f1e0938fc2/s21-nova/cfs-kernel-compile-cost /home/ITER/mcintos/Code/nova/.venv/bin/python -m pytest -p no:cacheprovider /home/ITER/mcintos/Code/.reckon-worktrees/nova-a0f1e0938fc2/s21-nova/cfs-kernel-compile-cost/tests/biot/test_kernel_compile_cost.py -k expression_bound -vv -s
============================= test session starts ==============================
platform linux -- Python 3.14.2, pytest-9.1.1, pluggy-1.6.0 -- /home/ITER/mcintos/Code/nova/.venv/bin/python
rootdir: /home/ITER/mcintos/Code/.reckon-worktrees/nova-a0f1e0938fc2/s21-nova/cfs-kernel-compile-cost
configfile: pyproject.toml
plugins: anyio-4.14.2, zarr-3.2.1, asyncio-1.4.0, timeout-2.4.0, typeguard-2.13.3, jaxtyping-0.3.11, xdist-3.8.0, cov-7.1.0
asyncio: mode=Mode.AUTO, debug=False, asyncio_default_fixture_loop_scope=function, asyncio_default_test_loop_scope=function
timeout: 300.0s
timeout method: signal
timeout func_only: False
collecting ... 00:39:04 INFO     Parsing data dictionary version 4.1.1 [90m@dd_zip.py:89[0m
collected 3 items / 2 deselected / 1 selected

tests/biot/test_kernel_compile_cost.py::test_point_jet_expression_bound REFERENCE_MODULE rangefunction=/tmp/biot-reference-n_dtmsvs/rangefunction.py
REFERENCE_MODULE elliptic=/tmp/biot-reference-n_dtmsvs/elliptic.py
REFERENCE_MODULE momentchannel=/home/ITER/mcintos/Code/.reckon-worktrees/nova-a0f1e0938fc2/s21-nova/cfs-kernel-compile-cost/nova/biot/momentchannel.py
REFERENCE_MODULE polygonanalytic=/home/ITER/mcintos/Code/.reckon-worktrees/nova-a0f1e0938fc2/s21-nova/cfs-kernel-compile-cost/nova/biot/polygonanalytic.py
MEASUREMENT_CWD=/home/ITER/mcintos/Code/.reckon-worktrees/nova-a0f1e0938fc2/s21-nova/cfs-kernel-compile-cost
EQUATIONS before=78404 after=78404 ratio=1
FAILED

=================================== FAILURES ===================================
_______________________ test_point_jet_expression_bound ________________________

    def test_point_jet_expression_bound():
        from nova.biot import polygonanalytic
        geometry = _geometry()
        point = jnp.asarray([5.62, 0.31])
        with _baseline_kernel() as baseline:
            before = _unique_equations(jax.make_jaxpr(jax.jit(_point_jet(baseline)))(point, geometry))
        after = _unique_equations(jax.make_jaxpr(jax.jit(_point_jet(polygonanalytic)))(point, geometry))
        print(f"EQUATIONS before={before} after={after} ratio={before / after:.9g}", flush=True)
        assert before > 50000, "the counter must see the expanded reference kernel"
>       assert after * 10 <= before
E       assert (78404 * 10) <= 78404

tests/biot/test_kernel_compile_cost.py:125: AssertionError
=========================== short test summary info ============================
FAILED tests/biot/test_kernel_compile_cost.py::test_point_jet_expression_bound - assert (78404 * 10) <= 78404
======================= 1 failed, 2 deselected in 29.04s =======================
EXIT=1
