AFTER_EQUATIONS 22565
('/home/ITER/mcintos/Code/.reckon-worktrees/nova-a0f1e0938fc2/s21-nova/cfs-kernel-compile-cost/nova/biot/momentchannel.py:375 (Channel._pole)', 1288)
('/home/ITER/mcintos/Code/.reckon-worktrees/nova-a0f1e0938fc2/s21-nova/cfs-kernel-compile-cost/nova/biot/rangefunction.py:115 (_pack)', 1101)
('/home/ITER/mcintos/Code/.reckon-worktrees/nova-a0f1e0938fc2/s21-nova/cfs-kernel-compile-cost/nova/biot/rangefunction.py:109 (_array_program.<locals>.evaluate)', 769)
('/home/ITER/mcintos/Code/.reckon-worktrees/nova-a0f1e0938fc2/s21-nova/cfs-kernel-compile-cost/nova/biot/completeelliptic.py:139 (_accumulate)', 652)
('/home/ITER/mcintos/Code/.reckon-worktrees/nova-a0f1e0938fc2/s21-nova/cfs-kernel-compile-cost/nova/biot/gradedresidual.py:100 (_model_integral.<locals>.primitive)', 560)
('/home/ITER/mcintos/Code/.reckon-worktrees/nova-a0f1e0938fc2/s21-nova/cfs-kernel-compile-cost/nova/biot/momentchannel.py:381 (Channel._pole)', 552)
('/home/ITER/mcintos/Code/.reckon-worktrees/nova-a0f1e0938fc2/s21-nova/cfs-kernel-compile-cost/nova/biot/completeelliptic.py:140 (_accumulate)', 546)
('/home/ITER/mcintos/Code/.reckon-worktrees/nova-a0f1e0938fc2/s21-nova/cfs-kernel-compile-cost/nova/biot/completeelliptic.py:141 (_accumulate)', 544)
('/home/ITER/mcintos/Code/.reckon-worktrees/nova-a0f1e0938fc2/s21-nova/cfs-kernel-compile-cost/nova/biot/momentchannel.py:384 (Channel._pole)', 414)
('other', 386)
('/home/ITER/mcintos/Code/.reckon-worktrees/nova-a0f1e0938fc2/s21-nova/cfs-kernel-compile-cost/nova/biot/momentchannel.py:376 (Channel._pole)', 368)
('/home/ITER/mcintos/Code/.reckon-worktrees/nova-a0f1e0938fc2/s21-nova/cfs-kernel-compile-cost/nova/biot/gradedresidual.py:96 (_model_integral.<locals>.primitive)', 352)
('/home/ITER/mcintos/Code/.reckon-worktrees/nova-a0f1e0938fc2/s21-nova/cfs-kernel-compile-cost/nova/biot/polygonanalytic.py:2506 (packed_analytic_moments)', 285)
('/home/ITER/mcintos/Code/.reckon-worktrees/nova-a0f1e0938fc2/s21-nova/cfs-kernel-compile-cost/nova/biot/momentchannel.py:468 (Channel.across)', 253)
('/home/ITER/mcintos/Code/.reckon-worktrees/nova-a0f1e0938fc2/s21-nova/cfs-kernel-compile-cost/nova/biot/completeelliptic.py:121 (_descent)', 252)
('/home/ITER/mcintos/Code/.reckon-worktrees/nova-a0f1e0938fc2/s21-nova/cfs-kernel-compile-cost/nova/biot/completeelliptic.py:122 (_descent)', 252)
('/home/ITER/mcintos/Code/.reckon-worktrees/nova-a0f1e0938fc2/s21-nova/cfs-kernel-compile-cost/nova/biot/momentchannel.py:372 (Channel._pole)', 230)
('/home/ITER/mcintos/Code/.reckon-worktrees/nova-a0f1e0938fc2/s21-nova/cfs-kernel-compile-cost/nova/biot/gradedresidual.py:192 (graded_residual)', 200)
('/home/ITER/mcintos/Code/.reckon-worktrees/nova-a0f1e0938fc2/s21-nova/cfs-kernel-compile-cost/nova/biot/rangefunction.py:295 (product)', 196)
('/home/ITER/mcintos/Code/.reckon-worktrees/nova-a0f1e0938fc2/s21-nova/cfs-kernel-compile-cost/nova/biot/rangefunction.py:152 (_multiply_packed)', 184)
('/home/ITER/mcintos/Code/.reckon-worktrees/nova-a0f1e0938fc2/s21-nova/cfs-kernel-compile-cost/nova/biot/rangefunction.py:246 (harmonic_add)', 181)
('/home/ITER/mcintos/Code/.reckon-worktrees/nova-a0f1e0938fc2/s21-nova/cfs-kernel-compile-cost/nova/biot/polygonanalytic.py:1482 (_near_collinear_arsinh_difference)', 180)
('/home/ITER/mcintos/Code/.reckon-worktrees/nova-a0f1e0938fc2/s21-nova/cfs-kernel-compile-cost/nova/biot/rangefunction.py:133 (_scan)', 175)
('/home/ITER/mcintos/Code/.reckon-worktrees/nova-a0f1e0938fc2/s21-nova/cfs-kernel-compile-cost/nova/biot/rangefunction.py:119 (_unpack)', 170)
('/home/ITER/mcintos/Code/.reckon-worktrees/nova-a0f1e0938fc2/s21-nova/cfs-kernel-compile-cost/nova/biot/polygonanalytic.py:1486 (_near_collinear_arsinh_difference)', 170)
('/home/ITER/mcintos/Code/.reckon-worktrees/nova-a0f1e0938fc2/s21-nova/cfs-kernel-compile-cost/nova/biot/polygonanalytic.py:689 (_Edge._second_residual.<locals>.pieces)', 156)
('/home/ITER/mcintos/Code/.reckon-worktrees/nova-a0f1e0938fc2/s21-nova/cfs-kernel-compile-cost/nova/biot/polygonanalytic.py:2478 (packed_analytic_moments)', 150)
('/home/ITER/mcintos/Code/.reckon-worktrees/nova-a0f1e0938fc2/s21-nova/cfs-kernel-compile-cost/nova/biot/polygonanalytic.py:2483 (packed_analytic_moments)', 150)
('/home/ITER/mcintos/Code/.reckon-worktrees/nova-a0f1e0938fc2/s21-nova/cfs-kernel-compile-cost/nova/biot/polygonanalytic.py:2496 (packed_analytic_moments)', 150)
('/home/ITER/mcintos/Code/.reckon-worktrees/nova-a0f1e0938fc2/s21-nova/cfs-kernel-compile-cost/nova/biot/polygonanalytic.py:2500 (packed_analytic_moments)', 150)
