revision 4d7305f684bea23f59d28702bcd6dc636fc9d166 tree . command /home/ITER/mcintos/Code/nova/.venv/bin/python -m pytest -p no:cacheprovider tests/test_biotcompleteelliptic.py tests/test_biotelliptic.py tests/test_biotrangefunction.py -vv
============================= test session starts ==============================
platform linux -- Python 3.14.2, pytest-9.1.1, pluggy-1.6.0 -- /home/ITER/mcintos/Code/nova/.venv/bin/python
rootdir: .
configfile: pyproject.toml
plugins: anyio-4.14.2, zarr-3.2.1, asyncio-1.4.0, timeout-2.4.0, typeguard-2.13.3, jaxtyping-0.3.11, xdist-3.8.0, cov-7.1.0
asyncio: mode=Mode.AUTO, debug=False, asyncio_default_fixture_loop_scope=function, asyncio_default_test_loop_scope=function
timeout: 300.0s
timeout method: signal
timeout func_only: False
collecting ... 01:46:40 INFO     Parsing data dictionary version 4.1.1 [90m@dd_zip.py:89[0m
collected 342 items

tests/test_biotcompleteelliptic.py::test_the_references_agree_with_each_other_where_they_overlap PASSED [  0%]
tests/test_biotcompleteelliptic.py::test_first_kind_holds_to_a_few_ulp_over_the_whole_double_range PASSED [  0%]
tests/test_biotcompleteelliptic.py::test_second_kind_holds_to_a_few_ulp_against_each_reference_in_its_own_span PASSED [  0%]
tests/test_biotcompleteelliptic.py::test_the_parameter_route_is_what_the_complement_route_repairs PASSED [  1%]
tests/test_biotcompleteelliptic.py::test_third_kind_matches_carlson_in_its_positive_arrangement[1e-12] PASSED [  1%]
tests/test_biotcompleteelliptic.py::test_third_kind_matches_carlson_in_its_positive_arrangement[1e-06] PASSED [  1%]
tests/test_biotcompleteelliptic.py::test_third_kind_matches_carlson_in_its_positive_arrangement[0.001] PASSED [  2%]
tests/test_biotcompleteelliptic.py::test_third_kind_matches_carlson_in_its_positive_arrangement[0.1] PASSED [  2%]
tests/test_biotcompleteelliptic.py::test_third_kind_matches_carlson_in_its_positive_arrangement[0.5] PASSED [  2%]
tests/test_biotcompleteelliptic.py::test_third_kind_matches_carlson_in_its_positive_arrangement[0.9] PASSED [  2%]
tests/test_biotcompleteelliptic.py::test_third_kind_matches_carlson_in_its_positive_arrangement[1.0] PASSED [  3%]
tests/test_biotcompleteelliptic.py::test_third_kind_matches_carlson_in_its_positive_arrangement[2.0] PASSED [  3%]
tests/test_biotcompleteelliptic.py::test_third_kind_matches_carlson_in_its_positive_arrangement[10.0] PASSED [  3%]
tests/test_biotcompleteelliptic.py::test_third_kind_matches_carlson_in_its_positive_arrangement[1000.0] PASSED [  4%]
tests/test_biotcompleteelliptic.py::test_third_kind_matches_carlson_in_its_positive_arrangement[1000000.0] PASSED [  4%]
tests/test_biotcompleteelliptic.py::test_third_kind_matches_its_elementary_limit_at_every_pole PASSED [  4%]
tests/test_biotcompleteelliptic.py::test_third_kind_matches_the_identity_that_ties_it_to_the_second PASSED [  4%]
tests/test_biotcompleteelliptic.py::test_third_kind_reproduces_its_defining_integral[1.0-1e-06] PASSED [  5%]
tests/test_biotcompleteelliptic.py::test_third_kind_reproduces_its_defining_integral[1.0-0.001] PASSED [  5%]
tests/test_biotcompleteelliptic.py::test_third_kind_reproduces_its_defining_integral[1.0-0.5] PASSED [  5%]
tests/test_biotcompleteelliptic.py::test_third_kind_reproduces_its_defining_integral[1.0-2.0] PASSED [  6%]
tests/test_biotcompleteelliptic.py::test_third_kind_reproduces_its_defining_integral[1.0-1000.0] PASSED [  6%]
tests/test_biotcompleteelliptic.py::test_third_kind_reproduces_its_defining_integral[1.0-1000000.0] PASSED [  6%]
tests/test_biotcompleteelliptic.py::test_third_kind_reproduces_its_defining_integral[0.5-1e-06] PASSED [  7%]
tests/test_biotcompleteelliptic.py::test_third_kind_reproduces_its_defining_integral[0.5-0.001] PASSED [  7%]
tests/test_biotcompleteelliptic.py::test_third_kind_reproduces_its_defining_integral[0.5-0.5] PASSED [  7%]
tests/test_biotcompleteelliptic.py::test_third_kind_reproduces_its_defining_integral[0.5-2.0] PASSED [  7%]
tests/test_biotcompleteelliptic.py::test_third_kind_reproduces_its_defining_integral[0.5-1000.0] PASSED [  8%]
tests/test_biotcompleteelliptic.py::test_third_kind_reproduces_its_defining_integral[0.5-1000000.0] PASSED [  8%]
tests/test_biotcompleteelliptic.py::test_third_kind_reproduces_its_defining_integral[0.001-1e-06] PASSED [  8%]
tests/test_biotcompleteelliptic.py::test_third_kind_reproduces_its_defining_integral[0.001-0.001] PASSED [  9%]
tests/test_biotcompleteelliptic.py::test_third_kind_reproduces_its_defining_integral[0.001-0.5] PASSED [  9%]
tests/test_biotcompleteelliptic.py::test_third_kind_reproduces_its_defining_integral[0.001-2.0] PASSED [  9%]
tests/test_biotcompleteelliptic.py::test_third_kind_reproduces_its_defining_integral[0.001-1000.0] PASSED [  9%]
tests/test_biotcompleteelliptic.py::test_third_kind_reproduces_its_defining_integral[0.001-1000000.0] PASSED [ 10%]
tests/test_biotcompleteelliptic.py::test_a_target_on_the_source_ring_returns_the_finite_part PASSED [ 10%]
tests/test_biotcompleteelliptic.py::test_the_unit_pole_finite_part_has_its_exact_value_and_tangent PASSED [ 10%]
tests/test_biotcompleteelliptic.py::test_the_unit_pole_neighbours_keep_their_exact_finite_parts PASSED [ 11%]
tests/test_biotcompleteelliptic.py::test_the_weighted_finite_part_keeps_its_general_unit_pole_tangent PASSED [ 11%]
tests/test_biotcompleteelliptic.py::test_the_finite_part_holds_inactive_series_at_wide_poles PASSED [ 11%]
tests/test_biotcompleteelliptic.py::test_the_trip_count_is_bounded_by_the_argument_range_in_both_directions PASSED [ 11%]
tests/test_biotcompleteelliptic.py::test_the_traced_path_is_the_same_code_and_agrees_to_a_few_ulp PASSED [ 12%]
tests/test_biotcompleteelliptic.py::test_the_trace_is_compiled_once_however_many_tiles_it_serves PASSED [ 12%]
tests/test_biotcompleteelliptic.py::test_a_batch_of_moduli_maps_over_the_same_kernel PASSED [ 12%]
tests/test_biotcompleteelliptic.py::test_the_first_kind_differentiates_exactly_over_the_whole_range PASSED [ 13%]
tests/test_biotcompleteelliptic.py::test_the_third_kind_differentiates_exactly_in_the_pole_and_the_modulus PASSED [ 13%]
tests/test_biotcompleteelliptic.py::test_the_second_kind_derivative_degrades_where_its_value_becomes_one PASSED [ 13%]
tests/test_biotelliptic.py::test_sn_moments_reproduce_their_defining_integral[0.001] PASSED [ 14%]
tests/test_biotelliptic.py::test_sn_moments_reproduce_their_defining_integral[0.01] PASSED [ 14%]
tests/test_biotelliptic.py::test_sn_moments_reproduce_their_defining_integral[0.1] PASSED [ 14%]
tests/test_biotelliptic.py::test_sn_moments_reproduce_their_defining_integral[0.3] PASSED [ 14%]
tests/test_biotelliptic.py::test_sn_moments_reproduce_their_defining_integral[0.5] PASSED [ 15%]
tests/test_biotelliptic.py::test_sn_moments_reproduce_their_defining_integral[0.7] PASSED [ 15%]
tests/test_biotelliptic.py::test_sn_moments_reproduce_their_defining_integral[0.9] PASSED [ 15%]
tests/test_biotelliptic.py::test_sn_moments_reproduce_their_defining_integral[0.99] PASSED [ 16%]
tests/test_biotelliptic.py::test_sn_moments_reproduce_their_defining_integral[0.999] PASSED [ 16%]
tests/test_biotelliptic.py::test_sn_moments_keep_the_small_parameter_and_zero_limits PASSED [ 16%]
tests/test_biotelliptic.py::test_sn_cn_moments_reproduce_their_defining_integral[0.001] PASSED [ 16%]
tests/test_biotelliptic.py::test_sn_cn_moments_reproduce_their_defining_integral[0.01] PASSED [ 17%]
tests/test_biotelliptic.py::test_sn_cn_moments_reproduce_their_defining_integral[0.1] PASSED [ 17%]
tests/test_biotelliptic.py::test_sn_cn_moments_reproduce_their_defining_integral[0.3] PASSED [ 17%]
tests/test_biotelliptic.py::test_sn_cn_moments_reproduce_their_defining_integral[0.5] PASSED [ 18%]
tests/test_biotelliptic.py::test_sn_cn_moments_reproduce_their_defining_integral[0.7] PASSED [ 18%]
tests/test_biotelliptic.py::test_sn_cn_moments_reproduce_their_defining_integral[0.9] PASSED [ 18%]
tests/test_biotelliptic.py::test_sn_cn_moments_reproduce_their_defining_integral[0.99] PASSED [ 19%]
tests/test_biotelliptic.py::test_sn_cn_moments_reproduce_their_defining_integral[0.999] PASSED [ 19%]
tests/test_biotelliptic.py::test_sn_cn_moments_stay_accurate_where_the_sn_moments_do_not[1e-12] PASSED [ 19%]
tests/test_biotelliptic.py::test_sn_cn_moments_stay_accurate_where_the_sn_moments_do_not[1e-09] PASSED [ 19%]
tests/test_biotelliptic.py::test_sn_cn_moments_stay_accurate_where_the_sn_moments_do_not[1e-06] PASSED [ 20%]
tests/test_biotelliptic.py::test_sn_cn_moments_match_the_printed_recursion_where_it_is_conditioned PASSED [ 20%]
tests/test_biotelliptic.py::test_pole_moment_reproduces_its_defining_integral[0.0001-0.001] PASSED [ 20%]
tests/test_biotelliptic.py::test_pole_moment_reproduces_its_defining_integral[0.0001-0.01] PASSED [ 21%]
tests/test_biotelliptic.py::test_pole_moment_reproduces_its_defining_integral[0.0001-0.1] PASSED [ 21%]
tests/test_biotelliptic.py::test_pole_moment_reproduces_its_defining_integral[0.0001-0.3] PASSED [ 21%]
tests/test_biotelliptic.py::test_pole_moment_reproduces_its_defining_integral[0.0001-0.5] PASSED [ 21%]
tests/test_biotelliptic.py::test_pole_moment_reproduces_its_defining_integral[0.0001-0.7] PASSED [ 22%]
tests/test_biotelliptic.py::test_pole_moment_reproduces_its_defining_integral[0.0001-0.9] PASSED [ 22%]
tests/test_biotelliptic.py::test_pole_moment_reproduces_its_defining_integral[0.0001-0.99] PASSED [ 22%]
tests/test_biotelliptic.py::test_pole_moment_reproduces_its_defining_integral[0.0001-0.999] PASSED [ 23%]
tests/test_biotelliptic.py::test_pole_moment_reproduces_its_defining_integral[0.05-0.001] PASSED [ 23%]
tests/test_biotelliptic.py::test_pole_moment_reproduces_its_defining_integral[0.05-0.01] PASSED [ 23%]
tests/test_biotelliptic.py::test_pole_moment_reproduces_its_defining_integral[0.05-0.1] PASSED [ 23%]
tests/test_biotelliptic.py::test_pole_moment_reproduces_its_defining_integral[0.05-0.3] PASSED [ 24%]
tests/test_biotelliptic.py::test_pole_moment_reproduces_its_defining_integral[0.05-0.5] PASSED [ 24%]
tests/test_biotelliptic.py::test_pole_moment_reproduces_its_defining_integral[0.05-0.7] PASSED [ 24%]
tests/test_biotelliptic.py::test_pole_moment_reproduces_its_defining_integral[0.05-0.9] PASSED [ 25%]
tests/test_biotelliptic.py::test_pole_moment_reproduces_its_defining_integral[0.05-0.99] PASSED [ 25%]
tests/test_biotelliptic.py::test_pole_moment_reproduces_its_defining_integral[0.05-0.999] PASSED [ 25%]
tests/test_biotelliptic.py::test_pole_moment_reproduces_its_defining_integral[0.25-0.001] PASSED [ 26%]
tests/test_biotelliptic.py::test_pole_moment_reproduces_its_defining_integral[0.25-0.01] PASSED [ 26%]
tests/test_biotelliptic.py::test_pole_moment_reproduces_its_defining_integral[0.25-0.1] PASSED [ 26%]
tests/test_biotelliptic.py::test_pole_moment_reproduces_its_defining_integral[0.25-0.3] PASSED [ 26%]
tests/test_biotelliptic.py::test_pole_moment_reproduces_its_defining_integral[0.25-0.5] PASSED [ 27%]
tests/test_biotelliptic.py::test_pole_moment_reproduces_its_defining_integral[0.25-0.7] PASSED [ 27%]
tests/test_biotelliptic.py::test_pole_moment_reproduces_its_defining_integral[0.25-0.9] PASSED [ 27%]
tests/test_biotelliptic.py::test_pole_moment_reproduces_its_defining_integral[0.25-0.99] PASSED [ 28%]
tests/test_biotelliptic.py::test_pole_moment_reproduces_its_defining_integral[0.25-0.999] PASSED [ 28%]
tests/test_biotelliptic.py::test_pole_moment_reproduces_its_defining_integral[0.6-0.001] PASSED [ 28%]
tests/test_biotelliptic.py::test_pole_moment_reproduces_its_defining_integral[0.6-0.01] PASSED [ 28%]
tests/test_biotelliptic.py::test_pole_moment_reproduces_its_defining_integral[0.6-0.1] PASSED [ 29%]
tests/test_biotelliptic.py::test_pole_moment_reproduces_its_defining_integral[0.6-0.3] PASSED [ 29%]
tests/test_biotelliptic.py::test_pole_moment_reproduces_its_defining_integral[0.6-0.5] PASSED [ 29%]
tests/test_biotelliptic.py::test_pole_moment_reproduces_its_defining_integral[0.6-0.7] PASSED [ 30%]
tests/test_biotelliptic.py::test_pole_moment_reproduces_its_defining_integral[0.6-0.9] PASSED [ 30%]
tests/test_biotelliptic.py::test_pole_moment_reproduces_its_defining_integral[0.6-0.99] PASSED [ 30%]
tests/test_biotelliptic.py::test_pole_moment_reproduces_its_defining_integral[0.6-0.999] PASSED [ 30%]
tests/test_biotelliptic.py::test_pole_moment_reproduces_its_defining_integral[0.95-0.001] PASSED [ 31%]
tests/test_biotelliptic.py::test_pole_moment_reproduces_its_defining_integral[0.95-0.01] PASSED [ 31%]
tests/test_biotelliptic.py::test_pole_moment_reproduces_its_defining_integral[0.95-0.1] PASSED [ 31%]
tests/test_biotelliptic.py::test_pole_moment_reproduces_its_defining_integral[0.95-0.3] PASSED [ 32%]
tests/test_biotelliptic.py::test_pole_moment_reproduces_its_defining_integral[0.95-0.5] PASSED [ 32%]
tests/test_biotelliptic.py::test_pole_moment_reproduces_its_defining_integral[0.95-0.7] PASSED [ 32%]
tests/test_biotelliptic.py::test_pole_moment_reproduces_its_defining_integral[0.95-0.9] PASSED [ 33%]
tests/test_biotelliptic.py::test_pole_moment_reproduces_its_defining_integral[0.95-0.99] PASSED [ 33%]
tests/test_biotelliptic.py::test_pole_moment_reproduces_its_defining_integral[0.95-0.999] PASSED [ 33%]
tests/test_biotelliptic.py::test_pole_moment_handles_the_degenerate_branch PASSED [ 33%]
tests/test_biotelliptic.py::test_pole_moment_keeps_the_value_immediately_below_equality PASSED [ 34%]
tests/test_biotelliptic.py::test_pole_moment_keeps_exact_complements_and_elementary_limits PASSED [ 34%]
tests/test_biotelliptic.py::test_pole_moment_keeps_the_full_positive_complement_range_at_unit_parameter PASSED [ 34%]
tests/test_biotelliptic.py::test_pole_moment_branches_on_exact_neighbouring_complements PASSED [ 35%]
tests/test_biotelliptic.py::test_pole_moment_extreme_lanes_are_held_before_eager_evaluation PASSED [ 35%]
tests/test_biotelliptic.py::test_pole_moment_retains_one_supplied_complement_and_small_equality PASSED [ 35%]
tests/test_biotelliptic.py::test_complete_pi_reproduces_its_defining_integral[-2.0-0.05] PASSED [ 35%]
tests/test_biotelliptic.py::test_complete_pi_reproduces_its_defining_integral[-2.0-0.3] PASSED [ 36%]
tests/test_biotelliptic.py::test_complete_pi_reproduces_its_defining_integral[-2.0-0.7] PASSED [ 36%]
tests/test_biotelliptic.py::test_complete_pi_reproduces_its_defining_integral[-2.0-0.95] PASSED [ 36%]
tests/test_biotelliptic.py::test_complete_pi_reproduces_its_defining_integral[-0.3-0.05] PASSED [ 37%]
tests/test_biotelliptic.py::test_complete_pi_reproduces_its_defining_integral[-0.3-0.3] PASSED [ 37%]
tests/test_biotelliptic.py::test_complete_pi_reproduces_its_defining_integral[-0.3-0.7] PASSED [ 37%]
tests/test_biotelliptic.py::test_complete_pi_reproduces_its_defining_integral[-0.3-0.95] PASSED [ 38%]
tests/test_biotelliptic.py::test_complete_pi_reproduces_its_defining_integral[0.001-0.05] PASSED [ 38%]
tests/test_biotelliptic.py::test_complete_pi_reproduces_its_defining_integral[0.001-0.3] PASSED [ 38%]
tests/test_biotelliptic.py::test_complete_pi_reproduces_its_defining_integral[0.001-0.7] PASSED [ 38%]
tests/test_biotelliptic.py::test_complete_pi_reproduces_its_defining_integral[0.001-0.95] PASSED [ 39%]
tests/test_biotelliptic.py::test_complete_pi_reproduces_its_defining_integral[0.4-0.05] PASSED [ 39%]
tests/test_biotelliptic.py::test_complete_pi_reproduces_its_defining_integral[0.4-0.3] PASSED [ 39%]
tests/test_biotelliptic.py::test_complete_pi_reproduces_its_defining_integral[0.4-0.7] PASSED [ 40%]
tests/test_biotelliptic.py::test_complete_pi_reproduces_its_defining_integral[0.4-0.95] PASSED [ 40%]
tests/test_biotelliptic.py::test_complete_pi_reproduces_its_defining_integral[0.8-0.05] PASSED [ 40%]
tests/test_biotelliptic.py::test_complete_pi_reproduces_its_defining_integral[0.8-0.3] PASSED [ 40%]
tests/test_biotelliptic.py::test_complete_pi_reproduces_its_defining_integral[0.8-0.7] PASSED [ 41%]
tests/test_biotelliptic.py::test_complete_pi_reproduces_its_defining_integral[0.8-0.95] PASSED [ 41%]
tests/test_biotelliptic.py::test_complete_pi_reduces_to_the_first_kind_at_zero_characteristic PASSED [ 41%]
tests/test_biotelliptic.py::test_the_quarter_period_jacobi_values_the_reduction_relies_on PASSED [ 42%]
tests/test_biotelliptic.py::test_the_canonical_moments_agree_with_their_defining_integral_at_every_order[0.001] PASSED [ 42%]
tests/test_biotelliptic.py::test_the_canonical_moments_agree_with_their_defining_integral_at_every_order[0.01] PASSED [ 42%]
tests/test_biotelliptic.py::test_the_canonical_moments_agree_with_their_defining_integral_at_every_order[0.1] PASSED [ 42%]
tests/test_biotelliptic.py::test_the_canonical_moments_agree_with_their_defining_integral_at_every_order[0.3] PASSED [ 43%]
tests/test_biotelliptic.py::test_the_canonical_moments_agree_with_their_defining_integral_at_every_order[0.5] PASSED [ 43%]
tests/test_biotelliptic.py::test_the_canonical_moments_agree_with_their_defining_integral_at_every_order[0.7] PASSED [ 43%]
tests/test_biotelliptic.py::test_the_canonical_moments_agree_with_their_defining_integral_at_every_order[0.9] PASSED [ 44%]
tests/test_biotelliptic.py::test_the_canonical_moments_agree_with_their_defining_integral_at_every_order[0.99] PASSED [ 44%]
tests/test_biotelliptic.py::test_the_canonical_moments_agree_with_their_defining_integral_at_every_order[0.999] PASSED [ 44%]
tests/test_biotelliptic.py::test_the_canonical_moments_agree_with_their_defining_integral_at_every_order[1e-06] PASSED [ 45%]
tests/test_biotelliptic.py::test_the_canonical_moments_agree_with_their_defining_integral_at_every_order[0.999999] PASSED [ 45%]
tests/test_biotelliptic.py::test_pole_moments_reproduce_their_defining_integral[-200000.0-0.05] PASSED [ 45%]
tests/test_biotelliptic.py::test_pole_moments_reproduce_their_defining_integral[-200000.0-0.5] PASSED [ 45%]
tests/test_biotelliptic.py::test_pole_moments_reproduce_their_defining_integral[-200000.0-0.95] PASSED [ 46%]
tests/test_biotelliptic.py::test_pole_moments_reproduce_their_defining_integral[-0.3-0.05] PASSED [ 46%]
tests/test_biotelliptic.py::test_pole_moments_reproduce_their_defining_integral[-0.3-0.5] PASSED [ 46%]
tests/test_biotelliptic.py::test_pole_moments_reproduce_their_defining_integral[-0.3-0.95] PASSED [ 47%]
tests/test_biotelliptic.py::test_pole_moments_reproduce_their_defining_integral[0.001-0.05] PASSED [ 47%]
tests/test_biotelliptic.py::test_pole_moments_reproduce_their_defining_integral[0.001-0.5] PASSED [ 47%]
tests/test_biotelliptic.py::test_pole_moments_reproduce_their_defining_integral[0.001-0.95] PASSED [ 47%]
tests/test_biotelliptic.py::test_pole_moments_reproduce_their_defining_integral[0.4-0.05] PASSED [ 48%]
tests/test_biotelliptic.py::test_pole_moments_reproduce_their_defining_integral[0.4-0.5] PASSED [ 48%]
tests/test_biotelliptic.py::test_pole_moments_reproduce_their_defining_integral[0.4-0.95] PASSED [ 48%]
tests/test_biotelliptic.py::test_pole_moments_reproduce_their_defining_integral[0.95-0.05] PASSED [ 49%]
tests/test_biotelliptic.py::test_pole_moments_reproduce_their_defining_integral[0.95-0.5] PASSED [ 49%]
tests/test_biotelliptic.py::test_pole_moments_reproduce_their_defining_integral[0.95-0.95] PASSED [ 49%]
tests/test_biotelliptic.py::test_complete_pi_keeps_its_accuracy_when_handed_the_complement PASSED [ 50%]
tests/test_biotelliptic.py::test_the_graded_reference_agrees_with_the_routines_already_pinned PASSED [ 50%]
tests/test_biotelliptic.py::test_the_complement_moments_agree_with_their_defining_integral[1e-12] PASSED [ 50%]
tests/test_biotelliptic.py::test_the_complement_moments_agree_with_their_defining_integral[1e-06] PASSED [ 50%]
tests/test_biotelliptic.py::test_the_complement_moments_agree_with_their_defining_integral[0.1] PASSED [ 51%]
tests/test_biotelliptic.py::test_the_complement_moments_agree_with_their_defining_integral[0.3] PASSED [ 51%]
tests/test_biotelliptic.py::test_the_complement_moments_agree_with_their_defining_integral[0.33] PASSED [ 51%]
tests/test_biotelliptic.py::test_the_complement_moments_agree_with_their_defining_integral[0.34] PASSED [ 52%]
tests/test_biotelliptic.py::test_the_complement_moments_agree_with_their_defining_integral[0.5] PASSED [ 52%]
tests/test_biotelliptic.py::test_the_complement_moments_agree_with_their_defining_integral[0.9] PASSED [ 52%]
tests/test_biotelliptic.py::test_the_complement_moments_agree_with_their_defining_integral[0.999999999999] PASSED [ 52%]
tests/test_biotelliptic.py::test_the_complement_moments_stay_bounded_by_the_quarter_period PASSED [ 53%]
tests/test_biotelliptic.py::test_the_complement_pole_moments_agree_with_their_defining_integral[1e-10-1e-06] PASSED [ 53%]
tests/test_biotelliptic.py::test_the_complement_pole_moments_agree_with_their_defining_integral[1e-10-0.3] PASSED [ 53%]
tests/test_biotelliptic.py::test_the_complement_pole_moments_agree_with_their_defining_integral[1e-10-0.7] PASSED [ 54%]
tests/test_biotelliptic.py::test_the_complement_pole_moments_agree_with_their_defining_integral[1e-10-0.99999999] PASSED [ 54%]
tests/test_biotelliptic.py::test_the_complement_pole_moments_agree_with_their_defining_integral[1e-06-1e-06] PASSED [ 54%]
tests/test_biotelliptic.py::test_the_complement_pole_moments_agree_with_their_defining_integral[1e-06-0.3] PASSED [ 54%]
tests/test_biotelliptic.py::test_the_complement_pole_moments_agree_with_their_defining_integral[1e-06-0.7] PASSED [ 55%]
tests/test_biotelliptic.py::test_the_complement_pole_moments_agree_with_their_defining_integral[1e-06-0.99999999] PASSED [ 55%]
tests/test_biotelliptic.py::test_the_complement_pole_moments_agree_with_their_defining_integral[0.001-1e-06] PASSED [ 55%]
tests/test_biotelliptic.py::test_the_complement_pole_moments_agree_with_their_defining_integral[0.001-0.3] PASSED [ 56%]
tests/test_biotelliptic.py::test_the_complement_pole_moments_agree_with_their_defining_integral[0.001-0.7] PASSED [ 56%]
tests/test_biotelliptic.py::test_the_complement_pole_moments_agree_with_their_defining_integral[0.001-0.99999999] PASSED [ 56%]
tests/test_biotelliptic.py::test_the_complement_pole_moments_agree_with_their_defining_integral[0.1-1e-06] PASSED [ 57%]
tests/test_biotelliptic.py::test_the_complement_pole_moments_agree_with_their_defining_integral[0.1-0.3] PASSED [ 57%]
tests/test_biotelliptic.py::test_the_complement_pole_moments_agree_with_their_defining_integral[0.1-0.7] PASSED [ 57%]
tests/test_biotelliptic.py::test_the_complement_pole_moments_agree_with_their_defining_integral[0.1-0.99999999] PASSED [ 57%]
tests/test_biotelliptic.py::test_the_complement_pole_moments_agree_with_their_defining_integral[1.0-1e-06] PASSED [ 58%]
tests/test_biotelliptic.py::test_the_complement_pole_moments_agree_with_their_defining_integral[1.0-0.3] PASSED [ 58%]
tests/test_biotelliptic.py::test_the_complement_pole_moments_agree_with_their_defining_integral[1.0-0.7] PASSED [ 58%]
tests/test_biotelliptic.py::test_the_complement_pole_moments_agree_with_their_defining_integral[1.0-0.99999999] PASSED [ 59%]
tests/test_biotelliptic.py::test_the_complement_pole_moments_agree_with_their_defining_integral[1.9-1e-06] PASSED [ 59%]
tests/test_biotelliptic.py::test_the_complement_pole_moments_agree_with_their_defining_integral[1.9-0.3] PASSED [ 59%]
tests/test_biotelliptic.py::test_the_complement_pole_moments_agree_with_their_defining_integral[1.9-0.7] PASSED [ 59%]
tests/test_biotelliptic.py::test_the_complement_pole_moments_agree_with_their_defining_integral[1.9-0.99999999] PASSED [ 60%]
tests/test_biotelliptic.py::test_the_complement_pole_moments_agree_with_their_defining_integral[2.1-1e-06] PASSED [ 60%]
tests/test_biotelliptic.py::test_the_complement_pole_moments_agree_with_their_defining_integral[2.1-0.3] PASSED [ 60%]
tests/test_biotelliptic.py::test_the_complement_pole_moments_agree_with_their_defining_integral[2.1-0.7] PASSED [ 61%]
tests/test_biotelliptic.py::test_the_complement_pole_moments_agree_with_their_defining_integral[2.1-0.99999999] PASSED [ 61%]
tests/test_biotelliptic.py::test_the_complement_pole_moments_agree_with_their_defining_integral[30.0-1e-06] PASSED [ 61%]
tests/test_biotelliptic.py::test_the_complement_pole_moments_agree_with_their_defining_integral[30.0-0.3] PASSED [ 61%]
tests/test_biotelliptic.py::test_the_complement_pole_moments_agree_with_their_defining_integral[30.0-0.7] PASSED [ 62%]
tests/test_biotelliptic.py::test_the_complement_pole_moments_agree_with_their_defining_integral[30.0-0.99999999] PASSED [ 62%]
tests/test_biotelliptic.py::test_the_plain_pole_moments_agree_with_their_defining_integral[1e-10-1e-06] PASSED [ 62%]
tests/test_biotelliptic.py::test_the_plain_pole_moments_agree_with_their_defining_integral[1e-10-0.3] PASSED [ 63%]
tests/test_biotelliptic.py::test_the_plain_pole_moments_agree_with_their_defining_integral[1e-10-0.7] PASSED [ 63%]
tests/test_biotelliptic.py::test_the_plain_pole_moments_agree_with_their_defining_integral[1e-10-0.99999999] PASSED [ 63%]
tests/test_biotelliptic.py::test_the_plain_pole_moments_agree_with_their_defining_integral[1e-06-1e-06] PASSED [ 64%]
tests/test_biotelliptic.py::test_the_plain_pole_moments_agree_with_their_defining_integral[1e-06-0.3] PASSED [ 64%]
tests/test_biotelliptic.py::test_the_plain_pole_moments_agree_with_their_defining_integral[1e-06-0.7] PASSED [ 64%]
tests/test_biotelliptic.py::test_the_plain_pole_moments_agree_with_their_defining_integral[1e-06-0.99999999] PASSED [ 64%]
tests/test_biotelliptic.py::test_the_plain_pole_moments_agree_with_their_defining_integral[0.001-1e-06] PASSED [ 65%]
tests/test_biotelliptic.py::test_the_plain_pole_moments_agree_with_their_defining_integral[0.001-0.3] PASSED [ 65%]
tests/test_biotelliptic.py::test_the_plain_pole_moments_agree_with_their_defining_integral[0.001-0.7] PASSED [ 65%]
tests/test_biotelliptic.py::test_the_plain_pole_moments_agree_with_their_defining_integral[0.001-0.99999999] PASSED [ 66%]
tests/test_biotelliptic.py::test_the_plain_pole_moments_agree_with_their_defining_integral[0.1-1e-06] PASSED [ 66%]
tests/test_biotelliptic.py::test_the_plain_pole_moments_agree_with_their_defining_integral[0.1-0.3] PASSED [ 66%]
tests/test_biotelliptic.py::test_the_plain_pole_moments_agree_with_their_defining_integral[0.1-0.7] PASSED [ 66%]
tests/test_biotelliptic.py::test_the_plain_pole_moments_agree_with_their_defining_integral[0.1-0.99999999] PASSED [ 67%]
tests/test_biotelliptic.py::test_the_plain_pole_moments_agree_with_their_defining_integral[1.0-1e-06] PASSED [ 67%]
tests/test_biotelliptic.py::test_the_plain_pole_moments_agree_with_their_defining_integral[1.0-0.3] PASSED [ 67%]
tests/test_biotelliptic.py::test_the_plain_pole_moments_agree_with_their_defining_integral[1.0-0.7] PASSED [ 68%]
tests/test_biotelliptic.py::test_the_plain_pole_moments_agree_with_their_defining_integral[1.0-0.99999999] PASSED [ 68%]
tests/test_biotelliptic.py::test_the_plain_pole_moments_agree_with_their_defining_integral[1.9-1e-06] PASSED [ 68%]
tests/test_biotelliptic.py::test_the_plain_pole_moments_agree_with_their_defining_integral[1.9-0.3] PASSED [ 69%]
tests/test_biotelliptic.py::test_the_plain_pole_moments_agree_with_their_defining_integral[1.9-0.7] PASSED [ 69%]
tests/test_biotelliptic.py::test_the_plain_pole_moments_agree_with_their_defining_integral[1.9-0.99999999] PASSED [ 69%]
tests/test_biotelliptic.py::test_the_plain_pole_moments_agree_with_their_defining_integral[2.1-1e-06] PASSED [ 69%]
tests/test_biotelliptic.py::test_the_plain_pole_moments_agree_with_their_defining_integral[2.1-0.3] PASSED [ 70%]
tests/test_biotelliptic.py::test_the_plain_pole_moments_agree_with_their_defining_integral[2.1-0.7] PASSED [ 70%]
tests/test_biotelliptic.py::test_the_plain_pole_moments_agree_with_their_defining_integral[2.1-0.99999999] PASSED [ 70%]
tests/test_biotelliptic.py::test_the_plain_pole_moments_agree_with_their_defining_integral[30.0-1e-06] PASSED [ 71%]
tests/test_biotelliptic.py::test_the_plain_pole_moments_agree_with_their_defining_integral[30.0-0.3] PASSED [ 71%]
tests/test_biotelliptic.py::test_the_plain_pole_moments_agree_with_their_defining_integral[30.0-0.7] PASSED [ 71%]
tests/test_biotelliptic.py::test_the_plain_pole_moments_agree_with_their_defining_integral[30.0-0.99999999] PASSED [ 71%]
tests/test_biotelliptic.py::test_a_pole_sitting_exactly_on_the_range_end_returns_the_plain_moments[0.2] PASSED [ 72%]
tests/test_biotelliptic.py::test_a_pole_sitting_exactly_on_the_range_end_returns_the_plain_moments[0.8] PASSED [ 72%]
tests/test_biotelliptic.py::test_the_third_kind_integral_keeps_its_digits_when_handed_both_complements PASSED [ 72%]
tests/test_biotelliptic.py::test_harmonic_moments_reproduce_their_defining_integral[0.0] PASSED [ 73%]
tests/test_biotelliptic.py::test_harmonic_moments_reproduce_their_defining_integral[0.001] PASSED [ 73%]
tests/test_biotelliptic.py::test_harmonic_moments_reproduce_their_defining_integral[0.3] PASSED [ 73%]
tests/test_biotelliptic.py::test_harmonic_moments_reproduce_their_defining_integral[0.7] PASSED [ 73%]
tests/test_biotelliptic.py::test_harmonic_moments_reproduce_their_defining_integral[0.95] PASSED [ 74%]
tests/test_biotelliptic.py::test_harmonic_moments_reproduce_their_defining_integral[0.985] PASSED [ 74%]
tests/test_biotelliptic.py::test_harmonic_moments_reproduce_their_defining_integral[0.995] PASSED [ 74%]
tests/test_biotelliptic.py::test_harmonic_root_moments_reproduce_their_defining_integral[0.0] PASSED [ 75%]
tests/test_biotelliptic.py::test_harmonic_root_moments_reproduce_their_defining_integral[0.001] PASSED [ 75%]
tests/test_biotelliptic.py::test_harmonic_root_moments_reproduce_their_defining_integral[0.3] PASSED [ 75%]
tests/test_biotelliptic.py::test_harmonic_root_moments_reproduce_their_defining_integral[0.7] PASSED [ 76%]
tests/test_biotelliptic.py::test_harmonic_root_moments_reproduce_their_defining_integral[0.95] PASSED [ 76%]
tests/test_biotelliptic.py::test_harmonic_root_moments_reproduce_their_defining_integral[0.985] PASSED [ 76%]
tests/test_biotelliptic.py::test_harmonic_root_moments_reproduce_their_defining_integral[0.995] PASSED [ 76%]
tests/test_biotelliptic.py::test_harmonic_pole_moments_reproduce_their_defining_integral[False-0.05-0.3] PASSED [ 77%]
tests/test_biotelliptic.py::test_harmonic_pole_moments_reproduce_their_defining_integral[False-0.05-1.0] PASSED [ 77%]
tests/test_biotelliptic.py::test_harmonic_pole_moments_reproduce_their_defining_integral[False-0.05-7.0] PASSED [ 77%]
tests/test_biotelliptic.py::test_harmonic_pole_moments_reproduce_their_defining_integral[False-0.05-1000.0] PASSED [ 78%]
tests/test_biotelliptic.py::test_harmonic_pole_moments_reproduce_their_defining_integral[False-0.05-10000000.0] PASSED [ 78%]
tests/test_biotelliptic.py::test_harmonic_pole_moments_reproduce_their_defining_integral[False-0.5-0.3] PASSED [ 78%]
tests/test_biotelliptic.py::test_harmonic_pole_moments_reproduce_their_defining_integral[False-0.5-1.0] PASSED [ 78%]
tests/test_biotelliptic.py::test_harmonic_pole_moments_reproduce_their_defining_integral[False-0.5-7.0] PASSED [ 79%]
tests/test_biotelliptic.py::test_harmonic_pole_moments_reproduce_their_defining_integral[False-0.5-1000.0] PASSED [ 79%]
tests/test_biotelliptic.py::test_harmonic_pole_moments_reproduce_their_defining_integral[False-0.5-10000000.0] PASSED [ 79%]
tests/test_biotelliptic.py::test_harmonic_pole_moments_reproduce_their_defining_integral[False-0.95-0.3] PASSED [ 80%]
tests/test_biotelliptic.py::test_harmonic_pole_moments_reproduce_their_defining_integral[False-0.95-1.0] PASSED [ 80%]
tests/test_biotelliptic.py::test_harmonic_pole_moments_reproduce_their_defining_integral[False-0.95-7.0] PASSED [ 80%]
tests/test_biotelliptic.py::test_harmonic_pole_moments_reproduce_their_defining_integral[False-0.95-1000.0] PASSED [ 80%]
tests/test_biotelliptic.py::test_harmonic_pole_moments_reproduce_their_defining_integral[False-0.95-10000000.0] PASSED [ 81%]
tests/test_biotelliptic.py::test_harmonic_pole_moments_reproduce_their_defining_integral[False-0.995-0.3] PASSED [ 81%]
tests/test_biotelliptic.py::test_harmonic_pole_moments_reproduce_their_defining_integral[False-0.995-1.0] PASSED [ 81%]
tests/test_biotelliptic.py::test_harmonic_pole_moments_reproduce_their_defining_integral[False-0.995-7.0] PASSED [ 82%]
tests/test_biotelliptic.py::test_harmonic_pole_moments_reproduce_their_defining_integral[False-0.995-1000.0] PASSED [ 82%]
tests/test_biotelliptic.py::test_harmonic_pole_moments_reproduce_their_defining_integral[False-0.995-10000000.0] PASSED [ 82%]
tests/test_biotelliptic.py::test_harmonic_pole_moments_reproduce_their_defining_integral[True-0.05-0.3] PASSED [ 83%]
tests/test_biotelliptic.py::test_harmonic_pole_moments_reproduce_their_defining_integral[True-0.05-1.0] PASSED [ 83%]
tests/test_biotelliptic.py::test_harmonic_pole_moments_reproduce_their_defining_integral[True-0.05-7.0] PASSED [ 83%]
tests/test_biotelliptic.py::test_harmonic_pole_moments_reproduce_their_defining_integral[True-0.05-1000.0] PASSED [ 83%]
tests/test_biotelliptic.py::test_harmonic_pole_moments_reproduce_their_defining_integral[True-0.05-10000000.0] PASSED [ 84%]
tests/test_biotelliptic.py::test_harmonic_pole_moments_reproduce_their_defining_integral[True-0.5-0.3] PASSED [ 84%]
tests/test_biotelliptic.py::test_harmonic_pole_moments_reproduce_their_defining_integral[True-0.5-1.0] PASSED [ 84%]
tests/test_biotelliptic.py::test_harmonic_pole_moments_reproduce_their_defining_integral[True-0.5-7.0] PASSED [ 85%]
tests/test_biotelliptic.py::test_harmonic_pole_moments_reproduce_their_defining_integral[True-0.5-1000.0] PASSED [ 85%]
tests/test_biotelliptic.py::test_harmonic_pole_moments_reproduce_their_defining_integral[True-0.5-10000000.0] PASSED [ 85%]
tests/test_biotelliptic.py::test_harmonic_pole_moments_reproduce_their_defining_integral[True-0.95-0.3] PASSED [ 85%]
tests/test_biotelliptic.py::test_harmonic_pole_moments_reproduce_their_defining_integral[True-0.95-1.0] PASSED [ 86%]
tests/test_biotelliptic.py::test_harmonic_pole_moments_reproduce_their_defining_integral[True-0.95-7.0] PASSED [ 86%]
tests/test_biotelliptic.py::test_harmonic_pole_moments_reproduce_their_defining_integral[True-0.95-1000.0] PASSED [ 86%]
tests/test_biotelliptic.py::test_harmonic_pole_moments_reproduce_their_defining_integral[True-0.95-10000000.0] PASSED [ 87%]
tests/test_biotelliptic.py::test_harmonic_pole_moments_reproduce_their_defining_integral[True-0.995-0.3] PASSED [ 87%]
tests/test_biotelliptic.py::test_harmonic_pole_moments_reproduce_their_defining_integral[True-0.995-1.0] PASSED [ 87%]
tests/test_biotelliptic.py::test_harmonic_pole_moments_reproduce_their_defining_integral[True-0.995-7.0] PASSED [ 88%]
tests/test_biotelliptic.py::test_harmonic_pole_moments_reproduce_their_defining_integral[True-0.995-1000.0] PASSED [ 88%]
tests/test_biotelliptic.py::test_harmonic_pole_moments_reproduce_their_defining_integral[True-0.995-10000000.0] PASSED [ 88%]
tests/test_biotelliptic.py::test_the_harmonic_family_carries_the_confluence_as_a_finite_part PASSED [ 88%]
tests/test_biotelliptic.py::test_the_harmonic_family_satisfies_its_own_relation_near_the_confluence[0.0001] PASSED [ 89%]
tests/test_biotelliptic.py::test_the_harmonic_family_satisfies_its_own_relation_near_the_confluence[1e-09] PASSED [ 89%]
tests/test_biotelliptic.py::test_the_harmonic_family_satisfies_its_own_relation_near_the_confluence[1e-14] PASSED [ 89%]
tests/test_biotrangefunction.py::test_a_series_and_its_range_function_are_the_same_function[alternating] PASSED [ 90%]
tests/test_biotrangefunction.py::test_a_series_and_its_range_function_are_the_same_function[constant] PASSED [ 90%]
tests/test_biotrangefunction.py::test_a_series_and_its_range_function_are_the_same_function[deep] PASSED [ 90%]
tests/test_biotrangefunction.py::test_a_series_and_its_range_function_are_the_same_function[linear] PASSED [ 90%]
tests/test_biotrangefunction.py::test_a_series_and_its_range_function_are_the_same_function[quadratic] PASSED [ 91%]
tests/test_biotrangefunction.py::test_the_round_trip_returns_the_series_it_started_from[alternating] PASSED [ 91%]
tests/test_biotrangefunction.py::test_the_round_trip_returns_the_series_it_started_from[constant] PASSED [ 91%]
tests/test_biotrangefunction.py::test_the_round_trip_returns_the_series_it_started_from[deep] PASSED [ 92%]
tests/test_biotrangefunction.py::test_the_round_trip_returns_the_series_it_started_from[linear] PASSED [ 92%]
tests/test_biotrangefunction.py::test_the_round_trip_returns_the_series_it_started_from[quadratic] PASSED [ 92%]
tests/test_biotrangefunction.py::test_the_round_trip_returns_the_range_function_it_started_from[alternating] PASSED [ 92%]
tests/test_biotrangefunction.py::test_the_round_trip_returns_the_range_function_it_started_from[constant] PASSED [ 93%]
tests/test_biotrangefunction.py::test_the_round_trip_returns_the_range_function_it_started_from[deep] PASSED [ 93%]
tests/test_biotrangefunction.py::test_the_round_trip_returns_the_range_function_it_started_from[linear] PASSED [ 93%]
tests/test_biotrangefunction.py::test_the_round_trip_returns_the_range_function_it_started_from[quadratic] PASSED [ 94%]
tests/test_biotrangefunction.py::test_the_rising_integral_is_the_integral_it_claims_to_be[alternating] PASSED [ 94%]
tests/test_biotrangefunction.py::test_the_rising_integral_is_the_integral_it_claims_to_be[constant] PASSED [ 94%]
tests/test_biotrangefunction.py::test_the_rising_integral_is_the_integral_it_claims_to_be[deep] PASSED [ 95%]
tests/test_biotrangefunction.py::test_the_rising_integral_is_the_integral_it_claims_to_be[linear] PASSED [ 95%]
tests/test_biotrangefunction.py::test_the_rising_integral_is_the_integral_it_claims_to_be[quadratic] PASSED [ 95%]
tests/test_biotrangefunction.py::test_the_rising_integral_vanishes_at_the_lower_limit_exactly[alternating] PASSED [ 95%]
tests/test_biotrangefunction.py::test_the_rising_integral_vanishes_at_the_lower_limit_exactly[constant] PASSED [ 96%]
tests/test_biotrangefunction.py::test_the_rising_integral_vanishes_at_the_lower_limit_exactly[deep] PASSED [ 96%]
tests/test_biotrangefunction.py::test_the_rising_integral_vanishes_at_the_lower_limit_exactly[linear] PASSED [ 96%]
tests/test_biotrangefunction.py::test_the_rising_integral_vanishes_at_the_lower_limit_exactly[quadratic] PASSED [ 97%]
tests/test_biotrangefunction.py::test_the_rising_integral_reaches_the_whole_range_at_a_quarter_turn PASSED [ 97%]
tests/test_biotrangefunction.py::test_the_helpers_carry_arrays_as_readily_as_scalars PASSED [ 97%]
tests/test_biotrangefunction.py::test_deflation_reproduces_the_series_it_divided[1.0] PASSED [ 97%]
tests/test_biotrangefunction.py::test_deflation_reproduces_the_series_it_divided[-1.0] PASSED [ 98%]
tests/test_biotrangefunction.py::test_deflation_reproduces_the_series_it_divided[1.05] PASSED [ 98%]
tests/test_biotrangefunction.py::test_deflation_reproduces_the_series_it_divided[-1.5] PASSED [ 98%]
tests/test_biotrangefunction.py::test_the_deflation_is_why_a_far_root_takes_the_other_route PASSED [ 99%]
tests/test_biotrangefunction.py::test_the_algebra_keeps_end_values_out_of_the_series PASSED [ 99%]
tests/test_biotrangefunction.py::test_a_product_of_bounded_factors_keeps_bounded_coefficients PASSED [ 99%]
tests/test_biotrangefunction.py::test_the_series_helpers_add_and_scale_as_functions PASSED [100%]

=============================== warnings summary ===============================
tests/test_biotelliptic.py: 12 warnings
  tests/test_biotelliptic.py:492: IntegrationWarning: The occurrence of roundoff error is detected, which prevents 
    the requested tolerance from being achieved.  The error may be 
    underestimated.
    expected, _ = scipy.integrate.quad(

tests/test_biotelliptic.py: 14 warnings
  tests/test_biotelliptic.py:832: IntegrationWarning: The occurrence of roundoff error is detected, which prevents 
    the requested tolerance from being achieved.  The error may be 
    underestimated.
    value, _ = scipy.integrate.quad(

tests/test_biotelliptic.py: 24 warnings
  tests/test_biotelliptic.py:918: IntegrationWarning: The occurrence of roundoff error is detected, which prevents 
    the requested tolerance from being achieved.  The error may be 
    underestimated.
    expected, _ = scipy.integrate.quad(

-- Docs: https://docs.pytest.org/en/stable/how-to/capture-warnings.html
====================== 342 passed, 50 warnings in 19.11s =======================
EXIT=0
