base_revision: 11985735c020a39df74f76c75cbe6354e0e67d36 head_revision: 3ab1adef4903973ece6c3df64a51ab29e9b611b2 base_tree=/tmp/ctta-sweep-base head_tree=/home/ITER/mcintos/Code/.reckon-worktrees/nova-a0f1e0938fc2/s21-nova/ctta-sweep-cost-on-carrier-size
diverted-single-null equal=True changed=none base={'nodes': 13, 'edges': 12, 'overflow': False} head={'nodes': 13, 'edges': 12, 'overflow': False}
moderate-rotation-conventional-static equal=True changed=none base={'nodes': 16, 'edges': 15, 'overflow': False} head={'nodes': 16, 'edges': 15, 'overflow': False}
strong-rotation-compact-static equal=True changed=none base={'nodes': 22, 'edges': 21, 'overflow': False} head={'nodes': 22, 'edges': 21, 'overflow': False}
weak-rotation-reactor-static equal=True changed=none base={'nodes': 18, 'edges': 17, 'overflow': False} head={'nodes': 18, 'edges': 17, 'overflow': False}
diverted-single-null-340-cells equal=True changed=none base={'nodes': 13, 'edges': 12, 'overflow': False} head={'nodes': 13, 'edges': 12, 'overflow': False}
moderate-rotation-conventional-static-340-cells equal=True changed=none base={'nodes': 20, 'edges': 19, 'overflow': False} head={'nodes': 20, 'edges': 19, 'overflow': False}
strong-rotation-compact-static-340-cells equal=True changed=none base={'nodes': 20, 'edges': 19, 'overflow': False} head={'nodes': 20, 'edges': 19, 'overflow': False}
weak-rotation-reactor-static-340-cells equal=True changed=none base={'nodes': 24, 'edges': 23, 'overflow': False} head={'nodes': 24, 'edges': 23, 'overflow': False}
diverted-single-null-550-cells equal=True changed=none base={'nodes': 13, 'edges': 12, 'overflow': False} head={'nodes': 13, 'edges': 12, 'overflow': False}
moderate-rotation-conventional-static-550-cells equal=True changed=none base={'nodes': 22, 'edges': 21, 'overflow': False} head={'nodes': 22, 'edges': 21, 'overflow': False}
strong-rotation-compact-static-550-cells equal=True changed=none base={'nodes': 18, 'edges': 17, 'overflow': False} head={'nodes': 18, 'edges': 17, 'overflow': False}
weak-rotation-reactor-static-550-cells equal=True changed=none base={'nodes': 14, 'edges': 13, 'overflow': False} head={'nodes': 14, 'edges': 13, 'overflow': False}
diverted-single-null-1074-cells equal=True changed=none base={'nodes': 15, 'edges': 14, 'overflow': False} head={'nodes': 15, 'edges': 14, 'overflow': False}
moderate-rotation-conventional-static-1074-cells equal=True changed=none base={'nodes': 32, 'edges': 31, 'overflow': False} head={'nodes': 32, 'edges': 31, 'overflow': False}
strong-rotation-compact-static-1074-cells equal=True changed=none base={'nodes': 26, 'edges': 25, 'overflow': False} head={'nodes': 26, 'edges': 25, 'overflow': False}
weak-rotation-reactor-static-1074-cells equal=True changed=none base={'nodes': 24, 'edges': 23, 'overflow': False} head={'nodes': 24, 'edges': 23, 'overflow': False}
mast-27079-row-16 equal=True changed=none base={'nodes': 66, 'edges': 65, 'overflow': False} head={'nodes': 66, 'edges': 65, 'overflow': False}
mast-22475-row-50 equal=True changed=none base={'nodes': 69, 'edges': 68, 'overflow': False} head={'nodes': 69, 'edges': 68, 'overflow': False}
fixtures=18 mismatches=0 EXIT=0
