17:25:49 INFO     Parsing data dictionary version 3.39.0 [90m@dd_zip.py:89[0m
INFO:imas.dd_zip:Parsing data dictionary version 3.39.0
CACHE fixture=coarse status=warm key=746fbe1553c4b242 load_s=0.853334493 build_s=0 store_s=0 validation_s=0 arrays=31 bytes=51411470 bitwise=True store=/home/ITER/mcintos/.local/share/nova/0.11.0/solovev_hex_machine.zarr
LINEARIZE state_size=2396
COMPARATOR contracting omitted second moments
ARM name=seven_sample_quadratic
Traceback (most recent call last):
  File "/home/ITER/mcintos/Code/.reckon-worktrees/nova-a0f1e0938fc2/5384e3ab-85b1-4ca8-914b-bcb194a05e29/density-forcing-ladder/scripts/density_forcing_ladder/measure.py", line 523, in <module>
    main()
    ~~~~^^
  File "/home/ITER/mcintos/Code/.reckon-worktrees/nova-a0f1e0938fc2/5384e3ab-85b1-4ca8-914b-bcb194a05e29/density-forcing-ladder/scripts/density_forcing_ladder/measure.py", line 362, in main
    internal, timing = benchmark(evaluator, definition["sample_flux"])
                       ~~~~~~~~~^^^^^^^^^^^^^^^^^^^^^^^^^^^^^^^^^^^^^^
  File "/home/ITER/mcintos/Code/.reckon-worktrees/nova-a0f1e0938fc2/5384e3ab-85b1-4ca8-914b-bcb194a05e29/density-forcing-ladder/scripts/density_forcing_ladder/measure.py", line 153, in benchmark
    jax.block_until_ready(image)
    ~~~~~~~~~~~~~~~~~~~~~^^^^^^^
  File "/home/ITER/mcintos/Code/nova/.venv/lib/python3.14/site-packages/jax/_src/api.py", line 2696, in block_until_ready
    try_to_block(arrays[0])
    ~~~~~~~~~~~~^^^^^^^^^^^
  File "/home/ITER/mcintos/Code/nova/.venv/lib/python3.14/site-packages/jax/_src/api.py", line 2679, in try_to_block
    return x.block_until_ready()
           ~~~~~~~~~~~~~~~~~~~^^
jax.errors.JaxRuntimeError: RESOURCE_EXHAUSTED: [0] Failed to load in-memory CUBIN (compiled for a different GPU?).: CUDA_ERROR_OUT_OF_MEMORY: out of memory [executable_name='jit_evaluate']
MEASURE_EXIT=1
