{
  "panel_count": 17,
  "panel_indices": [
    1,
    2,
    3,
    4,
    5,
    6,
    7,
    8,
    9,
    10,
    11,
    12,
    13,
    14,
    15,
    16,
    17
  ],
  "strict_json_count": 19,
  "png_count": 17,
  "png_dimensions": {
    "01-mast-21978-35-pure.png": [
      701,
      1317
    ],
    "02-mast-21978-35-mixed.png": [
      710,
      1317
    ],
    "03-mast-21983-35-pure.png": [
      725,
      1317
    ],
    "04-mast-21983-35-mixed.png": [
      716,
      1317
    ],
    "05-mast-21985-51-pure.png": [
      707,
      1317
    ],
    "06-mast-21985-51-mixed.png": [
      716,
      1317
    ],
    "07-mast-21986-46-pure.png": [
      725,
      1317
    ],
    "08-mast-21986-46-mixed.png": [
      724,
      1316
    ],
    "09-mast-21989-55-pure.png": [
      725,
      1317
    ],
    "10-mast-21989-55-mixed.png": [
      716,
      1317
    ],
    "11-mast-22086-43-pure.png": [
      700,
      1317
    ],
    "12-mast-22086-43-mixed.png": [
      700,
      1317
    ],
    "13-diiid-d3d_shot_00000c4a7b-179.png": [
      1009,
      1317
    ],
    "14-diiid-d3d_shot_0003ff34e7-44.png": [
      1009,
      1317
    ],
    "15-diiid-d3d_shot_001554e054-144.png": [
      1009,
      1317
    ],
    "16-diiid-d3d_shot_002495e835-146.png": [
      1009,
      1317
    ],
    "17-diiid-d3d_shot_0040ca9bdc-137.png": [
      1009,
      1317
    ]
  },
  "strong_containment_gate": {
    "criterion": "total_shadow_cells > 0 and closed_separatrix_available => both inside counts equal 0",
    "binding_population_count": 4,
    "binding_population": [
      "21978/35 pure",
      "21978/35 mixed",
      "22086/43 pure",
      "22086/43 mixed"
    ],
    "passed": true
  },
  "trivial_zero_shadow_population_count": 6,
  "trivial_zero_shadow_population": [
    "21983/35 pure",
    "21983/35 mixed",
    "21986/46 pure",
    "21989/55 pure",
    "21989/55 mixed",
    "d3d_shot_002495e835:146"
  ],
  "unavailable_separatrix_population_count": 7,
  "unavailable_separatrix_population": [
    "21985/51 pure",
    "21985/51 mixed",
    "21986/46 mixed",
    "d3d_shot_00000c4a7b:179",
    "d3d_shot_0003ff34e7:44",
    "d3d_shot_001554e054:144",
    "d3d_shot_0040ca9bdc:137"
  ],
  "converged_count": 2,
  "converged_population": [
    "22086/43 pure",
    "22086/43 mixed"
  ],
  "nonconverged_count": 15,
  "retained_failure_count": 2,
  "retained_failures": [
    {
      "identity": "21985/51 pure",
      "exception_class": "ValueError",
      "message": "closed separatrix is not an N-by-2 array"
    },
    {
      "identity": "21985/51 mixed",
      "exception_class": "ValueError",
      "message": "closed separatrix is not an N-by-2 array"
    }
  ],
  "source_authorities": {
    "diiid-topology-operands.metadata.json": {
      "source_identity": "sha256:3fdab4736efee529d48e952997034f3b76c1bb186a1021853e0f3c0566c7979e",
      "source_path": "benchmarks/diiid_forward_gs_match.py"
    },
    "mast-topology-operands.metadata.json": {
      "carrier": "1d2c4a2b2f448ab8f1ae981031bbaf85fe4ee87f8ed9606fe6847d0fc9f1e994",
      "source_identity": "sha256:bd78d3ddaaaef75d32c51af00399337652303aaddcd8aa899a7ecebb54392bae",
      "source_path": "docs/figures/primary-xpoint-evidence/efit_topology_corroboration.py"
    }
  },
  "strongest_evidence": {
    "22086/43 pure": {
      "total_shadow_cells": 43,
      "shadow_cells_inside_lcfs": 0,
      "shadow_cells_inside_closed_separatrix": 0,
      "converged": true
    },
    "22086/43 mixed": {
      "total_shadow_cells": 42,
      "shadow_cells_inside_lcfs": 0,
      "shadow_cells_inside_closed_separatrix": 0,
      "converged": true
    }
  }
}
EXIT_MARKER=0
BYTE_IDENTICAL_COPIES=38
GENERATION_LOG_IDENTICAL=1
EXIT_MARKER=0
