warning: `VIRTUAL_ENV=/home/ITER/mcintos/Code/reckon/.venv` does not match the project environment path `/home/ITER/mcintos/Code/nova/.venv` and will be ignored; use `--active` to target the active environment instead
MAST_OPERANDS 21978/35
MAST_OPERANDS 21983/35
MAST_OPERANDS 21985/51
MAST_OPERANDS 21986/46
MAST_OPERANDS 21989/55
MAST_OPERANDS 22086/43
Traceback (most recent call last):
  File "/home/ITER/mcintos/Code/.reckon-worktrees/nova-a0f1e0938fc2/d8-s16-landing/ebd-topology-panels-regenerate/docs/figures/topology-visual-corroboration/generate_topology_visuals.py", line 663, in <module>
    main()
    ~~~~^^
  File "/home/ITER/mcintos/Code/.reckon-worktrees/nova-a0f1e0938fc2/d8-s16-landing/ebd-topology-panels-regenerate/docs/figures/topology-visual-corroboration/generate_topology_visuals.py", line 637, in main
    else _diiid_rows()
         ~~~~~~~~~~~^^
  File "/home/ITER/mcintos/Code/.reckon-worktrees/nova-a0f1e0938fc2/d8-s16-landing/ebd-topology-panels-regenerate/docs/figures/topology-visual-corroboration/generate_topology_visuals.py", line 266, in _diiid_rows
    module = _diiid_module()
  File "/home/ITER/mcintos/Code/.reckon-worktrees/nova-a0f1e0938fc2/d8-s16-landing/ebd-topology-panels-regenerate/docs/figures/topology-visual-corroboration/generate_topology_visuals.py", line 249, in _diiid_module
    raise RuntimeError("DIII-D renderer injection seam changed")
RuntimeError: DIII-D renderer injection seam changed
EXIT_MARKER=1
RETRY current DIII-D return-seam extraction; reusing only the freshly rebuilt MAST cache from this run
warning: `VIRTUAL_ENV=/home/ITER/mcintos/Code/reckon/.venv` does not match the project environment path `/home/ITER/mcintos/Code/nova/.venv` and will be ignored; use `--active` to target the active environment instead
DIIID_OPERANDS 1/5 d3d_shot_00000c4a7b.parquet:179
01:01:04 INFO     Parsing data dictionary version 3.41.0 [90m@dd_zip.py:89[0m
INFO:imas.dd_zip:Parsing data dictionary version 3.41.0
Traceback (most recent call last):
  File "/home/ITER/mcintos/Code/.reckon-worktrees/nova-a0f1e0938fc2/d8-s16-landing/ebd-topology-panels-regenerate/docs/figures/topology-visual-corroboration/generate_topology_visuals.py", line 675, in <module>
    main()
    ~~~~^^
  File "/home/ITER/mcintos/Code/.reckon-worktrees/nova-a0f1e0938fc2/d8-s16-landing/ebd-topology-panels-regenerate/docs/figures/topology-visual-corroboration/generate_topology_visuals.py", line 649, in main
    else _diiid_rows()
         ~~~~~~~~~~~^^
  File "/home/ITER/mcintos/Code/.reckon-worktrees/nova-a0f1e0938fc2/d8-s16-landing/ebd-topology-panels-regenerate/docs/figures/topology-visual-corroboration/generate_topology_visuals.py", line 305, in _diiid_rows
    result, fields = module["solve_frame"](
                     ~~~~~~~~~~~~~~~~~~~~~^
        record,
        ^^^^^^^
        selected_frame.frame,
        ^^^^^^^^^^^^^^^^^^^^^
        module["REGISTERED_BASELINE_PSEUDO_WALL_EXPANSION"],
        ^^^^^^^^^^^^^^^^^^^^^^^^^^^^^^^^^^^^^^^^^^^^^^^^^^^^
    )
    ^
  File "/home/ITER/mcintos/Code/.reckon-worktrees/nova-a0f1e0938fc2/d8-s16-landing/ebd-topology-panels-regenerate/benchmarks/diiid_forward_gs_match.py", line 1497, in solve_frame
    row: dict[str, Any], frame: int, expansion: float, error: Exception
                                     ^^^^^^^^^^^^^^^^^^^^^^^^^^^^^^^^^^
  File "/home/ITER/mcintos/Code/.reckon-worktrees/nova-a0f1e0938fc2/d8-s16-landing/ebd-topology-panels-regenerate/nova/equilibrium/forward_operator.py", line 585, in read
    require_qualified_axis(admitted)
    ~~~~~~~~~~~~~~~~~~~~~~^^^^^^^^^^
  File "/home/ITER/mcintos/Code/.reckon-worktrees/nova-a0f1e0938fc2/d8-s16-landing/ebd-topology-panels-regenerate/nova/equilibrium/topology.py", line 96, in require_qualified_axis
    raise NoQualifiedAxisError(
        "no qualified magnetic-axis candidate has a resolved component"
    )
nova.equilibrium.topology.NoQualifiedAxisError: no qualified magnetic-axis candidate has a resolved component
EXIT_MARKER=1
