revision: 11985735c020a39df74f76c75cbe6354e0e67d36
tree: /home/ITER/mcintos/Code/.reckon-worktrees/nova-a0f1e0938fc2/s21-nova/ctta-explanatory-figure-polish
module_file: /home/ITER/mcintos/Code/.reckon-worktrees/nova-a0f1e0938fc2/s21-nova/ctta-explanatory-figure-polish/benchmarks/contour_tree_explanatory_figure.py
cwd: /home/ITER/mcintos/Code/.reckon-worktrees/nova-a0f1e0938fc2/s21-nova/ctta-explanatory-figure-polish
mutation: CONTOUR_TREE_FIGURE_FIXED_LABELS=1 restores the single (6,6) label offset
command: PYTHONPATH=/home/ITER/mcintos/Code/.reckon-worktrees/nova-a0f1e0938fc2/s21-nova/ctta-explanatory-figure-polish JAX_PLATFORMS=cpu CONTOUR_TREE_FIGURE_FIXED_LABELS=1 /home/ITER/mcintos/Code/nova/.venv/bin/python -m pytest -p no:cacheprovider --timeout 0 tests/test_contour_tree_explanatory_figure.py::test_graph_labels_do_not_collide
F                                                                        [100%]
=================================== FAILURES ===================================
_______________________ test_graph_labels_do_not_collide _______________________

    def test_graph_labels_do_not_collide():
        """No direct graph label overlaps another label or a node marker."""
    
        state = figure.build_state()
        rendered = plt.figure(figsize=(14.0, 8.0), dpi=figure.DEFAULT_INK.figure_dpi)
        panel = figure._draw_graph(rendered, state)
        rendered.canvas.draw()
        renderer = rendered.canvas.get_renderer()
        labels = _label_display_boxes(panel, renderer)
        markers = _marker_display_boxes(rendered, panel)
        assert len(labels) == 4, "expected four direct graph labels"
        assert len(markers) == len(state.nodes), "one marker per drawn node"
    
        for index in range(len(labels)):
            for other in range(index + 1, len(labels)):
>               assert not labels[index][1].overlaps(labels[other][1]), (
                    "graph labels %r and %r overlap" % (labels[index][0], labels[other][0])
                )
E               AssertionError: graph labels 'wall maximum' and 'outside (wall contact)' overlap
E               assert not np.True_
E                +  where np.True_ = overlaps(Bbox([[1335.132307692308, 422.97177122695194], [1545.8523076923077, 448.3584378936186]]))
E                +    where overlaps = Bbox([[1283.4400000000003, 422.97177122695194], [1431.16, 448.3584378936186]]).overlaps

tests/test_contour_tree_explanatory_figure.py:188: AssertionError
---------------------------- Captured stderr setup -----------------------------
22:57:12 INFO     Parsing data dictionary version 4.1.1 [90m@dd_zip.py:89[0m
=========================== short test summary info ============================
FAILED tests/test_contour_tree_explanatory_figure.py::test_graph_labels_do_not_collide
1 failed in 31.54s
EXIT=1
